Archive member included to satisfy reference by file (symbol)

d:/rt-thread/rt-threadstudio/repo/extract/toolchain_support_packages/arm/gnu_tools_for_arm_embedded_processors/10.2.1/bin/../lib/gcc/arm-none-eabi/10.2.1/../../../../arm-none-eabi/lib/thumb/v8-m.main+fp/hard\libc.a(lib_a-atof.o)
                              ./src/pid_config.o (atof)
d:/rt-thread/rt-threadstudio/repo/extract/toolchain_support_packages/arm/gnu_tools_for_arm_embedded_processors/10.2.1/bin/../lib/gcc/arm-none-eabi/10.2.1/../../../../arm-none-eabi/lib/thumb/v8-m.main+fp/hard\libc.a(lib_a-atoi.o)
                              ./src/alarm_count.o (atoi)
d:/rt-thread/rt-threadstudio/repo/extract/toolchain_support_packages/arm/gnu_tools_for_arm_embedded_processors/10.2.1/bin/../lib/gcc/arm-none-eabi/10.2.1/../../../../arm-none-eabi/lib/thumb/v8-m.main+fp/hard\libc.a(lib_a-exit.o)
                              d:/rt-thread/rt-threadstudio/repo/extract/toolchain_support_packages/arm/gnu_tools_for_arm_embedded_processors/10.2.1/bin/../lib/gcc/arm-none-eabi/10.2.1/../../../../arm-none-eabi/lib/thumb/v8-m.main+fp/hard/crt0.o (exit)
d:/rt-thread/rt-threadstudio/repo/extract/toolchain_support_packages/arm/gnu_tools_for_arm_embedded_processors/10.2.1/bin/../lib/gcc/arm-none-eabi/10.2.1/../../../../arm-none-eabi/lib/thumb/v8-m.main+fp/hard\libc.a(lib_a-impure.o)
                              d:/rt-thread/rt-threadstudio/repo/extract/toolchain_support_packages/arm/gnu_tools_for_arm_embedded_processors/10.2.1/bin/../lib/gcc/arm-none-eabi/10.2.1/../../../../arm-none-eabi/lib/thumb/v8-m.main+fp/hard\libc.a(lib_a-exit.o) (_global_impure_ptr)
d:/rt-thread/rt-threadstudio/repo/extract/toolchain_support_packages/arm/gnu_tools_for_arm_embedded_processors/10.2.1/bin/../lib/gcc/arm-none-eabi/10.2.1/../../../../arm-none-eabi/lib/thumb/v8-m.main+fp/hard\libc.a(lib_a-memcmp.o)
                              ./rt-thread/components/finsh/shell.o (memcmp)
d:/rt-thread/rt-threadstudio/repo/extract/toolchain_support_packages/arm/gnu_tools_for_arm_embedded_processors/10.2.1/bin/../lib/gcc/arm-none-eabi/10.2.1/../../../../arm-none-eabi/lib/thumb/v8-m.main+fp/hard\libc.a(lib_a-memcpy.o)
                              ./ra/fsp/src/r_sci_uart/r_sci_uart.o (memcpy)
d:/rt-thread/rt-threadstudio/repo/extract/toolchain_support_packages/arm/gnu_tools_for_arm_embedded_processors/10.2.1/bin/../lib/gcc/arm-none-eabi/10.2.1/../../../../arm-none-eabi/lib/thumb/v8-m.main+fp/hard\libc.a(lib_a-memset.o)
                              d:/rt-thread/rt-threadstudio/repo/extract/toolchain_support_packages/arm/gnu_tools_for_arm_embedded_processors/10.2.1/bin/../lib/gcc/arm-none-eabi/10.2.1/../../../../arm-none-eabi/lib/thumb/v8-m.main+fp/hard/crt0.o (memset)
d:/rt-thread/rt-threadstudio/repo/extract/toolchain_support_packages/arm/gnu_tools_for_arm_embedded_processors/10.2.1/bin/../lib/gcc/arm-none-eabi/10.2.1/../../../../arm-none-eabi/lib/thumb/v8-m.main+fp/hard\libc.a(lib_a-strcat.o)
                              ./rt-thread/components/drivers/sensors/sensor.o (strcat)
d:/rt-thread/rt-threadstudio/repo/extract/toolchain_support_packages/arm/gnu_tools_for_arm_embedded_processors/10.2.1/bin/../lib/gcc/arm-none-eabi/10.2.1/../../../../arm-none-eabi/lib/thumb/v8-m.main+fp/hard\libc.a(lib_a-strcmp.o)
                              ./src/pwm_config.o (strcmp)
d:/rt-thread/rt-threadstudio/repo/extract/toolchain_support_packages/arm/gnu_tools_for_arm_embedded_processors/10.2.1/bin/../lib/gcc/arm-none-eabi/10.2.1/../../../../arm-none-eabi/lib/thumb/v8-m.main+fp/hard\libc.a(lib_a-strcpy.o)
                              ./rt-thread/components/finsh/shell.o (strcpy)
d:/rt-thread/rt-threadstudio/repo/extract/toolchain_support_packages/arm/gnu_tools_for_arm_embedded_processors/10.2.1/bin/../lib/gcc/arm-none-eabi/10.2.1/../../../../arm-none-eabi/lib/thumb/v8-m.main+fp/hard\libc.a(lib_a-strlen-stub.o)
                              ./rt-thread/components/finsh/msh.o (strlen)
d:/rt-thread/rt-threadstudio/repo/extract/toolchain_support_packages/arm/gnu_tools_for_arm_embedded_processors/10.2.1/bin/../lib/gcc/arm-none-eabi/10.2.1/../../../../arm-none-eabi/lib/thumb/v8-m.main+fp/hard\libc.a(lib_a-strncmp.o)
                              ./rt-thread/components/finsh/msh.o (strncmp)
d:/rt-thread/rt-threadstudio/repo/extract/toolchain_support_packages/arm/gnu_tools_for_arm_embedded_processors/10.2.1/bin/../lib/gcc/arm-none-eabi/10.2.1/../../../../arm-none-eabi/lib/thumb/v8-m.main+fp/hard\libc.a(lib_a-strncpy.o)
                              ./rt-thread/components/finsh/shell.o (strncpy)
d:/rt-thread/rt-threadstudio/repo/extract/toolchain_support_packages/arm/gnu_tools_for_arm_embedded_processors/10.2.1/bin/../lib/gcc/arm-none-eabi/10.2.1/../../../../arm-none-eabi/lib/thumb/v8-m.main+fp/hard\libc.a(lib_a-strtod.o)
[...]
Memory Configuration

Name             Origin             Length             Attributes
FLASH            0x00000000         0x00100000         xr
RAM              0x20000000         0x00040000         xrw
DATA_FLASH       0x08000000         0x00002000         xr
QSPI_FLASH       0x60000000         0x04000000         xr
OSPI_DEVICE_0    0x68000000         0x08000000         xr
OSPI_DEVICE_1    0x70000000         0x10000000         xr
OSPI_DEVICE_0_RAM 0x68000000         0x08000000         xrw
OSPI_DEVICE_1_RAM 0x70000000         0x10000000         xrw
SDRAM            0x90000000         0x00000000         xrw
OPTION_SETTING   0x0100a100         0x00000100         r
OPTION_SETTING_S 0x0100a200         0x00000100         r
ID_CODE          0x00000000         0x00000000         xr
*default*        0x00000000         0xffffffff

Linker script and memory map

LOAD d:/rt-thread/rt-threadstudio/repo/extract/toolchain_support_packages/arm/gnu_tools_for_arm_embedded_processors/10.2.1/bin/../lib/gcc/arm-none-eabi/10.2.1/thumb/v8-m.main+fp/hard/crti.o
LOAD d:/rt-thread/rt-threadstudio/repo/extract/toolchain_support_packages/arm/gnu_tools_for_arm_embedded_processors/10.2.1/bin/../lib/gcc/arm-none-eabi/10.2.1/thumb/v8-m.main+fp/hard/crtbegin.o
LOAD d:/rt-thread/rt-threadstudio/repo/extract/toolchain_support_packages/arm/gnu_tools_for_arm_embedded_processors/10.2.1/bin/../lib/gcc/arm-none-eabi/10.2.1/../../../../arm-none-eabi/lib/thumb/v8-m.main+fp/hard/crt0.o
LOAD ./src/alarm_count.o
LOAD ./src/controller.o
LOAD ./src/encoder_cb.o
LOAD ./src/hal_entry.o
LOAD ./src/mpu6050.o
LOAD ./src/pid.o
LOAD ./src/pid_config.o
LOAD ./src/pwm_config.o
LOAD ./src/uart_raspi.o
LOAD ./rt-thread/src/clock.o
LOAD ./rt-thread/src/components.o
LOAD ./rt-thread/src/device.o
LOAD ./rt-thread/src/idle.o
LOAD ./rt-thread/src/ipc.o
LOAD ./rt-thread/src/irq.o
LOAD ./rt-thread/src/kservice.o
LOAD ./rt-thread/src/mem.o
LOAD ./rt-thread/src/object.o
LOAD ./rt-thread/src/scheduler.o
LOAD ./rt-thread/src/thread.o
LOAD ./rt-thread/src/timer.o
LOAD ./rt-thread/libcpu/arm/cortex-m4/context_gcc.o
LOAD ./rt-thread/libcpu/arm/cortex-m4/cpuport.o
LOAD ./rt-thread/libcpu/arm/common/backtrace.o
LOAD ./rt-thread/libcpu/arm/common/div0.o
LOAD ./rt-thread/libcpu/arm/common/showmem.o
LOAD ./rt-thread/components/utilities/ulog/backend/console_be.o
LOAD ./rt-thread/components/utilities/ulog/ulog.o
LOAD ./rt-thread/components/libc/compilers/newlib/syscalls.o
LOAD ./rt-thread/components/libc/compilers/common/stdlib.o
LOAD ./rt-thread/components/libc/compilers/common/time.o
LOAD ./rt-thread/components/finsh/cmd.o
LOAD ./rt-thread/components/finsh/msh.o
LOAD ./rt-thread/components/finsh/shell.o
LOAD ./rt-thread/components/drivers/serial/serial_v2.o
LOAD ./rt-thread/components/drivers/sensors/sensor.o
LOAD ./rt-thread/components/drivers/sensors/sensor_cmd.o
LOAD ./rt-thread/components/drivers/rtc/rtc.o
LOAD ./rt-thread/components/drivers/rtc/soft_rtc.o
LOAD ./rt-thread/components/drivers/misc/pin.o
LOAD ./rt-thread/components/drivers/misc/pulse_encoder.o
LOAD ./rt-thread/components/drivers/misc/rt_drv_pwm.o
LOAD ./rt-thread/components/drivers/ipc/completion.o
LOAD ./rt-thread/components/drivers/ipc/dataqueue.o
LOAD ./rt-thread/components/drivers/ipc/pipe.o
LOAD ./rt-thread/components/drivers/ipc/ringblk_buf.o
LOAD ./rt-thread/components/drivers/ipc/ringbuffer.o
LOAD ./rt-thread/components/drivers/ipc/waitqueue.o
LOAD ./rt-thread/components/drivers/ipc/workqueue.o
LOAD ./rt-thread/components/drivers/i2c/i2c-bit-ops.o
LOAD ./rt-thread/components/drivers/i2c/i2c_core.o
LOAD ./rt-thread/components/drivers/i2c/i2c_dev.o
LOAD ./rt-thread/components/drivers/hwtimer/hwtimer.o
LOAD ./ra_gen/common_data.o
LOAD ./ra_gen/hal_data.o
LOAD ./ra_gen/main.o
LOAD ./ra_gen/pin_data.o
LOAD ./ra_gen/vector_data.o
LOAD ./ra/fsp/src/r_sci_uart/r_sci_uart.o
LOAD ./ra/fsp/src/r_ioport/r_ioport.o
LOAD ./ra/fsp/src/r_iic_master/r_iic_master.o
LOAD ./ra/fsp/src/r_icu/r_icu.o
LOAD ./ra/fsp/src/r_gpt/r_gpt.o
LOAD ./ra/fsp/src/bsp/mcu/all/bsp_clocks.o
LOAD ./ra/fsp/src/bsp/mcu/all/bsp_common.o
LOAD ./ra/fsp/src/bsp/mcu/all/bsp_delay.o
LOAD ./ra/fsp/src/bsp/mcu/all/bsp_group_irq.o
LOAD ./ra/fsp/src/bsp/mcu/all/bsp_guard.o
LOAD ./ra/fsp/src/bsp/mcu/all/bsp_io.o
LOAD ./ra/fsp/src/bsp/mcu/all/bsp_irq.o
LOAD ./ra/fsp/src/bsp/mcu/all/bsp_register_protection.o
LOAD ./ra/fsp/src/bsp/mcu/all/bsp_rom_registers.o
LOAD ./ra/fsp/src/bsp/mcu/all/bsp_sbrk.o
LOAD ./ra/fsp/src/bsp/mcu/all/bsp_security.o
LOAD ./ra/fsp/src/bsp/cmsis/Device/RENESAS/Source/startup.o
LOAD ./ra/fsp/src/bsp/cmsis/Device/RENESAS/Source/system.o
LOAD ./packages/mpu6xxx-latest/src/mpu6xxx.o
LOAD ./packages/mpu6xxx-latest/src/sensor_inven_mpu6xxx.o
LOAD ./libraries/HAL_Drivers/drv_common.o
LOAD ./libraries/HAL_Drivers/drv_gpio.o
LOAD ./libraries/HAL_Drivers/drv_pwm.o
LOAD ./libraries/HAL_Drivers/drv_soft_i2c.o
LOAD ./libraries/HAL_Drivers/drv_usart_v2.o
LOAD ./board/ports/drv_rw007.o
LOAD d:/rt-thread/rt-threadstudio/repo/extract/toolchain_support_packages/arm/gnu_tools_for_arm_embedded_processors/10.2.1/bin/../lib/gcc/arm-none-eabi/10.2.1/../../../../arm-none-eabi/lib/thumb/v8-m.main+fp/hard\libm.a
LOAD d:/rt-thread/rt-threadstudio/repo/extract/toolchain_support_packages/arm/gnu_tools_for_arm_embedded_processors/10.2.1/bin/../lib/gcc/arm-none-eabi/10.2.1/../../../../arm-none-eabi/lib/thumb/v8-m.main+fp/hard\libc.a
START GROUP
LOAD d:/rt-thread/rt-threadstudio/repo/extract/toolchain_support_packages/arm/gnu_tools_for_arm_embedded_processors/10.2.1/bin/../lib/gcc/arm-none-eabi/10.2.1/thumb/v8-m.main+fp/hard\libgcc.a
LOAD d:/rt-thread/rt-threadstudio/repo/extract/toolchain_support_packages/arm/gnu_tools_for_arm_embedded_processors/10.2.1/bin/../lib/gcc/arm-none-eabi/10.2.1/../../../../arm-none-eabi/lib/thumb/v8-m.main+fp/hard\libc.a
END GROUP
LOAD d:/rt-thread/rt-threadstudio/repo/extract/toolchain_support_packages/arm/gnu_tools_for_arm_embedded_processors/10.2.1/bin/../lib/gcc/arm-none-eabi/10.2.1/thumb/v8-m.main+fp/hard/crtend.o
LOAD d:/rt-thread/rt-threadstudio/repo/extract/toolchain_support_packages/arm/gnu_tools_for_arm_embedded_processors/10.2.1/bin/../lib/gcc/arm-none-eabi/10.2.1/thumb/v8-m.main+fp/hard/crtn.o
                0x20000000                RAM_START = 0x20000000
                0x00040000                RAM_LENGTH = 0x40000
                0x00000000                FLASH_START = 0x0
                0x00100000                FLASH_LENGTH = 0x100000
                0x08000000                DATA_FLASH_START = 0x8000000
                0x00002000                DATA_FLASH_LENGTH = 0x2000
                0x0100a100                OPTION_SETTING_START = 0x100a100
                0x00000100                OPTION_SETTING_LENGTH = 0x100
                0x0100a200                OPTION_SETTING_S_START = 0x100a200
                0x00000100                OPTION_SETTING_S_LENGTH = 0x100
                0x00000000                ID_CODE_START = 0x0
                0x00000000                ID_CODE_LENGTH = 0x0
                0x90000000                SDRAM_START = 0x90000000
                0x00000000                SDRAM_LENGTH = 0x0
                0x60000000                QSPI_FLASH_START = 0x60000000
                0x04000000                QSPI_FLASH_LENGTH = 0x4000000
                0x68000000                OSPI_DEVICE_0_START = 0x68000000
                0x08000000                OSPI_DEVICE_0_LENGTH = 0x8000000
                0x70000000                OSPI_DEVICE_1_START = 0x70000000
                0x10000000                OSPI_DEVICE_1_LENGTH = 0x10000000
                0x04000000                QSPI_FLASH_PRV_LENGTH = DEFINED (QSPI_FLASH_SIZE)?ABSOLUTE (QSPI_FLASH_SIZE):ABSOLUTE (QSPI_FLASH_LENGTH)
                0x08000000                OSPI_DEVICE_0_PRV_LENGTH = DEFINED (OSPI_DEVICE_0_SIZE)?ABSOLUTE (OSPI_DEVICE_0_SIZE):ABSOLUTE (OSPI_DEVICE_0_LENGTH)
                0x10000000                OSPI_DEVICE_1_PRV_LENGTH = DEFINED (OSPI_DEVICE_1_SIZE)?ABSOLUTE (OSPI_DEVICE_1_SIZE):ABSOLUTE (OSPI_DEVICE_1_LENGTH)
                0x00000000                __RESERVE_NS_RAM = ((! (DEFINED (PROJECT_NONSECURE)) && DEFINED (RAM_NS_BUFFER_LENGTH)) && (OPTION_SETTING_S_LENGTH != 0x0))
                0x00000000                RAM_NS_BUFFER_BLOCK_LENGTH = DEFINED (RAM_NS_BUFFER_LENGTH)?ALIGN (RAM_NS_BUFFER_LENGTH, 0x2000):0x0
                0x00000000                RAM_NS_BUFFER_LENGTH = DEFINED (RAM_NS_BUFFER_LENGTH)?RAM_NS_BUFFER_LENGTH:0x0
                0x20040000                RAM_NS_BUFFER_START = ((RAM_START + RAM_LENGTH) - RAM_NS_BUFFER_LENGTH)
                0x20040000                RAM_NS_BUFFER_BLOCK_START = ((RAM_START + RAM_LENGTH) - RAM_NS_BUFFER_BLOCK_LENGTH)
                0x0100a180                OPTION_SETTING_START_NS = 0x100a180
                0x00000001                __bl_FSP_BOOTABLE_IMAGE = 0x1
                0x00000001                __bln_FSP_BOOTABLE_IMAGE = 0x1
                0x00000001                PROJECT_SECURE_OR_FLAT = ((! (DEFINED (PROJECT_NONSECURE)) && OPTION_SETTING_LENGTH) && ! (DEFINED (FSP_BOOTABLE_IMAGE)))
                0x00000000                USE_OPTION_SETTING_NS = (DEFINED (PROJECT_NONSECURE) && ! (DEFINED (FSP_BOOTABLE_IMAGE)))
                0x00000000                __bl_FLASH_IMAGE_START = ! (DEFINED (FLASH_BOOTLOADER_LENGTH))?0x0:(FLASH_APPLICATION_IMAGE_NUMBER == 0x1)?(FLASH_BOOTLOADER_LENGTH + FLASH_BOOTLOADER_HEADER_LENGTH):(((FLASH_BOOTLOADER_LENGTH + FLASH_BOOTLOADER_SCRATCH_LENGTH) + FLASH_APPLICATION_S_LENGTH) + FLASH_BOOTLOADER_HEADER_LENGTH)
                0x00000000                __bl_FLASH_IMAGE_LENGTH = ! (DEFINED (FLASH_BOOTLOADER_LENGTH))?0x0:(FLASH_APPLICATION_S_LENGTH - FLASH_BOOTLOADER_HEADER_LENGTH)
                0x00000000                __bl_FLASH_IMAGE_END = (__bl_FLASH_IMAGE_START + __bl_FLASH_IMAGE_LENGTH)
                0x00000000                __bl_FLASH_NS_START = ! (DEFINED (FLASH_BOOTLOADER_LENGTH))?0x0:(FLASH_APPLICATION_NS_LENGTH == 0x0)?__bl_FLASH_IMAGE_END:((__bl_FLASH_IMAGE_START - FLASH_BOOTLOADER_HEADER_LENGTH) + FLASH_APPLICATION_S_LENGTH)
                0x00000000                __bl_FLASH_NSC_START = ! (DEFINED (FLASH_BOOTLOADER_LENGTH))?0x0:(FLASH_APPLICATION_NS_LENGTH == 0x0)?__bl_FLASH_IMAGE_END:(__bl_FLASH_NS_START - FLASH_APPLICATION_NSC_LENGTH)
                0x00000000                __bl_RAM_NS_START = ! (DEFINED (FLASH_BOOTLOADER_LENGTH))?0x0:(FLASH_APPLICATION_NS_LENGTH == 0x0)?(RAM_START + RAM_LENGTH):((RAM_START + RAM_LENGTH) - RAM_APPLICATION_NS_LENGTH)
                0x00000000                __bl_RAM_NSC_START = ! (DEFINED (FLASH_BOOTLOADER_LENGTH))?0x0:(FLASH_APPLICATION_NS_LENGTH == 0x0)?(RAM_START + RAM_LENGTH):(__bl_RAM_NS_START - RAM_APPLICATION_NSC_LENGTH)
                0x00000000                __bl_FLASH_NS_IMAGE_START = ! (DEFINED (FLASH_BOOTLOADER_LENGTH))?0x0:(FLASH_APPLICATION_NS_LENGTH == 0x0)?__bl_FLASH_IMAGE_END:(__bl_FLASH_NS_START + FLASH_BOOTLOADER_HEADER_LENGTH_2)
                0x00000000                __bln_FLASH_IMAGE_START = __bl_FLASH_NS_IMAGE_START
                0x00000000                __bln_FLASH_IMAGE_LENGTH = ! (DEFINED (FLASH_BOOTLOADER_LENGTH))?0x0:(FLASH_APPLICATION_NS_LENGTH == 0x0)?__bl_FLASH_IMAGE_END:(FLASH_APPLICATION_NS_LENGTH - FLASH_BOOTLOADER_HEADER_LENGTH_2)
                0x00000000                FLASH_ORIGIN = DEFINED (FLASH_IMAGE_START)?FLASH_IMAGE_START:FLASH_START
                0x00100000                LIMITED_FLASH_LENGTH = DEFINED (FLASH_IMAGE_LENGTH)?FLASH_IMAGE_LENGTH:DEFINED (FLASH_BOOTLOADER_LENGTH)?FLASH_BOOTLOADER_LENGTH:FLASH_LENGTH
START GROUP
LOAD d:/rt-thread/rt-threadstudio/repo/extract/toolchain_support_packages/arm/gnu_tools_for_arm_embedded_processors/10.2.1/bin/../lib/gcc/arm-none-eabi/10.2.1/thumb/v8-m.main+fp/hard\libgcc.a
LOAD d:/rt-thread/rt-threadstudio/repo/extract/toolchain_support_packages/arm/gnu_tools_for_arm_embedded_processors/10.2.1/bin/../lib/gcc/arm-none-eabi/10.2.1/../../../../arm-none-eabi/lib/thumb/v8-m.main+fp/hard\libc.a
LOAD d:/rt-thread/rt-threadstudio/repo/extract/toolchain_support_packages/arm/gnu_tools_for_arm_embedded_processors/10.2.1/bin/../lib/gcc/arm-none-eabi/10.2.1/../../../../arm-none-eabi/lib/thumb/v8-m.main+fp/hard\libm.a
LOAD d:/rt-thread/rt-threadstudio/repo/extract/toolchain_support_packages/arm/gnu_tools_for_arm_embedded_processors/10.2.1/bin/../lib/gcc/arm-none-eabi/10.2.1/../../../../arm-none-eabi/lib/thumb/v8-m.main+fp/hard\libnosys.a
END GROUP

.text           0x00000000    0x1adf0
                0x00000000                __tz_FLASH_S = ABSOLUTE (FLASH_START)
                0x00000000                __ROM_Start = .
 *(.fixed_vectors*)
 .fixed_vectors
                0x00000000       0x40 ./ra/fsp/src/bsp/cmsis/Device/RENESAS/Source/startup.o
                0x00000000                __Vectors
 *(.application_vectors*)
 .application_vectors
                0x00000040      0x180 ./ra_gen/vector_data.o
                0x00000040                g_vector_table
                0x000001c0                __Vectors_End = .
                0x000001c0                . = (OPTION_SETTING_LENGTH > 0x0)?.:(__ROM_Start + 0x400)
 *(.rom_registers*)
                0x000001c0                . = (OPTION_SETTING_LENGTH > 0x0)?.:(__ROM_Start + 0x500)
                0x00000200                . = ALIGN (0x80)
 *fill*         0x000001c0       0x40 ff
 *(.mcuboot_sce9_key*)
 *(.text*)
 .text          0x00000200       0x40 d:/rt-thread/rt-threadstudio/repo/extract/toolchain_support_packages/arm/gnu_tools_for_arm_embedded_processors/10.2.1/bin/../lib/gcc/arm-none-eabi/10.2.1/thumb/v8-m.main+fp/hard/crtbegin.o
 .text.set_datetime
                0x00000240       0xc4 ./src/alarm_count.o
 .text.car_init
                0x00000304       0xe8 ./src/controller.o
                0x00000304                car_init
 .text.car_start
                0x000003ec       0x44 ./src/controller.o
                0x000003ec                car_start
 .text.car_stop
                0x00000430       0x40 ./src/controller.o
                0x00000430                car_stop
 .text.car_forward
                0x00000470       0x9c ./src/controller.o
                0x00000470                car_forward
 .text.car_backup
                0x0000050c       0x9c ./src/controller.o
                0x0000050c                car_backup
 .text.car_TL   0x000005a8       0xfc ./src/controller.o
                0x000005a8                car_TL
 .text.car_TR   0x000006a4       0xfc ./src/controller.o
                0x000006a4                car_TR
 .text.car_left
                0x000007a0       0xd0 ./src/controller.o
                0x000007a0                car_left
 .text.car_right
                0x00000870       0xd0 ./src/controller.o
                0x00000870                car_right
 .text.car_turn
                0x00000940      0x17c ./src/controller.o
                0x00000940                car_turn
 .text.exit1_callback
                0x00000abc      0x254 ./src/encoder_cb.o
                0x00000abc                exit1_callback
 .text.exit4_callback
                0x00000d10      0x264 ./src/encoder_cb.o
                0x00000d10                exit4_callback
 .text.hal_entry
                0x00000f74      0x15c ./src/hal_entry.o
                0x00000f74                hal_entry
 .text.irq_callback_test
                0x000010d0       0x1c ./src/hal_entry.o
                0x000010d0                irq_callback_test
 .text.icu_sample
                0x000010ec       0x68 ./src/hal_entry.o
                0x000010ec                icu_sample
 .text.mpu6050_RD_thread_entry
                0x00001154       0xb0 ./src/mpu6050.o
                0x00001154                mpu6050_RD_thread_entry
 .text.mpu6050_RD
                0x00001204       0x84 ./src/mpu6050.o
                0x00001204                mpu6050_RD
 .text.pid_set  0x00001288       0xc4 ./src/pid_config.o
                0x00001288                pid_set
 .text.pwm_init
                0x0000134c      0x164 ./src/pwm_config.o
                0x0000134c                pwm_init
 .text.pwm_ex_set_pulse
                0x000014b0      0x114 ./src/pwm_config.o
                0x000014b0                pwm_ex_set_pulse
 .text.pwm_set_pulse
                0x000015c4       0x44 ./src/pwm_config.o
                0x000015c4                pwm_set_pulse
 .text.pwm_disable
                0x00001608       0x20 ./src/pwm_config.o
                0x00001608                pwm_disable
 .text.uart_input
                0x00001628       0x28 ./src/uart_raspi.o
 .text.uart_getchar
                0x00001650       0x44 ./src/uart_raspi.o
 .text.uart_raspi_thread_entry
                0x00001694      0x15c ./src/uart_raspi.o
 .text.uart_raspi_init
                0x000017f0       0xf4 ./src/uart_raspi.o
                0x000017f0                uart_raspi_init
 .text.rt_tick_get
                0x000018e4       0x18 ./rt-thread/src/clock.o
                0x000018e4                rt_tick_get
 .text.rt_tick_increase
                0x000018fc       0x7c ./rt-thread/src/clock.o
                0x000018fc                rt_tick_increase
 .text.rt_tick_from_millisecond
                0x00001978       0x78 ./rt-thread/src/clock.o
                0x00001978                rt_tick_from_millisecond
 .text.rti_start
                0x000019f0       0x10 ./rt-thread/src/components.o
 .text.rti_board_start
                0x00001a00       0x10 ./rt-thread/src/components.o
 .text.rti_board_end
                0x00001a10       0x10 ./rt-thread/src/components.o
 .text.rti_end  0x00001a20       0x10 ./rt-thread/src/components.o
 .text.rt_components_board_init
                0x00001a30       0x34 ./rt-thread/src/components.o
                0x00001a30                rt_components_board_init
 .text.rt_components_init
                0x00001a64       0x34 ./rt-thread/src/components.o
                0x00001a64                rt_components_init
 .text.entry    0x00001a98        0xe ./rt-thread/src/components.o
                0x00001a98                entry
 .text.main_thread_entry
                0x00001aa6       0x18 ./rt-thread/src/components.o
                0x00001aa6                main_thread_entry
 *fill*         0x00001abe        0x2 ff
 .text.rt_application_init
                0x00001ac0       0x4c ./rt-thread/src/components.o
                0x00001ac0                rt_application_init
 .text.rtthread_startup
                0x00001b0c       0x2e ./rt-thread/src/components.o
                0x00001b0c                rtthread_startup
 .text.rt_device_register
                0x00001b3a       0x54 ./rt-thread/src/device.o
                0x00001b3a                rt_device_register
 .text.rt_device_find
                0x00001b8e       0x1a ./rt-thread/src/device.o
                0x00001b8e                rt_device_find
 .text.rt_device_open
                0x00001ba8      0x108 ./rt-thread/src/device.o
                0x00001ba8                rt_device_open
 .text.rt_device_close
                0x00001cb0       0x9c ./rt-thread/src/device.o
                0x00001cb0                rt_device_close
 .text.rt_device_read
                0x00001d4c       0x88 ./rt-thread/src/device.o
                0x00001d4c                rt_device_read
 .text.rt_device_write
                0x00001dd4       0x88 ./rt-thread/src/device.o
                0x00001dd4                rt_device_write
 .text.rt_device_control
                0x00001e5c       0x68 ./rt-thread/src/device.o
                0x00001e5c                rt_device_control
 .text.rt_device_set_rx_indicate
                0x00001ec4       0x54 ./rt-thread/src/device.o
                0x00001ec4                rt_device_set_rx_indicate
 .text.rt_list_insert_after
                0x00001f18       0x32 ./rt-thread/src/idle.o
 .text.rt_list_remove
                0x00001f4a       0x36 ./rt-thread/src/idle.o
 .text.rt_thread_defunct_enqueue
                0x00001f80       0x20 ./rt-thread/src/idle.o
                0x00001f80                rt_thread_defunct_enqueue
 .text.rt_thread_defunct_dequeue
                0x00001fa0       0x44 ./rt-thread/src/idle.o
                0x00001fa0                rt_thread_defunct_dequeue
 .text.rt_defunct_execute
                0x00001fe4       0x54 ./rt-thread/src/idle.o
 .text.rt_thread_idle_entry
                0x00002038       0x38 ./rt-thread/src/idle.o
 .text.rt_thread_idle_init
                0x00002070       0x78 ./rt-thread/src/idle.o
                0x00002070                rt_thread_idle_init
 .text.rt_list_init
                0x000020e8       0x22 ./rt-thread/src/ipc.o
 .text.rt_list_insert_before
                0x0000210a       0x32 ./rt-thread/src/ipc.o
 .text.rt_list_isempty
                0x0000213c       0x24 ./rt-thread/src/ipc.o
 .text._ipc_object_init
                0x00002160       0x1c ./rt-thread/src/ipc.o
 .text._ipc_list_suspend
                0x0000217c       0xa4 ./rt-thread/src/ipc.o
 .text._ipc_list_resume
                0x00002220       0x20 ./rt-thread/src/ipc.o
 .text.rt_sem_init
                0x00002240       0x88 ./rt-thread/src/ipc.o
                0x00002240                rt_sem_init
 .text.rt_sem_create
                0x000022c8       0xac ./rt-thread/src/ipc.o
                0x000022c8                rt_sem_create
 .text.rt_sem_take
                0x00002374      0x190 ./rt-thread/src/ipc.o
                0x00002374                rt_sem_take
 .text.rt_sem_release
                0x00002504       0xbc ./rt-thread/src/ipc.o
                0x00002504                rt_sem_release
 .text.rt_mutex_init
                0x000025c0       0x64 ./rt-thread/src/ipc.o
                0x000025c0                rt_mutex_init
 .text.rt_mutex_take
                0x00002624      0x21c ./rt-thread/src/ipc.o
                0x00002624                rt_mutex_take
 .text.rt_mutex_release
                0x00002840      0x1bc ./rt-thread/src/ipc.o
                0x00002840                rt_mutex_release
 .text.rt_interrupt_enter
                0x000029fc       0x40 ./rt-thread/src/irq.o
                0x000029fc                rt_interrupt_enter
 .text.rt_interrupt_leave
                0x00002a3c       0x40 ./rt-thread/src/irq.o
                0x00002a3c                rt_interrupt_leave
 .text.rt_interrupt_get_nest
                0x00002a7c       0x28 ./rt-thread/src/irq.o
                0x00002a7c                rt_interrupt_get_nest
 .text.rt_set_errno
                0x00002aa4       0x40 ./rt-thread/src/kservice.o
                0x00002aa4                rt_set_errno
 .text._rt_errno
                0x00002ae4       0x34 ./rt-thread/src/kservice.o
                0x00002ae4                _rt_errno
 .text.rt_memset
                0x00002b18       0xb6 ./rt-thread/src/kservice.o
                0x00002b18                rt_memset
 .text.rt_memcpy
                0x00002bce       0xd2 ./rt-thread/src/kservice.o
                0x00002bce                rt_memcpy
 .text.rt_memmove
                0x00002ca0       0x82 ./rt-thread/src/kservice.o
                0x00002ca0                rt_memmove
 .text.rt_strncpy
                0x00002d22       0x64 ./rt-thread/src/kservice.o
                0x00002d22                rt_strncpy
 .text.rt_strncmp
                0x00002d86       0x4a ./rt-thread/src/kservice.o
                0x00002d86                rt_strncmp
 .text.rt_strlen
                0x00002dd0       0x2e ./rt-thread/src/kservice.o
                0x00002dd0                rt_strlen
 *fill*         0x00002dfe        0x2 ff
 .text.rt_show_version
                0x00002e00       0x4c ./rt-thread/src/kservice.o
                0x00002e00                rt_show_version
 .text.divide   0x00002e4c       0x68 ./rt-thread/src/kservice.o
 .text.skip_atoi
                0x00002eb4       0x40 ./rt-thread/src/kservice.o
 .text.print_number
                0x00002ef4      0x1dc ./rt-thread/src/kservice.o
 .text.rt_vsnprintf
                0x000030d0      0x4ac ./rt-thread/src/kservice.o
                0x000030d0                rt_vsnprintf
 .text.rt_vsprintf
                0x0000357c       0x24 ./rt-thread/src/kservice.o
                0x0000357c                rt_vsprintf
 .text.rt_sprintf
                0x000035a0       0x2c ./rt-thread/src/kservice.o
                0x000035a0                rt_sprintf
 .text.rt_console_get_device
                0x000035cc       0x18 ./rt-thread/src/kservice.o
                0x000035cc                rt_console_get_device
 .text.rt_console_set_device
                0x000035e4       0x58 ./rt-thread/src/kservice.o
                0x000035e4                rt_console_set_device
 .text.rt_hw_console_output
                0x0000363c       0x14 ./rt-thread/src/kservice.o
                0x0000363c                rt_hw_console_output
 .text.rt_kputs
                0x00003650       0x44 ./rt-thread/src/kservice.o
                0x00003650                rt_kputs
 .text.rt_kprintf
                0x00003694       0x60 ./rt-thread/src/kservice.o
                0x00003694                rt_kprintf
 .text._heap_lock_init
                0x000036f4       0x1c ./rt-thread/src/kservice.o
 .text._heap_lock
                0x00003710       0x28 ./rt-thread/src/kservice.o
 .text._heap_unlock
                0x00003738       0x40 ./rt-thread/src/kservice.o
 .text._smem_info
                0x00003778       0x4c ./rt-thread/src/kservice.o
 .text.rt_system_heap_init
                0x000037c4       0x64 ./rt-thread/src/kservice.o
                0x000037c4                rt_system_heap_init
 .text.rt_malloc
                0x00003828       0x48 ./rt-thread/src/kservice.o
                0x00003828                rt_malloc
 .text.rt_calloc
                0x00003870       0x3c ./rt-thread/src/kservice.o
                0x00003870                rt_calloc
 .text.rt_free  0x000038ac       0x38 ./rt-thread/src/kservice.o
                0x000038ac                rt_free
 .text.rt_memory_info
                0x000038e4       0x2a ./rt-thread/src/kservice.o
                0x000038e4                rt_memory_info
 *fill*         0x0000390e        0x2 ff
 .text.rt_assert_handler
                0x00003910       0x4c ./rt-thread/src/kservice.o
                0x00003910                rt_assert_handler
 .text.plug_holes
                0x0000395c       0xf8 ./rt-thread/src/mem.o
 .text.rt_smem_init
                0x00003a54      0x104 ./rt-thread/src/mem.o
                0x00003a54                rt_smem_init
 .text.rt_smem_alloc
                0x00003b58      0x268 ./rt-thread/src/mem.o
                0x00003b58                rt_smem_alloc
 .text.rt_smem_free
                0x00003dc0      0x140 ./rt-thread/src/mem.o
                0x00003dc0                rt_smem_free
 .text.rt_list_insert_after
                0x00003f00       0x32 ./rt-thread/src/object.o
 .text.rt_list_remove
                0x00003f32       0x36 ./rt-thread/src/object.o
 .text.rt_object_get_information
                0x00003f68       0x48 ./rt-thread/src/object.o
                0x00003f68                rt_object_get_information
 .text.rt_object_init
                0x00003fb0       0xcc ./rt-thread/src/object.o
                0x00003fb0                rt_object_init
 .text.rt_object_detach
                0x0000407c       0x5c ./rt-thread/src/object.o
                0x0000407c                rt_object_detach
 .text.rt_object_allocate
                0x000040d8       0xd8 ./rt-thread/src/object.o
                0x000040d8                rt_object_allocate
 .text.rt_object_delete
                0x000041b0       0x7c ./rt-thread/src/object.o
                0x000041b0                rt_object_delete
 .text.rt_object_is_systemobject
                0x0000422c       0x3c ./rt-thread/src/object.o
                0x0000422c                rt_object_is_systemobject
 .text.rt_object_get_type
                0x00004268       0x34 ./rt-thread/src/object.o
                0x00004268                rt_object_get_type
 .text.rt_object_find
                0x0000429c       0xb4 ./rt-thread/src/object.o
                0x0000429c                rt_object_find
 .text.rt_list_init
                0x00004350       0x22 ./rt-thread/src/scheduler.o
 .text.rt_list_insert_before
                0x00004372       0x32 ./rt-thread/src/scheduler.o
 .text.rt_list_remove
                0x000043a4       0x36 ./rt-thread/src/scheduler.o
 .text.rt_list_isempty
                0x000043da       0x24 ./rt-thread/src/scheduler.o
 *fill*         0x000043fe        0x2 ff
 .text._rt_scheduler_stack_check
                0x00004400       0x94 ./rt-thread/src/scheduler.o
 .text._scheduler_get_highest_priority_thread
                0x00004494       0x38 ./rt-thread/src/scheduler.o
 .text.rt_system_scheduler_init
                0x000044cc       0x38 ./rt-thread/src/scheduler.o
                0x000044cc                rt_system_scheduler_init
 .text.rt_system_scheduler_start
                0x00004504       0x38 ./rt-thread/src/scheduler.o
                0x00004504                rt_system_scheduler_start
 .text.rt_schedule
                0x0000453c      0x19c ./rt-thread/src/scheduler.o
                0x0000453c                rt_schedule
 .text.rt_schedule_insert_thread
                0x000046d8       0xac ./rt-thread/src/scheduler.o
                0x000046d8                rt_schedule_insert_thread
 .text.rt_schedule_remove_thread
                0x00004784       0x70 ./rt-thread/src/scheduler.o
                0x00004784                rt_schedule_remove_thread
 .text.rt_enter_critical
                0x000047f4       0x2c ./rt-thread/src/scheduler.o
                0x000047f4                rt_enter_critical
 .text.rt_exit_critical
                0x00004820       0x54 ./rt-thread/src/scheduler.o
                0x00004820                rt_exit_critical
 .text.rt_critical_level
                0x00004874       0x1c ./rt-thread/src/scheduler.o
                0x00004874                rt_critical_level
 .text.rt_list_init
                0x00004890       0x22 ./rt-thread/src/thread.o
 .text.rt_list_remove
                0x000048b2       0x36 ./rt-thread/src/thread.o
 .text._thread_exit
                0x000048e8       0x42 ./rt-thread/src/thread.o
 *fill*         0x0000492a        0x2 ff
 .text._thread_timeout
                0x0000492c       0x8c ./rt-thread/src/thread.o
 .text._thread_init
                0x000049b8       0xfc ./rt-thread/src/thread.o
 .text.rt_thread_init
                0x00004ab4       0x70 ./rt-thread/src/thread.o
                0x00004ab4                rt_thread_init
 .text.rt_thread_self
                0x00004b24       0x18 ./rt-thread/src/thread.o
                0x00004b24                rt_thread_self
 .text.rt_thread_startup
                0x00004b3c       0x94 ./rt-thread/src/thread.o
                0x00004b3c                rt_thread_startup
 .text.rt_thread_detach
                0x00004bd0       0xb0 ./rt-thread/src/thread.o
                0x00004bd0                rt_thread_detach
 .text.rt_thread_create
                0x00004c80       0x62 ./rt-thread/src/thread.o
                0x00004c80                rt_thread_create
 *fill*         0x00004ce2        0x2 ff
 .text.rt_thread_delete
                0x00004ce4       0xb0 ./rt-thread/src/thread.o
                0x00004ce4                rt_thread_delete
 .text.rt_thread_sleep
                0x00004d94       0x94 ./rt-thread/src/thread.o
                0x00004d94                rt_thread_sleep
 .text.rt_thread_delay
                0x00004e28       0x18 ./rt-thread/src/thread.o
                0x00004e28                rt_thread_delay
 .text.rt_thread_mdelay
                0x00004e40       0x20 ./rt-thread/src/thread.o
                0x00004e40                rt_thread_mdelay
 .text.rt_thread_control
                0x00004e60       0xfc ./rt-thread/src/thread.o
                0x00004e60                rt_thread_control
 .text.rt_thread_suspend
                0x00004f5c       0xc8 ./rt-thread/src/thread.o
                0x00004f5c                rt_thread_suspend
 .text.rt_thread_resume
                0x00005024       0x98 ./rt-thread/src/thread.o
                0x00005024                rt_thread_resume
 .text.rt_list_init
                0x000050bc       0x22 ./rt-thread/src/timer.o
 .text.rt_list_insert_after
                0x000050de       0x32 ./rt-thread/src/timer.o
 .text.rt_list_remove
                0x00005110       0x36 ./rt-thread/src/timer.o
 .text.rt_list_isempty
                0x00005146       0x24 ./rt-thread/src/timer.o
 .text._timer_init
                0x0000516a       0x6a ./rt-thread/src/timer.o
 .text._timer_list_next_timeout
                0x000051d4       0x48 ./rt-thread/src/timer.o
 .text._timer_remove
                0x0000521c       0x36 ./rt-thread/src/timer.o
 *fill*         0x00005252        0x2 ff
 .text.rt_timer_init
                0x00005254       0x7c ./rt-thread/src/timer.o
                0x00005254                rt_timer_init
 .text.rt_timer_detach
                0x000052d0       0x90 ./rt-thread/src/timer.o
                0x000052d0                rt_timer_detach
 .text.rt_timer_start
                0x00005360      0x224 ./rt-thread/src/timer.o
                0x00005360                rt_timer_start
 .text.rt_timer_stop
                0x00005584       0x94 ./rt-thread/src/timer.o
                0x00005584                rt_timer_stop
 .text.rt_timer_control
                0x00005618       0xf8 ./rt-thread/src/timer.o
                0x00005618                rt_timer_control
 .text.rt_timer_check
                0x00005710      0x108 ./rt-thread/src/timer.o
                0x00005710                rt_timer_check
 .text.rt_soft_timer_check
                0x00005818      0x11c ./rt-thread/src/timer.o
                0x00005818                rt_soft_timer_check
 .text._timer_thread_entry
                0x00005934       0x5c ./rt-thread/src/timer.o
 .text.rt_system_timer_init
                0x00005990       0x34 ./rt-thread/src/timer.o
                0x00005990                rt_system_timer_init
 .text.rt_system_timer_thread_init
                0x000059c4       0x68 ./rt-thread/src/timer.o
                0x000059c4                rt_system_timer_thread_init
 .text          0x00005a2c      0x13c ./rt-thread/libcpu/arm/cortex-m4/context_gcc.o
                0x00005a2c                rt_hw_interrupt_disable
                0x00005a34                rt_hw_interrupt_enable
                0x00005a3a                rt_hw_context_switch_interrupt
                0x00005a3a                rt_hw_context_switch
                0x00005a5a                PendSV_Handler
                0x00005ac6                rt_hw_context_switch_to
                0x00005b0c                rt_hw_interrupt_thread_switch
                0x00005b10                HardFault_Handler
 .text.rt_hw_stack_init
                0x00005b68       0x90 ./rt-thread/libcpu/arm/cortex-m4/cpuport.o
                0x00005b68                rt_hw_stack_init
 .text.usage_fault_track
                0x00005bf8       0xc4 ./rt-thread/libcpu/arm/cortex-m4/cpuport.o
 .text.bus_fault_track
                0x00005cbc       0xcc ./rt-thread/libcpu/arm/cortex-m4/cpuport.o
 .text.mem_manage_fault_track
                0x00005d88       0xb4 ./rt-thread/libcpu/arm/cortex-m4/cpuport.o
 .text.hard_fault_track
                0x00005e3c       0x78 ./rt-thread/libcpu/arm/cortex-m4/cpuport.o
 .text.rt_hw_hard_fault_exception
                0x00005eb4      0x184 ./rt-thread/libcpu/arm/cortex-m4/cpuport.o
                0x00005eb4                rt_hw_hard_fault_exception
 .text.__rt_ffs
                0x00006038       0x2a ./rt-thread/libcpu/arm/cortex-m4/cpuport.o
                0x00006038                __rt_ffs
 .text.ulog_console_backend_output
                0x00006062       0x50 ./rt-thread/components/utilities/ulog/backend/console_be.o
                0x00006062                ulog_console_backend_output
 *fill*         0x000060b2        0x2 ff
 .text.ulog_console_backend_init
                0x000060b4       0x2c ./rt-thread/components/utilities/ulog/backend/console_be.o
                0x000060b4                ulog_console_backend_init
 .text.rt_slist_init
                0x000060e0       0x1a ./rt-thread/components/utilities/ulog/ulog.o
 .text.rt_slist_append
                0x000060fa       0x36 ./rt-thread/components/utilities/ulog/ulog.o
 .text.rt_slist_first
                0x00006130       0x18 ./rt-thread/components/utilities/ulog/ulog.o
 .text.rt_slist_next
                0x00006148       0x18 ./rt-thread/components/utilities/ulog/ulog.o
 .text.ulog_strcpy
                0x00006160       0x74 ./rt-thread/components/utilities/ulog/ulog.o
                0x00006160                ulog_strcpy
 .text.ulog_ultoa
                0x000061d4       0xb0 ./rt-thread/components/utilities/ulog/ulog.o
                0x000061d4                ulog_ultoa
 .text.output_unlock
                0x00006284       0x44 ./rt-thread/components/utilities/ulog/ulog.o
 .text.output_lock
                0x000062c8       0x48 ./rt-thread/components/utilities/ulog/ulog.o
 .text.get_log_buf
                0x00006310       0x20 ./rt-thread/components/utilities/ulog/ulog.o
 .text.ulog_formater
                0x00006330      0x2d0 ./rt-thread/components/utilities/ulog/ulog.o
                0x00006330                ulog_formater
 .text.ulog_output_to_all_backend
                0x00006600      0x124 ./rt-thread/components/utilities/ulog/ulog.o
                0x00006600                ulog_output_to_all_backend
 .text.do_output
                0x00006724       0x46 ./rt-thread/components/utilities/ulog/ulog.o
 *fill*         0x0000676a        0x2 ff
 .text.ulog_voutput
                0x0000676c       0xdc ./rt-thread/components/utilities/ulog/ulog.o
                0x0000676c                ulog_voutput
 .text.ulog_output
                0x00006848       0x32 ./rt-thread/components/utilities/ulog/ulog.o
                0x00006848                ulog_output
 *fill*         0x0000687a        0x2 ff
 .text.ulog_backend_register
                0x0000687c       0xc0 ./rt-thread/components/utilities/ulog/ulog.o
                0x0000687c                ulog_backend_register
 .text.ulog_init
                0x0000693c       0x44 ./rt-thread/components/utilities/ulog/ulog.o
                0x0000693c                ulog_init
 .text._calloc_r
                0x00006980       0x2c ./rt-thread/components/libc/compilers/newlib/syscalls.o
                0x00006980                _calloc_r
 .text.__errno  0x000069ac        0xe ./rt-thread/components/libc/compilers/newlib/syscalls.o
                0x000069ac                __errno
 *fill*         0x000069ba        0x2 ff
 .text.__isleap
                0x000069bc       0x60 ./rt-thread/components/libc/compilers/common/time.o
 .text.num2str  0x00006a1c       0x58 ./rt-thread/components/libc/compilers/common/time.o
 .text.get_timeval
                0x00006a74       0xb4 ./rt-thread/components/libc/compilers/common/time.o
 .text.gmtime_r
                0x00006b28      0x1e4 ./rt-thread/components/libc/compilers/common/time.o
                0x00006b28                gmtime_r
 .text.localtime_r
                0x00006d0c       0xae ./rt-thread/components/libc/compilers/common/time.o
                0x00006d0c                localtime_r
 *fill*         0x00006dba        0x2 ff
 .text.localtime
                0x00006dbc       0x20 ./rt-thread/components/libc/compilers/common/time.o
                0x00006dbc                localtime
 .text.mktime   0x00006ddc       0x9c ./rt-thread/components/libc/compilers/common/time.o
                0x00006ddc                mktime
 .text.asctime_r
                0x00006e78      0x218 ./rt-thread/components/libc/compilers/common/time.o
                0x00006e78                asctime_r
 .text.asctime  0x00007090       0x20 ./rt-thread/components/libc/compilers/common/time.o
                0x00007090                asctime
 .text.ctime    0x000070b0       0x20 ./rt-thread/components/libc/compilers/common/time.o
                0x000070b0                ctime
 .text.time     0x000070d0       0x46 ./rt-thread/components/libc/compilers/common/time.o
                0x000070d0                time
 *fill*         0x00007116        0x2 ff
 .text.timegm   0x00007118      0x52c ./rt-thread/components/libc/compilers/common/time.o
                0x00007118                timegm
 .text.tz_get   0x00007644       0x18 ./rt-thread/components/libc/compilers/common/time.o
                0x00007644                tz_get
 .text.tz_is_dst
                0x0000765c       0x10 ./rt-thread/components/libc/compilers/common/time.o
                0x0000765c                tz_is_dst
 .text.rt_list_isempty
                0x0000766c       0x24 ./rt-thread/components/finsh/cmd.o
 .text.rt_list_len
                0x00007690       0x36 ./rt-thread/components/finsh/cmd.o
 *fill*         0x000076c6        0x2 ff
 .text.clear    0x000076c8       0x14 ./rt-thread/components/finsh/cmd.o
 .text.version  0x000076dc        0xe ./rt-thread/components/finsh/cmd.o
                0x000076dc                version
 *fill*         0x000076ea        0x2 ff
 .text.object_split
                0x000076ec       0x28 ./rt-thread/components/finsh/cmd.o
 .text.list_find_init
                0x00007714       0x46 ./rt-thread/components/finsh/cmd.o
 .text.list_get_next
                0x0000775a       0xc6 ./rt-thread/components/finsh/cmd.o
 .text.list_thread
                0x00007820      0x208 ./rt-thread/components/finsh/cmd.o
                0x00007820                list_thread
 .text.show_wait_queue
                0x00007a28       0x54 ./rt-thread/components/finsh/cmd.o
 .text.list_sem
                0x00007a7c      0x12c ./rt-thread/components/finsh/cmd.o
                0x00007a7c                list_sem
 .text.list_event
                0x00007ba8      0x118 ./rt-thread/components/finsh/cmd.o
                0x00007ba8                list_event
 .text.list_mutex
                0x00007cc0       0xe8 ./rt-thread/components/finsh/cmd.o
                0x00007cc0                list_mutex
 .text.list_mailbox
                0x00007da8      0x13c ./rt-thread/components/finsh/cmd.o
                0x00007da8                list_mailbox
 .text.list_msgqueue
                0x00007ee4      0x12c ./rt-thread/components/finsh/cmd.o
                0x00007ee4                list_msgqueue
 .text.list_timer
                0x00008010      0x128 ./rt-thread/components/finsh/cmd.o
                0x00008010                list_timer
 .text.list_device
                0x00008138       0xf0 ./rt-thread/components/finsh/cmd.o
                0x00008138                list_device
 .text.msh_help
                0x00008228       0x5c ./rt-thread/components/finsh/msh.o
                0x00008228                msh_help
 .text.cmd_ps   0x00008284       0x18 ./rt-thread/components/finsh/msh.o
                0x00008284                cmd_ps
 .text.cmd_free
                0x0000829c       0x5c ./rt-thread/components/finsh/msh.o
                0x0000829c                cmd_free
 .text.msh_split
                0x000082f8      0x170 ./rt-thread/components/finsh/msh.o
 .text.msh_get_cmd
                0x00008468       0x64 ./rt-thread/components/finsh/msh.o
 .text._msh_exec_cmd
                0x000084cc       0xd4 ./rt-thread/components/finsh/msh.o
 .text.msh_exec
                0x000085a0       0x8c ./rt-thread/components/finsh/msh.o
                0x000085a0                msh_exec
 .text.str_common
                0x0000862c       0x4a ./rt-thread/components/finsh/msh.o
 *fill*         0x00008676        0x2 ff
 .text.msh_auto_complete
                0x00008678       0xb0 ./rt-thread/components/finsh/msh.o
                0x00008678                msh_auto_complete
 .text.finsh_get_prompt
                0x00008728       0x7c ./rt-thread/components/finsh/shell.o
                0x00008728                finsh_get_prompt
 .text.finsh_set_prompt_mode
                0x000087a4       0x48 ./rt-thread/components/finsh/shell.o
                0x000087a4                finsh_set_prompt_mode
 .text.finsh_getchar
                0x000087ec       0x90 ./rt-thread/components/finsh/shell.o
                0x000087ec                finsh_getchar
 .text.finsh_rx_ind
                0x0000887c       0x3c ./rt-thread/components/finsh/shell.o
 .text.finsh_set_device
                0x000088b8       0xd8 ./rt-thread/components/finsh/shell.o
                0x000088b8                finsh_set_device
 .text.shell_auto_complete
                0x00008990       0x34 ./rt-thread/components/finsh/shell.o
 .text.shell_handle_history
                0x000089c4       0x34 ./rt-thread/components/finsh/shell.o
 .text.shell_push_history
                0x000089f8      0x15e ./rt-thread/components/finsh/shell.o
 *fill*         0x00008b56        0x2 ff
 .text.finsh_thread_entry
                0x00008b58      0x5cc ./rt-thread/components/finsh/shell.o
                0x00008b58                finsh_thread_entry
 .text.finsh_system_function_init
                0x00009124       0x2c ./rt-thread/components/finsh/shell.o
                0x00009124                finsh_system_function_init
 .text.finsh_system_init
                0x00009150       0x9c ./rt-thread/components/finsh/shell.o
                0x00009150                finsh_system_init
 .text.rt_serial_get_linear_buffer
                0x000091ec       0x8c ./rt-thread/components/drivers/serial/serial_v2.o
 .text.rt_serial_update_read_index
                0x00009278       0xcc ./rt-thread/components/drivers/serial/serial_v2.o
 .text.rt_serial_update_write_index
                0x00009344       0xe8 ./rt-thread/components/drivers/serial/serial_v2.o
 .text._serial_poll_rx
                0x0000942c       0xa4 ./rt-thread/components/drivers/serial/serial_v2.o
                0x0000942c                _serial_poll_rx
 .text._serial_poll_tx
                0x000094d0       0x9c ./rt-thread/components/drivers/serial/serial_v2.o
                0x000094d0                _serial_poll_tx
 .text._serial_fifo_rx
                0x0000956c       0xf0 ./rt-thread/components/drivers/serial/serial_v2.o
 .text._serial_fifo_tx_blocking_nbuf
                0x0000965c       0xb0 ./rt-thread/components/drivers/serial/serial_v2.o
 .text._serial_fifo_tx_blocking_buf
                0x0000970c      0x118 ./rt-thread/components/drivers/serial/serial_v2.o
 .text._serial_fifo_tx_nonblocking
                0x00009824       0xd4 ./rt-thread/components/drivers/serial/serial_v2.o
 .text.rt_serial_tx_enable
                0x000098f8      0x1dc ./rt-thread/components/drivers/serial/serial_v2.o
 .text.rt_serial_rx_enable
                0x00009ad4      0x150 ./rt-thread/components/drivers/serial/serial_v2.o
 .text.rt_serial_rx_disable
                0x00009c24       0xb4 ./rt-thread/components/drivers/serial/serial_v2.o
 .text.rt_serial_tx_disable
                0x00009cd8       0xc0 ./rt-thread/components/drivers/serial/serial_v2.o
 .text.rt_serial_init
                0x00009d98       0x5c ./rt-thread/components/drivers/serial/serial_v2.o
 .text.rt_serial_open
                0x00009df4       0xf4 ./rt-thread/components/drivers/serial/serial_v2.o
 .text.rt_serial_close
                0x00009ee8       0x90 ./rt-thread/components/drivers/serial/serial_v2.o
 .text.rt_serial_control
                0x00009f78       0xb8 ./rt-thread/components/drivers/serial/serial_v2.o
 .text.rt_hw_serial_register
                0x0000a030       0x94 ./rt-thread/components/drivers/serial/serial_v2.o
                0x0000a030                rt_hw_serial_register
 .text.rt_hw_serial_isr
                0x0000a0c4      0x210 ./rt-thread/components/drivers/serial/serial_v2.o
                0x0000a0c4                rt_hw_serial_isr
 .text.sensor_show_data
                0x0000a2d4      0x3e0 ./rt-thread/components/drivers/sensors/sensor_cmd.o
 .text.rx_callback
                0x0000a6b4       0x24 ./rt-thread/components/drivers/sensors/sensor_cmd.o
 .text.sensor_fifo_rx_entry
                0x0000a6d8       0xa4 ./rt-thread/components/drivers/sensors/sensor_cmd.o
 .text.sensor_fifo
                0x0000a77c       0xf0 ./rt-thread/components/drivers/sensors/sensor_cmd.o
 .text.sensor_irq_rx_entry
                0x0000a86c       0x50 ./rt-thread/components/drivers/sensors/sensor_cmd.o
 .text.sensor_int
                0x0000a8bc       0xf0 ./rt-thread/components/drivers/sensors/sensor_cmd.o
 .text.sensor_polling
                0x0000a9ac       0xfc ./rt-thread/components/drivers/sensors/sensor_cmd.o
 .text.sensor   0x0000aaa8      0x5a8 ./rt-thread/components/drivers/sensors/sensor_cmd.o
 .text.set_date
                0x0000b050       0x88 ./rt-thread/components/drivers/rtc/rtc.o
                0x0000b050                set_date
 .text.set_time
                0x0000b0d8       0x80 ./rt-thread/components/drivers/rtc/rtc.o
                0x0000b0d8                set_time
 .text.date     0x0000b158      0x158 ./rt-thread/components/drivers/rtc/rtc.o
 .text.soft_rtc_control
                0x0000b2b0       0xc8 ./rt-thread/components/drivers/rtc/soft_rtc.o
 .text.rt_soft_rtc_init
                0x0000b378       0xc4 ./rt-thread/components/drivers/rtc/soft_rtc.o
 .text._pin_read
                0x0000b43c       0x60 ./rt-thread/components/drivers/misc/pin.o
 .text._pin_write
                0x0000b49c       0x5c ./rt-thread/components/drivers/misc/pin.o
 .text._pin_control
                0x0000b4f8       0x58 ./rt-thread/components/drivers/misc/pin.o
 .text.rt_device_pin_register
                0x0000b550       0x74 ./rt-thread/components/drivers/misc/pin.o
                0x0000b550                rt_device_pin_register
 .text.rt_pin_attach_irq
                0x0000b5c4       0x5c ./rt-thread/components/drivers/misc/pin.o
                0x0000b5c4                rt_pin_attach_irq
 .text.rt_pin_irq_enable
                0x0000b620       0x50 ./rt-thread/components/drivers/misc/pin.o
                0x0000b620                rt_pin_irq_enable
 .text.rt_pin_mode
                0x0000b670       0x40 ./rt-thread/components/drivers/misc/pin.o
                0x0000b670                rt_pin_mode
 .text.rt_pin_write
                0x0000b6b0       0x40 ./rt-thread/components/drivers/misc/pin.o
                0x0000b6b0                rt_pin_write
 .text.rt_pin_read
                0x0000b6f0       0x3c ./rt-thread/components/drivers/misc/pin.o
                0x0000b6f0                rt_pin_read
 .text.rt_pin_get
                0x0000b72c       0x60 ./rt-thread/components/drivers/misc/pin.o
                0x0000b72c                rt_pin_get
 .text._pwm_control
                0x0000b78c       0x38 ./rt-thread/components/drivers/misc/rt_drv_pwm.o
 .text._pwm_read
                0x0000b7c4       0x62 ./rt-thread/components/drivers/misc/rt_drv_pwm.o
 .text._pwm_write
                0x0000b826       0x7e ./rt-thread/components/drivers/misc/rt_drv_pwm.o
 .text.rt_device_pwm_register
                0x0000b8a4       0x78 ./rt-thread/components/drivers/misc/rt_drv_pwm.o
                0x0000b8a4                rt_device_pwm_register
 .text.rt_pwm_enable
                0x0000b91c       0x5a ./rt-thread/components/drivers/misc/rt_drv_pwm.o
                0x0000b91c                rt_pwm_enable
 .text.rt_pwm_disable
                0x0000b976       0x5a ./rt-thread/components/drivers/misc/rt_drv_pwm.o
                0x0000b976                rt_pwm_disable
 .text.rt_pwm_set
                0x0000b9d0       0x52 ./rt-thread/components/drivers/misc/rt_drv_pwm.o
                0x0000b9d0                rt_pwm_set
 .text.rt_pwm_get
                0x0000ba22       0x32 ./rt-thread/components/drivers/misc/rt_drv_pwm.o
                0x0000ba22                rt_pwm_get
 .text.pwm_enable
                0x0000ba54       0x74 ./rt-thread/components/drivers/misc/rt_drv_pwm.o
 .text.pwm_disable
                0x0000bac8       0x74 ./rt-thread/components/drivers/misc/rt_drv_pwm.o
 .text.pwm_set  0x0000bb3c       0x94 ./rt-thread/components/drivers/misc/rt_drv_pwm.o
 .text.pwm_get  0x0000bbd0      0x120 ./rt-thread/components/drivers/misc/rt_drv_pwm.o
 .text.rt_list_init
                0x0000bcf0       0x22 ./rt-thread/components/drivers/ipc/completion.o
 .text.rt_list_insert_before
                0x0000bd12       0x32 ./rt-thread/components/drivers/ipc/completion.o
 .text.rt_list_isempty
                0x0000bd44       0x24 ./rt-thread/components/drivers/ipc/completion.o
 .text.rt_completion_init
                0x0000bd68       0x44 ./rt-thread/components/drivers/ipc/completion.o
                0x0000bd68                rt_completion_init
 .text.rt_completion_wait
                0x0000bdac      0x15c ./rt-thread/components/drivers/ipc/completion.o
                0x0000bdac                rt_completion_wait
 .text.rt_completion_done
                0x0000bf08       0x70 ./rt-thread/components/drivers/ipc/completion.o
                0x0000bf08                rt_completion_done
 .text.rt_ringbuffer_status
                0x0000bf78       0x4e ./rt-thread/components/drivers/ipc/ringbuffer.o
 *fill*         0x0000bfc6        0x2 ff
 .text.rt_ringbuffer_init
                0x0000bfc8       0xa0 ./rt-thread/components/drivers/ipc/ringbuffer.o
                0x0000bfc8                rt_ringbuffer_init
 .text.rt_ringbuffer_put
                0x0000c068      0x16c ./rt-thread/components/drivers/ipc/ringbuffer.o
                0x0000c068                rt_ringbuffer_put
 .text.rt_ringbuffer_get
                0x0000c1d4      0x15c ./rt-thread/components/drivers/ipc/ringbuffer.o
                0x0000c1d4                rt_ringbuffer_get
 .text.rt_ringbuffer_putchar
                0x0000c330       0xbc ./rt-thread/components/drivers/ipc/ringbuffer.o
                0x0000c330                rt_ringbuffer_putchar
 .text.rt_ringbuffer_data_len
                0x0000c3ec       0x66 ./rt-thread/components/drivers/ipc/ringbuffer.o
                0x0000c3ec                rt_ringbuffer_data_len
 .text.i2c_delay
                0x0000c452       0x20 ./rt-thread/components/drivers/i2c/i2c-bit-ops.o
 .text.i2c_delay2
                0x0000c472       0x1c ./rt-thread/components/drivers/i2c/i2c-bit-ops.o
 .text.SCL_H    0x0000c48e       0x72 ./rt-thread/components/drivers/i2c/i2c-bit-ops.o
 .text.i2c_start
                0x0000c500       0x32 ./rt-thread/components/drivers/i2c/i2c-bit-ops.o
 .text.i2c_restart
                0x0000c532       0x4c ./rt-thread/components/drivers/i2c/i2c-bit-ops.o
 .text.i2c_stop
                0x0000c57e       0x44 ./rt-thread/components/drivers/i2c/i2c-bit-ops.o
 *fill*         0x0000c5c2        0x2 ff
 .text.i2c_waitack
                0x0000c5c4       0x74 ./rt-thread/components/drivers/i2c/i2c-bit-ops.o
 .text.i2c_writeb
                0x0000c638       0x8c ./rt-thread/components/drivers/i2c/i2c-bit-ops.o
 .text.i2c_readb
                0x0000c6c4       0x88 ./rt-thread/components/drivers/i2c/i2c-bit-ops.o
 .text.i2c_send_bytes
                0x0000c74c       0x90 ./rt-thread/components/drivers/i2c/i2c-bit-ops.o
 .text.i2c_send_ack_or_nack
                0x0000c7dc       0x68 ./rt-thread/components/drivers/i2c/i2c-bit-ops.o
 .text.i2c_recv_bytes
                0x0000c844       0x7c ./rt-thread/components/drivers/i2c/i2c-bit-ops.o
 .text.i2c_send_address
                0x0000c8c0       0x62 ./rt-thread/components/drivers/i2c/i2c-bit-ops.o
 *fill*         0x0000c922        0x2 ff
 .text.i2c_bit_send_address
                0x0000c924      0x148 ./rt-thread/components/drivers/i2c/i2c-bit-ops.o
 .text.i2c_bit_xfer
                0x0000ca6c      0x106 ./rt-thread/components/drivers/i2c/i2c-bit-ops.o
 *fill*         0x0000cb72        0x2 ff
 .text.rt_i2c_bit_add_bus
                0x0000cb74       0x28 ./rt-thread/components/drivers/i2c/i2c-bit-ops.o
                0x0000cb74                rt_i2c_bit_add_bus
 .text.rt_i2c_bus_device_register
                0x0000cb9c       0x5c ./rt-thread/components/drivers/i2c/i2c_core.o
                0x0000cb9c                rt_i2c_bus_device_register
 .text.rt_i2c_transfer
                0x0000cbf8       0x60 ./rt-thread/components/drivers/i2c/i2c_core.o
                0x0000cbf8                rt_i2c_transfer
 .text.rt_i2c_control
                0x0000cc58       0x48 ./rt-thread/components/drivers/i2c/i2c_core.o
                0x0000cc58                rt_i2c_control
 .text.rt_i2c_master_send
                0x0000cca0       0x4a ./rt-thread/components/drivers/i2c/i2c_core.o
                0x0000cca0                rt_i2c_master_send
 *fill*         0x0000ccea        0x2 ff
 .text.rt_i2c_master_recv
                0x0000ccec       0x68 ./rt-thread/components/drivers/i2c/i2c_core.o
                0x0000ccec                rt_i2c_master_recv
 .text.rt_i2c_core_init
                0x0000cd54       0x10 ./rt-thread/components/drivers/i2c/i2c_core.o
                0x0000cd54                rt_i2c_core_init
 .text.i2c_bus_device_read
                0x0000cd64       0x64 ./rt-thread/components/drivers/i2c/i2c_dev.o
 .text.i2c_bus_device_write
                0x0000cdc8       0x64 ./rt-thread/components/drivers/i2c/i2c_dev.o
 .text.i2c_bus_device_control
                0x0000ce2c       0xc4 ./rt-thread/components/drivers/i2c/i2c_dev.o
 .text.rt_i2c_bus_device_device_init
                0x0000cef0       0x78 ./rt-thread/components/drivers/i2c/i2c_dev.o
                0x0000cef0                rt_i2c_bus_device_device_init
 .text.main     0x0000cf68        0xe ./ra_gen/main.o
                0x0000cf68                main
 .text.R_FSP_CurrentIrqGet
                0x0000cf76       0x2c ./ra/fsp/src/r_sci_uart/r_sci_uart.o
 *fill*         0x0000cfa2        0x2 ff
 .text.R_FSP_IsrContextSet
                0x0000cfa4       0x28 ./ra/fsp/src/r_sci_uart/r_sci_uart.o
 .text.R_BSP_IrqStatusClear
                0x0000cfcc       0x30 ./ra/fsp/src/r_sci_uart/r_sci_uart.o
 .text.R_BSP_IrqClearPending
                0x0000cffc       0x40 ./ra/fsp/src/r_sci_uart/r_sci_uart.o
 .text.R_BSP_IrqCfg
                0x0000d03c       0x3c ./ra/fsp/src/r_sci_uart/r_sci_uart.o
 .text.R_BSP_IrqEnableNoClear
                0x0000d078       0x38 ./ra/fsp/src/r_sci_uart/r_sci_uart.o
 .text.R_BSP_IrqEnable
                0x0000d0b0       0x26 ./ra/fsp/src/r_sci_uart/r_sci_uart.o
 *fill*         0x0000d0d6        0x2 ff
 .text.R_BSP_IrqDisable
                0x0000d0d8       0x48 ./ra/fsp/src/r_sci_uart/r_sci_uart.o
 .text.R_FSP_IsrContextGet
                0x0000d120       0x24 ./ra/fsp/src/r_sci_uart/r_sci_uart.o
 .text.R_SCI_UART_Open
                0x0000d144      0x1ac ./ra/fsp/src/r_sci_uart/r_sci_uart.o
                0x0000d144                R_SCI_UART_Open
 .text.r_sci_uart_config_set
                0x0000d2f0      0x120 ./ra/fsp/src/r_sci_uart/r_sci_uart.o
 .text.r_sci_irq_cfg
                0x0000d410       0x3a ./ra/fsp/src/r_sci_uart/r_sci_uart.o
 .text.r_sci_irqs_cfg
                0x0000d44a       0x5a ./ra/fsp/src/r_sci_uart/r_sci_uart.o
 .text.r_sci_uart_baud_set
                0x0000d4a4       0x58 ./ra/fsp/src/r_sci_uart/r_sci_uart.o
 .text.r_sci_uart_call_callback
                0x0000d4fc       0x76 ./ra/fsp/src/r_sci_uart/r_sci_uart.o
 .text.sci_uart_txi_isr
                0x0000d572       0xd0 ./ra/fsp/src/r_sci_uart/r_sci_uart.o
                0x0000d572                sci_uart_txi_isr
 .text.sci_uart_rxi_isr
                0x0000d642       0xbc ./ra/fsp/src/r_sci_uart/r_sci_uart.o
                0x0000d642                sci_uart_rxi_isr
 .text.sci_uart_tei_isr
                0x0000d6fe       0x4a ./ra/fsp/src/r_sci_uart/r_sci_uart.o
                0x0000d6fe                sci_uart_tei_isr
 .text.sci_uart_eri_isr
                0x0000d748       0xa8 ./ra/fsp/src/r_sci_uart/r_sci_uart.o
                0x0000d748                sci_uart_eri_isr
 .text.R_BSP_PinRead
                0x0000d7f0       0x38 ./ra/fsp/src/r_ioport/r_ioport.o
 .text.R_BSP_PinAccessEnable
                0x0000d828       0x60 ./ra/fsp/src/r_ioport/r_ioport.o
 .text.R_BSP_PinAccessDisable
                0x0000d888       0x68 ./ra/fsp/src/r_ioport/r_ioport.o
 .text.R_IOPORT_Open
                0x0000d8f0       0x28 ./ra/fsp/src/r_ioport/r_ioport.o
                0x0000d8f0                R_IOPORT_Open
 .text.R_IOPORT_Close
                0x0000d918       0x20 ./ra/fsp/src/r_ioport/r_ioport.o
                0x0000d918                R_IOPORT_Close
 .text.R_IOPORT_PinsCfg
                0x0000d938       0x1a ./ra/fsp/src/r_ioport/r_ioport.o
                0x0000d938                R_IOPORT_PinsCfg
 .text.R_IOPORT_PinCfg
                0x0000d952       0x46 ./ra/fsp/src/r_ioport/r_ioport.o
                0x0000d952                R_IOPORT_PinCfg
 .text.R_IOPORT_PinRead
                0x0000d998       0x28 ./ra/fsp/src/r_ioport/r_ioport.o
                0x0000d998                R_IOPORT_PinRead
 .text.R_IOPORT_PortRead
                0x0000d9c0       0x3a ./ra/fsp/src/r_ioport/r_ioport.o
                0x0000d9c0                R_IOPORT_PortRead
 .text.R_IOPORT_PortWrite
                0x0000d9fa       0x62 ./ra/fsp/src/r_ioport/r_ioport.o
                0x0000d9fa                R_IOPORT_PortWrite
 .text.R_IOPORT_PinWrite
                0x0000da5c       0x6e ./ra/fsp/src/r_ioport/r_ioport.o
                0x0000da5c                R_IOPORT_PinWrite
 .text.R_IOPORT_PortDirectionSet
                0x0000daca       0x72 ./ra/fsp/src/r_ioport/r_ioport.o
                0x0000daca                R_IOPORT_PortDirectionSet
 .text.R_IOPORT_PortEventInputRead
                0x0000db3c       0x3e ./ra/fsp/src/r_ioport/r_ioport.o
                0x0000db3c                R_IOPORT_PortEventInputRead
 .text.R_IOPORT_PinEventInputRead
                0x0000db7a       0x62 ./ra/fsp/src/r_ioport/r_ioport.o
                0x0000db7a                R_IOPORT_PinEventInputRead
 .text.R_IOPORT_PortEventOutputWrite
                0x0000dbdc       0x62 ./ra/fsp/src/r_ioport/r_ioport.o
                0x0000dbdc                R_IOPORT_PortEventOutputWrite
 .text.R_IOPORT_PinEventOutputWrite
                0x0000dc3e       0x5e ./ra/fsp/src/r_ioport/r_ioport.o
                0x0000dc3e                R_IOPORT_PinEventOutputWrite
 .text.R_IOPORT_EthernetModeCfg
                0x0000dc9c       0x28 ./ra/fsp/src/r_ioport/r_ioport.o
                0x0000dc9c                R_IOPORT_EthernetModeCfg
 .text.r_ioport_pins_config
                0x0000dcc4       0x56 ./ra/fsp/src/r_ioport/r_ioport.o
 .text.r_ioport_hw_pin_event_output_data_write
                0x0000dd1a       0x88 ./ra/fsp/src/r_ioport/r_ioport.o
 *fill*         0x0000dda2        0x2 ff
 .text.r_ioport_pfs_write
                0x0000dda4       0x78 ./ra/fsp/src/r_ioport/r_ioport.o
 .text.bsp_vbatt_init
                0x0000de1c       0xd8 ./ra/fsp/src/r_ioport/r_ioport.o
 .text.__NVIC_ClearPendingIRQ
                0x0000def4       0x3c ./ra/fsp/src/r_iic_master/r_iic_master.o
 .text.R_FSP_CurrentIrqGet
                0x0000df30       0x2c ./ra/fsp/src/r_iic_master/r_iic_master.o
 .text.R_FSP_IsrContextSet
                0x0000df5c       0x28 ./ra/fsp/src/r_iic_master/r_iic_master.o
 .text.R_BSP_IrqStatusClear
                0x0000df84       0x30 ./ra/fsp/src/r_iic_master/r_iic_master.o
 .text.R_BSP_IrqClearPending
                0x0000dfb4       0x40 ./ra/fsp/src/r_iic_master/r_iic_master.o
 .text.R_BSP_IrqCfg
                0x0000dff4       0x3c ./ra/fsp/src/r_iic_master/r_iic_master.o
 .text.R_BSP_IrqEnableNoClear
                0x0000e030       0x38 ./ra/fsp/src/r_iic_master/r_iic_master.o
 .text.R_BSP_IrqEnable
                0x0000e068       0x26 ./ra/fsp/src/r_iic_master/r_iic_master.o
 *fill*         0x0000e08e        0x2 ff
 .text.R_BSP_IrqDisable
                0x0000e090       0x48 ./ra/fsp/src/r_iic_master/r_iic_master.o
 .text.R_BSP_IrqCfgEnable
                0x0000e0d8       0x2e ./ra/fsp/src/r_iic_master/r_iic_master.o
 *fill*         0x0000e106        0x2 ff
 .text.R_FSP_IsrContextGet
                0x0000e108       0x24 ./ra/fsp/src/r_iic_master/r_iic_master.o
 .text.iic_master_notify
                0x0000e12c       0x6e ./ra/fsp/src/r_iic_master/r_iic_master.o
 .text.iic_master_abort_seq_master
                0x0000e19a       0x78 ./ra/fsp/src/r_iic_master/r_iic_master.o
 *fill*         0x0000e212        0x2 ff
 .text.iic_master_open_hw_master
                0x0000e214      0x114 ./ra/fsp/src/r_iic_master/r_iic_master.o
 .text.iic_master_rxi_master
                0x0000e328       0x7a ./ra/fsp/src/r_iic_master/r_iic_master.o
 .text.iic_master_txi_master
                0x0000e3a2       0xc4 ./ra/fsp/src/r_iic_master/r_iic_master.o
 .text.iic_master_tei_master
                0x0000e466       0xd2 ./ra/fsp/src/r_iic_master/r_iic_master.o
 .text.iic_master_err_master
                0x0000e538      0x140 ./ra/fsp/src/r_iic_master/r_iic_master.o
 .text.iic_master_rxi_read_data
                0x0000e678      0x104 ./ra/fsp/src/r_iic_master/r_iic_master.o
 .text.iic_master_txi_send_address
                0x0000e77c       0x6c ./ra/fsp/src/r_iic_master/r_iic_master.o
 .text.iic_master_rxi_isr
                0x0000e7e8       0x34 ./ra/fsp/src/r_iic_master/r_iic_master.o
                0x0000e7e8                iic_master_rxi_isr
 .text.iic_master_txi_isr
                0x0000e81c       0x34 ./ra/fsp/src/r_iic_master/r_iic_master.o
                0x0000e81c                iic_master_txi_isr
 .text.iic_master_tei_isr
                0x0000e850       0x34 ./ra/fsp/src/r_iic_master/r_iic_master.o
                0x0000e850                iic_master_tei_isr
 .text.iic_master_eri_isr
                0x0000e884       0x34 ./ra/fsp/src/r_iic_master/r_iic_master.o
                0x0000e884                iic_master_eri_isr
 .text.R_FSP_CurrentIrqGet
                0x0000e8b8       0x2c ./ra/fsp/src/r_icu/r_icu.o
 .text.R_FSP_IsrContextSet
                0x0000e8e4       0x28 ./ra/fsp/src/r_icu/r_icu.o
 .text.R_BSP_IrqStatusClear
                0x0000e90c       0x30 ./ra/fsp/src/r_icu/r_icu.o
 .text.R_BSP_IrqClearPending
                0x0000e93c       0x40 ./ra/fsp/src/r_icu/r_icu.o
 .text.R_BSP_IrqCfg
                0x0000e97c       0x3c ./ra/fsp/src/r_icu/r_icu.o
 .text.R_BSP_IrqEnableNoClear
                0x0000e9b8       0x38 ./ra/fsp/src/r_icu/r_icu.o
 .text.R_BSP_IrqEnable
                0x0000e9f0       0x26 ./ra/fsp/src/r_icu/r_icu.o
 *fill*         0x0000ea16        0x2 ff
 .text.R_BSP_IrqDisable
                0x0000ea18       0x48 ./ra/fsp/src/r_icu/r_icu.o
 .text.R_FSP_IsrContextGet
                0x0000ea60       0x24 ./ra/fsp/src/r_icu/r_icu.o
 .text.R_ICU_ExternalIrqOpen
                0x0000ea84       0xcc ./ra/fsp/src/r_icu/r_icu.o
                0x0000ea84                R_ICU_ExternalIrqOpen
 .text.R_ICU_ExternalIrqEnable
                0x0000eb50       0x22 ./ra/fsp/src/r_icu/r_icu.o
                0x0000eb50                R_ICU_ExternalIrqEnable
 .text.R_ICU_ExternalIrqDisable
                0x0000eb72       0x22 ./ra/fsp/src/r_icu/r_icu.o
                0x0000eb72                R_ICU_ExternalIrqDisable
 .text.R_ICU_ExternalIrqClose
                0x0000eb94       0x40 ./ra/fsp/src/r_icu/r_icu.o
                0x0000eb94                R_ICU_ExternalIrqClose
 .text.r_icu_isr
                0x0000ebd4       0x80 ./ra/fsp/src/r_icu/r_icu.o
                0x0000ebd4                r_icu_isr
 .text.R_FSP_SystemClockHzGet
                0x0000ec54       0x4c ./ra/fsp/src/r_gpt/r_gpt.o
 .text.R_FSP_IsrContextSet
                0x0000eca0       0x28 ./ra/fsp/src/r_gpt/r_gpt.o
 .text.R_BSP_IrqStatusClear
                0x0000ecc8       0x30 ./ra/fsp/src/r_gpt/r_gpt.o
 .text.R_BSP_IrqClearPending
                0x0000ecf8       0x40 ./ra/fsp/src/r_gpt/r_gpt.o
 .text.R_BSP_IrqCfg
                0x0000ed38       0x3c ./ra/fsp/src/r_gpt/r_gpt.o
 .text.R_BSP_IrqEnableNoClear
                0x0000ed74       0x38 ./ra/fsp/src/r_gpt/r_gpt.o
 .text.R_BSP_IrqEnable
                0x0000edac       0x26 ./ra/fsp/src/r_gpt/r_gpt.o
 *fill*         0x0000edd2        0x2 ff
 .text.R_BSP_IrqDisable
                0x0000edd4       0x48 ./ra/fsp/src/r_gpt/r_gpt.o
 .text.R_BSP_IrqCfgEnable
                0x0000ee1c       0x2e ./ra/fsp/src/r_gpt/r_gpt.o
 *fill*         0x0000ee4a        0x2 ff
 .text.R_GPT_Open
                0x0000ee4c       0x44 ./ra/fsp/src/r_gpt/r_gpt.o
                0x0000ee4c                R_GPT_Open
 .text.R_GPT_Stop
                0x0000ee90       0x24 ./ra/fsp/src/r_gpt/r_gpt.o
                0x0000ee90                R_GPT_Stop
 .text.R_GPT_Start
                0x0000eeb4       0x24 ./ra/fsp/src/r_gpt/r_gpt.o
                0x0000eeb4                R_GPT_Start
 .text.R_GPT_Reset
                0x0000eed8       0x24 ./ra/fsp/src/r_gpt/r_gpt.o
                0x0000eed8                R_GPT_Reset
 .text.R_GPT_Enable
                0x0000eefc       0x90 ./ra/fsp/src/r_gpt/r_gpt.o
                0x0000eefc                R_GPT_Enable
 .text.R_GPT_Disable
                0x0000ef8c       0x32 ./ra/fsp/src/r_gpt/r_gpt.o
                0x0000ef8c                R_GPT_Disable
 .text.R_GPT_PeriodSet
                0x0000efbe       0x8a ./ra/fsp/src/r_gpt/r_gpt.o
                0x0000efbe                R_GPT_PeriodSet
 .text.R_GPT_DutyCycleSet
                0x0000f048      0x104 ./ra/fsp/src/r_gpt/r_gpt.o
                0x0000f048                R_GPT_DutyCycleSet
 .text.R_GPT_InfoGet
                0x0000f14c       0x3e ./ra/fsp/src/r_gpt/r_gpt.o
                0x0000f14c                R_GPT_InfoGet
 .text.R_GPT_StatusGet
                0x0000f18a       0x38 ./ra/fsp/src/r_gpt/r_gpt.o
                0x0000f18a                R_GPT_StatusGet
 .text.R_GPT_CallbackSet
                0x0000f1c2       0x32 ./ra/fsp/src/r_gpt/r_gpt.o
                0x0000f1c2                R_GPT_CallbackSet
 .text.R_GPT_Close
                0x0000f1f4       0x76 ./ra/fsp/src/r_gpt/r_gpt.o
                0x0000f1f4                R_GPT_Close
 .text.r_gpt_write_protect_enable
                0x0000f26a       0x16 ./ra/fsp/src/r_gpt/r_gpt.o
 .text.r_gpt_write_protect_disable
                0x0000f280       0x16 ./ra/fsp/src/r_gpt/r_gpt.o
 *fill*         0x0000f296        0x2 ff
 .text.gpt_common_open
                0x0000f298       0x64 ./ra/fsp/src/r_gpt/r_gpt.o
 .text.gpt_hardware_initialize
                0x0000f2fc      0x23c ./ra/fsp/src/r_gpt/r_gpt.o
 .text.gpt_hardware_events_disable
                0x0000f538       0x42 ./ra/fsp/src/r_gpt/r_gpt.o
 .text.r_gpt_disable_irq
                0x0000f57a       0x30 ./ra/fsp/src/r_gpt/r_gpt.o
 .text.r_gpt_enable_irq
                0x0000f5aa       0x2c ./ra/fsp/src/r_gpt/r_gpt.o
 .text.gpt_calculate_duty_cycle
                0x0000f5d6       0xea ./ra/fsp/src/r_gpt/r_gpt.o
 .text.gpt_clock_frequency_get
                0x0000f6c0       0x2e ./ra/fsp/src/r_gpt/r_gpt.o
 .text.gpt_gtior_calculate
                0x0000f6ee       0x48 ./ra/fsp/src/r_gpt/r_gpt.o
 *fill*         0x0000f736        0x2 ff
 .text.R_BSP_FlashCacheEnable
                0x0000f738       0x40 ./ra/fsp/src/bsp/mcu/all/bsp_clocks.o
 .text.SystemCoreClockUpdate
                0x0000f778       0x40 ./ra/fsp/src/bsp/mcu/all/bsp_clocks.o
                0x0000f778                SystemCoreClockUpdate
 .text.bsp_prv_clock_set_hard_reset
                0x0000f7b8       0x30 ./ra/fsp/src/bsp/mcu/all/bsp_clocks.o
 .text.bsp_clock_freq_var_init
                0x0000f7e8       0x48 ./ra/fsp/src/bsp/mcu/all/bsp_clocks.o
 .text.bsp_clock_init
                0x0000f830       0xa4 ./ra/fsp/src/bsp/mcu/all/bsp_clocks.o
                0x0000f830                bsp_clock_init
 .text.bsp_init_internal
                0x0000f8d4       0x14 ./ra/fsp/src/bsp/mcu/all/bsp_common.o
                0x0000f8d4                bsp_init_internal
                0x0000f8d4                bsp_init
 .text.__assert_func
                0x0000f8e8       0x12 ./ra/fsp/src/bsp/mcu/all/bsp_common.o
                0x0000f8e8                __assert_func
 *fill*         0x0000f8fa        0x2 ff
 .text.bsp_group_irq_call
                0x0000f8fc       0x30 ./ra/fsp/src/bsp/mcu/all/bsp_group_irq.o
 .text.NMI_Handler
                0x0000f92c       0x4c ./ra/fsp/src/bsp/mcu/all/bsp_group_irq.o
                0x0000f92c                NMI_Handler
 .text.bsp_irq_cfg
                0x0000f978      0x104 ./ra/fsp/src/bsp/mcu/all/bsp_irq.o
                0x0000f978                bsp_irq_cfg
 .text.R_BSP_RegisterProtectEnable
                0x0000fa7c       0xa0 ./ra/fsp/src/bsp/mcu/all/bsp_register_protection.o
                0x0000fa7c                R_BSP_RegisterProtectEnable
 .text.R_BSP_RegisterProtectDisable
                0x0000fb1c       0x90 ./ra/fsp/src/bsp/mcu/all/bsp_register_protection.o
                0x0000fb1c                R_BSP_RegisterProtectDisable
 .text.Reset_Handler
                0x0000fbac        0xe ./ra/fsp/src/bsp/cmsis/Device/RENESAS/Source/startup.o
                0x0000fbac                Reset_Handler
 .text.Default_Handler
                0x0000fbba       0x10 ./ra/fsp/src/bsp/cmsis/Device/RENESAS/Source/startup.o
                0x0000fbba                UsageFault_Handler
                0x0000fbba                SecureFault_Handler
                0x0000fbba                Default_Handler
                0x0000fbba                MemManage_Handler
                0x0000fbba                SVC_Handler
                0x0000fbba                BusFault_Handler
                0x0000fbba                DebugMon_Handler
 *fill*         0x0000fbca        0x2 ff
 .text.SystemInit
                0x0000fbcc       0xf0 ./ra/fsp/src/bsp/cmsis/Device/RENESAS/Source/system.o
                0x0000fbcc                SystemInit
 .text.mpu6xxx_write_reg
                0x0000fcbc       0x68 ./packages/mpu6xxx-latest/src/mpu6xxx.o
 .text.mpu6xxx_read_regs
                0x0000fd24       0x7e ./packages/mpu6xxx-latest/src/mpu6xxx.o
 .text.mpu6xxx_write_bit
                0x0000fda2       0x80 ./packages/mpu6xxx-latest/src/mpu6xxx.o
 .text.mpu6xxx_read_bit
                0x0000fe22       0x4e ./packages/mpu6xxx-latest/src/mpu6xxx.o
 .text.mpu6xxx_write_bits
                0x0000fe70       0x98 ./packages/mpu6xxx-latest/src/mpu6xxx.o
 .text.mpu6xxx_read_bits
                0x0000ff08       0x7a ./packages/mpu6xxx-latest/src/mpu6xxx.o
 .text.mpu92_mag_write_reg
                0x0000ff82       0x74 ./packages/mpu6xxx-latest/src/mpu6xxx.o
 .text.mpu6xxx_get_accel_raw
                0x0000fff6       0x70 ./packages/mpu6xxx-latest/src/mpu6xxx.o
 .text.mpu6xxx_get_gyro_raw
                0x00010066       0x70 ./packages/mpu6xxx-latest/src/mpu6xxx.o
 .text.mpu6xxx_get_temp_raw
                0x000100d6       0x44 ./packages/mpu6xxx-latest/src/mpu6xxx.o
 *fill*         0x0001011a        0x2 ff
 .text.mpu6xxx_get_param
                0x0001011c      0x140 ./packages/mpu6xxx-latest/src/mpu6xxx.o
 .text.mpu6xxx_set_param
                0x0001025c      0x150 ./packages/mpu6xxx-latest/src/mpu6xxx.o
                0x0001025c                mpu6xxx_set_param
 .text.mpu6xxx_get_accel
                0x000103ac       0x88 ./packages/mpu6xxx-latest/src/mpu6xxx.o
                0x000103ac                mpu6xxx_get_accel
 .text.mpu6xxx_get_gyro
                0x00010434       0x82 ./packages/mpu6xxx-latest/src/mpu6xxx.o
                0x00010434                mpu6xxx_get_gyro
 *fill*         0x000104b6        0x2 ff
 .text.mpu6xxx_get_temp
                0x000104b8       0xbc ./packages/mpu6xxx-latest/src/mpu6xxx.o
                0x000104b8                mpu6xxx_get_temp
 .text.mpu6xxx_init
                0x00010574      0x338 ./packages/mpu6xxx-latest/src/mpu6xxx.o
                0x00010574                mpu6xxx_init
 .text.mpu6xxx_deinit
                0x000108ac       0x30 ./packages/mpu6xxx-latest/src/mpu6xxx.o
                0x000108ac                mpu6xxx_deinit
 .text.mpu6xxx  0x000108dc      0x310 ./packages/mpu6xxx-latest/src/mpu6xxx.o
 .text.__NVIC_SetPriority
                0x00010bec       0x54 ./libraries/HAL_Drivers/drv_common.o
 .text.__NVIC_SystemReset
                0x00010c40       0x2c ./libraries/HAL_Drivers/drv_common.o
 .text.SysTick_Config
                0x00010c6c       0x44 ./libraries/HAL_Drivers/drv_common.o
 .text.reboot   0x00010cb0       0x10 ./libraries/HAL_Drivers/drv_common.o
 .text.rt_hw_systick_init
                0x00010cc0       0x2c ./libraries/HAL_Drivers/drv_common.o
                0x00010cc0                rt_hw_systick_init
 .text.SysTick_Handler
                0x00010cec       0x14 ./libraries/HAL_Drivers/drv_common.o
                0x00010cec                SysTick_Handler
 .text.rt_hw_board_init
                0x00010d00       0x34 ./libraries/HAL_Drivers/drv_common.o
                0x00010d00                rt_hw_board_init
 .text.R_BSP_WarmStart
                0x00010d34       0x2c ./libraries/HAL_Drivers/drv_common.o
                0x00010d34                R_BSP_WarmStart
 .text.R_BSP_PinRead
                0x00010d60       0x38 ./libraries/HAL_Drivers/drv_gpio.o
 .text.R_BSP_PinWrite
                0x00010d98       0x68 ./libraries/HAL_Drivers/drv_gpio.o
 .text.R_BSP_PinAccessEnable
                0x00010e00       0x60 ./libraries/HAL_Drivers/drv_gpio.o
 .text.R_BSP_PinAccessDisable
                0x00010e60       0x68 ./libraries/HAL_Drivers/drv_gpio.o
 .text.ra_pin_get_irqx
                0x00010ec8      0x280 ./libraries/HAL_Drivers/drv_gpio.o
 .text.ra_irq_tab_init
                0x00011148       0x7c ./libraries/HAL_Drivers/drv_gpio.o
 .text.ra_pin_map_init
                0x000111c4       0x50 ./libraries/HAL_Drivers/drv_gpio.o
 .text.ra_pin_mode
                0x00011214       0xdc ./libraries/HAL_Drivers/drv_gpio.o
 .text.ra_pin_write
                0x000112f0       0x3a ./libraries/HAL_Drivers/drv_gpio.o
 *fill*         0x0001132a        0x2 ff
 .text.ra_pin_read
                0x0001132c       0x48 ./libraries/HAL_Drivers/drv_gpio.o
 .text.ra_pin_irq_enable
                0x00011374      0x104 ./libraries/HAL_Drivers/drv_gpio.o
 .text.ra_pin_attach_irq
                0x00011478      0x12c ./libraries/HAL_Drivers/drv_gpio.o
 .text.ra_pin_dettach_irq
                0x000115a4       0xb4 ./libraries/HAL_Drivers/drv_gpio.o
 .text.ra_pin_get
                0x00011658       0xce ./libraries/HAL_Drivers/drv_gpio.o
 *fill*         0x00011726        0x2 ff
 .text.rt_hw_pin_init
                0x00011728       0x24 ./libraries/HAL_Drivers/drv_gpio.o
                0x00011728                rt_hw_pin_init
 .text.irq0_callback
                0x0001174c       0x34 ./libraries/HAL_Drivers/drv_gpio.o
                0x0001174c                irq0_callback
 .text.R_FSP_SystemClockHzGet
                0x00011780       0x4c ./libraries/HAL_Drivers/drv_pwm.o
 .text._convert_counts_ns
                0x000117cc       0x68 ./libraries/HAL_Drivers/drv_pwm.o
 *fill*         0x00011834        0x4 ff
 .text._convert_ns_counts
                0x00011838       0x68 ./libraries/HAL_Drivers/drv_pwm.o
 .text.drv_pwm_enable
                0x000118a0       0x46 ./libraries/HAL_Drivers/drv_pwm.o
 .text.drv_pwm_get
                0x000118e6       0x70 ./libraries/HAL_Drivers/drv_pwm.o
 .text.drv_pwm_set
                0x00011956       0xb4 ./libraries/HAL_Drivers/drv_pwm.o
 *fill*         0x00011a0a        0x2 ff
 .text.drv_pwm_control
                0x00011a0c       0x84 ./libraries/HAL_Drivers/drv_pwm.o
 .text.rt_hw_pwm_init
                0x00011a90       0xa4 ./libraries/HAL_Drivers/drv_pwm.o
                0x00011a90                rt_hw_pwm_init
 .text.ra_i2c_gpio_init
                0x00011b34       0x46 ./libraries/HAL_Drivers/drv_soft_i2c.o
 .text.ra_set_sda
                0x00011b7a       0x36 ./libraries/HAL_Drivers/drv_soft_i2c.o
 .text.ra_set_scl
                0x00011bb0       0x36 ./libraries/HAL_Drivers/drv_soft_i2c.o
 .text.ra_get_sda
                0x00011be6       0x20 ./libraries/HAL_Drivers/drv_soft_i2c.o
 .text.ra_get_scl
                0x00011c06       0x20 ./libraries/HAL_Drivers/drv_soft_i2c.o
 *fill*         0x00011c26        0x2 ff
 .text.ra_udelay
                0x00011c28       0x84 ./libraries/HAL_Drivers/drv_soft_i2c.o
 .text.ra_i2c_bus_unlock
                0x00011cac       0x6c ./libraries/HAL_Drivers/drv_soft_i2c.o
 .text.rt_hw_i2c_init
                0x00011d18       0xf0 ./libraries/HAL_Drivers/drv_soft_i2c.o
                0x00011d18                rt_hw_i2c_init
 .text.ra_uart_get_config
                0x00011e08       0x7c ./libraries/HAL_Drivers/drv_usart_v2.o
 .text.ra_uart_configure
                0x00011e84       0x7c ./libraries/HAL_Drivers/drv_usart_v2.o
 .text.ra_uart_control
                0x00011f00       0x1a ./libraries/HAL_Drivers/drv_usart_v2.o
 *fill*         0x00011f1a        0x2 ff
 .text.ra_uart_putc
                0x00011f1c       0x68 ./libraries/HAL_Drivers/drv_usart_v2.o
 .text.ra_uart_getc
                0x00011f84       0x16 ./libraries/HAL_Drivers/drv_usart_v2.o
 *fill*         0x00011f9a        0x2 ff
 .text.user_uart3_callback
                0x00011f9c       0x78 ./libraries/HAL_Drivers/drv_usart_v2.o
                0x00011f9c                user_uart3_callback
 .text.user_uart7_callback
                0x00012014       0x78 ./libraries/HAL_Drivers/drv_usart_v2.o
                0x00012014                user_uart7_callback
 .text.rt_hw_usart_init
                0x0001208c       0xb8 ./libraries/HAL_Drivers/drv_usart_v2.o
                0x0001208c                rt_hw_usart_init
 .text.atof     0x00012144        0x8 d:/rt-thread/rt-threadstudio/repo/extract/toolchain_support_packages/arm/gnu_tools_for_arm_embedded_processors/10.2.1/bin/../lib/gcc/arm-none-eabi/10.2.1/../../../../arm-none-eabi/lib/thumb/v8-m.main+fp/hard\libc.a(lib_a-atof.o)
                0x00012144                atof
 .text.atoi     0x0001214c        0x8 d:/rt-thread/rt-threadstudio/repo/extract/toolchain_support_packages/arm/gnu_tools_for_arm_embedded_processors/10.2.1/bin/../lib/gcc/arm-none-eabi/10.2.1/../../../../arm-none-eabi/lib/thumb/v8-m.main+fp/hard\libc.a(lib_a-atoi.o)
                0x0001214c                atoi
 .text.memcmp   0x00012154       0x60 d:/rt-thread/rt-threadstudio/repo/extract/toolchain_support_packages/arm/gnu_tools_for_arm_embedded_processors/10.2.1/bin/../lib/gcc/arm-none-eabi/10.2.1/../../../../arm-none-eabi/lib/thumb/v8-m.main+fp/hard\libc.a(lib_a-memcmp.o)
                0x00012154                memcmp
 .text          0x000121b4       0xec d:/rt-thread/rt-threadstudio/repo/extract/toolchain_support_packages/arm/gnu_tools_for_arm_embedded_processors/10.2.1/bin/../lib/gcc/arm-none-eabi/10.2.1/../../../../arm-none-eabi/lib/thumb/v8-m.main+fp/hard\libc.a(lib_a-memcpy.o)
                0x000121b4                memcpy
 .text.memset   0x000122a0       0xa4 d:/rt-thread/rt-threadstudio/repo/extract/toolchain_support_packages/arm/gnu_tools_for_arm_embedded_processors/10.2.1/bin/../lib/gcc/arm-none-eabi/10.2.1/../../../../arm-none-eabi/lib/thumb/v8-m.main+fp/hard\libc.a(lib_a-memset.o)
                0x000122a0                memset
 .text          0x00012344      0x1bc d:/rt-thread/rt-threadstudio/repo/extract/toolchain_support_packages/arm/gnu_tools_for_arm_embedded_processors/10.2.1/bin/../lib/gcc/arm-none-eabi/10.2.1/../../../../arm-none-eabi/lib/thumb/v8-m.main+fp/hard\libc.a(lib_a-strcmp.o)
                0x00012344                strcmp
 .text.strlen   0x00012500       0x5c d:/rt-thread/rt-threadstudio/repo/extract/toolchain_support_packages/arm/gnu_tools_for_arm_embedded_processors/10.2.1/bin/../lib/gcc/arm-none-eabi/10.2.1/../../../../arm-none-eabi/lib/thumb/v8-m.main+fp/hard\libc.a(lib_a-strlen-stub.o)
                0x00012500                strlen
 .text.strncmp  0x0001255c       0x78 d:/rt-thread/rt-threadstudio/repo/extract/toolchain_support_packages/arm/gnu_tools_for_arm_embedded_processors/10.2.1/bin/../lib/gcc/arm-none-eabi/10.2.1/../../../../arm-none-eabi/lib/thumb/v8-m.main+fp/hard\libc.a(lib_a-strncmp.o)
                0x0001255c                strncmp
 .text.strncpy  0x000125d4       0x64 d:/rt-thread/rt-threadstudio/repo/extract/toolchain_support_packages/arm/gnu_tools_for_arm_embedded_processors/10.2.1/bin/../lib/gcc/arm-none-eabi/10.2.1/../../../../arm-none-eabi/lib/thumb/v8-m.main+fp/hard\libc.a(lib_a-strncpy.o)
                0x000125d4                strncpy
 .text._strtod_l
                0x00012638      0xf30 d:/rt-thread/rt-threadstudio/repo/extract/toolchain_support_packages/arm/gnu_tools_for_arm_embedded_processors/10.2.1/bin/../lib/gcc/arm-none-eabi/10.2.1/../../../../arm-none-eabi/lib/thumb/v8-m.main+fp/hard\libc.a(lib_a-strtod.o)
                0x00012638                _strtod_l
 .text.strtod   0x00013568       0x1c d:/rt-thread/rt-threadstudio/repo/extract/toolchain_support_packages/arm/gnu_tools_for_arm_embedded_processors/10.2.1/bin/../lib/gcc/arm-none-eabi/10.2.1/../../../../arm-none-eabi/lib/thumb/v8-m.main+fp/hard\libc.a(lib_a-strtod.o)
                0x00013568                strtod
 .text._strtol_l.part.0
                0x00013584      0x104 d:/rt-thread/rt-threadstudio/repo/extract/toolchain_support_packages/arm/gnu_tools_for_arm_embedded_processors/10.2.1/bin/../lib/gcc/arm-none-eabi/10.2.1/../../../../arm-none-eabi/lib/thumb/v8-m.main+fp/hard\libc.a(lib_a-strtol.o)
 .text.strtol   0x00013688       0x2c d:/rt-thread/rt-threadstudio/repo/extract/toolchain_support_packages/arm/gnu_tools_for_arm_embedded_processors/10.2.1/bin/../lib/gcc/arm-none-eabi/10.2.1/../../../../arm-none-eabi/lib/thumb/v8-m.main+fp/hard\libc.a(lib_a-strtol.o)
                0x00013688                strtol
 .text.startup.register_fini
                0x000136b4       0x14 d:/rt-thread/rt-threadstudio/repo/extract/toolchain_support_packages/arm/gnu_tools_for_arm_embedded_processors/10.2.1/bin/../lib/gcc/arm-none-eabi/10.2.1/../../../../arm-none-eabi/lib/thumb/v8-m.main+fp/hard\libc.a(lib_a-__call_atexit.o)
 .text.atexit   0x000136c8        0xc d:/rt-thread/rt-threadstudio/repo/extract/toolchain_support_packages/arm/gnu_tools_for_arm_embedded_processors/10.2.1/bin/../lib/gcc/arm-none-eabi/10.2.1/../../../../arm-none-eabi/lib/thumb/v8-m.main+fp/hard\libc.a(lib_a-atexit.o)
                0x000136c8                atexit
 .text.__libc_fini_array
                0x000136d4       0x2c d:/rt-thread/rt-threadstudio/repo/extract/toolchain_support_packages/arm/gnu_tools_for_arm_embedded_processors/10.2.1/bin/../lib/gcc/arm-none-eabi/10.2.1/../../../../arm-none-eabi/lib/thumb/v8-m.main+fp/hard\libc.a(lib_a-fini.o)
                0x000136d4                __libc_fini_array
 .text.rshift   0x00013700       0xa8 d:/rt-thread/rt-threadstudio/repo/extract/toolchain_support_packages/arm/gnu_tools_for_arm_embedded_processors/10.2.1/bin/../lib/gcc/arm-none-eabi/10.2.1/../../../../arm-none-eabi/lib/thumb/v8-m.main+fp/hard\libc.a(lib_a-gdtoa-gethex.o)
 .text.__gethex
                0x000137a8      0x5f0 d:/rt-thread/rt-threadstudio/repo/extract/toolchain_support_packages/arm/gnu_tools_for_arm_embedded_processors/10.2.1/bin/../lib/gcc/arm-none-eabi/10.2.1/../../../../arm-none-eabi/lib/thumb/v8-m.main+fp/hard\libc.a(lib_a-gdtoa-gethex.o)
                0x000137a8                __gethex
 .text.__match  0x00013d98       0x34 d:/rt-thread/rt-threadstudio/repo/extract/toolchain_support_packages/arm/gnu_tools_for_arm_embedded_processors/10.2.1/bin/../lib/gcc/arm-none-eabi/10.2.1/../../../../arm-none-eabi/lib/thumb/v8-m.main+fp/hard\libc.a(lib_a-gdtoa-hexnan.o)
                0x00013d98                __match
 .text.__hexnan
                0x00013dcc      0x1b8 d:/rt-thread/rt-threadstudio/repo/extract/toolchain_support_packages/arm/gnu_tools_for_arm_embedded_processors/10.2.1/bin/../lib/gcc/arm-none-eabi/10.2.1/../../../../arm-none-eabi/lib/thumb/v8-m.main+fp/hard\libc.a(lib_a-gdtoa-hexnan.o)
                0x00013dcc                __hexnan
 .text.__retarget_lock_acquire_recursive
                0x00013f84        0x4 d:/rt-thread/rt-threadstudio/repo/extract/toolchain_support_packages/arm/gnu_tools_for_arm_embedded_processors/10.2.1/bin/../lib/gcc/arm-none-eabi/10.2.1/../../../../arm-none-eabi/lib/thumb/v8-m.main+fp/hard\libc.a(lib_a-lock.o)
                0x00013f84                __retarget_lock_acquire_recursive
 .text.__retarget_lock_release_recursive
                0x00013f88        0x4 d:/rt-thread/rt-threadstudio/repo/extract/toolchain_support_packages/arm/gnu_tools_for_arm_embedded_processors/10.2.1/bin/../lib/gcc/arm-none-eabi/10.2.1/../../../../arm-none-eabi/lib/thumb/v8-m.main+fp/hard\libc.a(lib_a-lock.o)
                0x00013f88                __retarget_lock_release_recursive
 .text.__ascii_mbtowc
                0x00013f8c       0x2c d:/rt-thread/rt-threadstudio/repo/extract/toolchain_support_packages/arm/gnu_tools_for_arm_embedded_processors/10.2.1/bin/../lib/gcc/arm-none-eabi/10.2.1/../../../../arm-none-eabi/lib/thumb/v8-m.main+fp/hard\libc.a(lib_a-mbtowc_r.o)
                0x00013f8c                __ascii_mbtowc
 .text._Balloc  0x00013fb8       0x4c d:/rt-thread/rt-threadstudio/repo/extract/toolchain_support_packages/arm/gnu_tools_for_arm_embedded_processors/10.2.1/bin/../lib/gcc/arm-none-eabi/10.2.1/../../../../arm-none-eabi/lib/thumb/v8-m.main+fp/hard\libc.a(lib_a-mprec.o)
                0x00013fb8                _Balloc
 .text._Bfree   0x00014004       0x14 d:/rt-thread/rt-threadstudio/repo/extract/toolchain_support_packages/arm/gnu_tools_for_arm_embedded_processors/10.2.1/bin/../lib/gcc/arm-none-eabi/10.2.1/../../../../arm-none-eabi/lib/thumb/v8-m.main+fp/hard\libc.a(lib_a-mprec.o)
                0x00014004                _Bfree
 .text.__multadd
                0x00014018       0xa8 d:/rt-thread/rt-threadstudio/repo/extract/toolchain_support_packages/arm/gnu_tools_for_arm_embedded_processors/10.2.1/bin/../lib/gcc/arm-none-eabi/10.2.1/../../../../arm-none-eabi/lib/thumb/v8-m.main+fp/hard\libc.a(lib_a-mprec.o)
                0x00014018                __multadd
 .text.__s2b    0x000140c0       0xb0 d:/rt-thread/rt-threadstudio/repo/extract/toolchain_support_packages/arm/gnu_tools_for_arm_embedded_processors/10.2.1/bin/../lib/gcc/arm-none-eabi/10.2.1/../../../../arm-none-eabi/lib/thumb/v8-m.main+fp/hard\libc.a(lib_a-mprec.o)
                0x000140c0                __s2b
 .text.__hi0bits
                0x00014170       0x44 d:/rt-thread/rt-threadstudio/repo/extract/toolchain_support_packages/arm/gnu_tools_for_arm_embedded_processors/10.2.1/bin/../lib/gcc/arm-none-eabi/10.2.1/../../../../arm-none-eabi/lib/thumb/v8-m.main+fp/hard\libc.a(lib_a-mprec.o)
                0x00014170                __hi0bits
 .text.__lo0bits
                0x000141b4       0x60 d:/rt-thread/rt-threadstudio/repo/extract/toolchain_support_packages/arm/gnu_tools_for_arm_embedded_processors/10.2.1/bin/../lib/gcc/arm-none-eabi/10.2.1/../../../../arm-none-eabi/lib/thumb/v8-m.main+fp/hard\libc.a(lib_a-mprec.o)
                0x000141b4                __lo0bits
 .text.__i2b    0x00014214       0x5c d:/rt-thread/rt-threadstudio/repo/extract/toolchain_support_packages/arm/gnu_tools_for_arm_embedded_processors/10.2.1/bin/../lib/gcc/arm-none-eabi/10.2.1/../../../../arm-none-eabi/lib/thumb/v8-m.main+fp/hard\libc.a(lib_a-mprec.o)
                0x00014214                __i2b
 .text.__multiply
                0x00014270      0x15c d:/rt-thread/rt-threadstudio/repo/extract/toolchain_support_packages/arm/gnu_tools_for_arm_embedded_processors/10.2.1/bin/../lib/gcc/arm-none-eabi/10.2.1/../../../../arm-none-eabi/lib/thumb/v8-m.main+fp/hard\libc.a(lib_a-mprec.o)
                0x00014270                __multiply
 .text.__pow5mult
                0x000143cc       0xc0 d:/rt-thread/rt-threadstudio/repo/extract/toolchain_support_packages/arm/gnu_tools_for_arm_embedded_processors/10.2.1/bin/../lib/gcc/arm-none-eabi/10.2.1/../../../../arm-none-eabi/lib/thumb/v8-m.main+fp/hard\libc.a(lib_a-mprec.o)
                0x000143cc                __pow5mult
 .text.__lshift
                0x0001448c       0xe8 d:/rt-thread/rt-threadstudio/repo/extract/toolchain_support_packages/arm/gnu_tools_for_arm_embedded_processors/10.2.1/bin/../lib/gcc/arm-none-eabi/10.2.1/../../../../arm-none-eabi/lib/thumb/v8-m.main+fp/hard\libc.a(lib_a-mprec.o)
                0x0001448c                __lshift
 .text.__mcmp   0x00014574       0x44 d:/rt-thread/rt-threadstudio/repo/extract/toolchain_support_packages/arm/gnu_tools_for_arm_embedded_processors/10.2.1/bin/../lib/gcc/arm-none-eabi/10.2.1/../../../../arm-none-eabi/lib/thumb/v8-m.main+fp/hard\libc.a(lib_a-mprec.o)
                0x00014574                __mcmp
 .text.__mdiff  0x000145b8      0x148 d:/rt-thread/rt-threadstudio/repo/extract/toolchain_support_packages/arm/gnu_tools_for_arm_embedded_processors/10.2.1/bin/../lib/gcc/arm-none-eabi/10.2.1/../../../../arm-none-eabi/lib/thumb/v8-m.main+fp/hard\libc.a(lib_a-mprec.o)
                0x000145b8                __mdiff
 .text.__ulp    0x00014700       0x64 d:/rt-thread/rt-threadstudio/repo/extract/toolchain_support_packages/arm/gnu_tools_for_arm_embedded_processors/10.2.1/bin/../lib/gcc/arm-none-eabi/10.2.1/../../../../arm-none-eabi/lib/thumb/v8-m.main+fp/hard\libc.a(lib_a-mprec.o)
                0x00014700                __ulp
 .text.__b2d    0x00014764       0xc4 d:/rt-thread/rt-threadstudio/repo/extract/toolchain_support_packages/arm/gnu_tools_for_arm_embedded_processors/10.2.1/bin/../lib/gcc/arm-none-eabi/10.2.1/../../../../arm-none-eabi/lib/thumb/v8-m.main+fp/hard\libc.a(lib_a-mprec.o)
                0x00014764                __b2d
 .text.__d2b    0x00014828       0xd0 d:/rt-thread/rt-threadstudio/repo/extract/toolchain_support_packages/arm/gnu_tools_for_arm_embedded_processors/10.2.1/bin/../lib/gcc/arm-none-eabi/10.2.1/../../../../arm-none-eabi/lib/thumb/v8-m.main+fp/hard\libc.a(lib_a-mprec.o)
                0x00014828                __d2b
 .text.__ratio  0x000148f8       0x5c d:/rt-thread/rt-threadstudio/repo/extract/toolchain_support_packages/arm/gnu_tools_for_arm_embedded_processors/10.2.1/bin/../lib/gcc/arm-none-eabi/10.2.1/../../../../arm-none-eabi/lib/thumb/v8-m.main+fp/hard\libc.a(lib_a-mprec.o)
                0x000148f8                __ratio
 .text.__copybits