Archive member included to satisfy reference by file (symbol)

d:/rt-thread/rt-threadstudio/repo/extract/toolchain_support_packages/arm/gnu_tools_for_arm_embedded_processors/10.2.1/bin/../lib/gcc/arm-none-eabi/10.2.1/../../../../arm-none-eabi/lib/thumb/v8-m.main+fp/hard\libm.a(lib_a-w_asin.o)
                              ./src/mpu6050.o (asin)
d:/rt-thread/rt-threadstudio/repo/extract/toolchain_support_packages/arm/gnu_tools_for_arm_embedded_processors/10.2.1/bin/../lib/gcc/arm-none-eabi/10.2.1/../../../../arm-none-eabi/lib/thumb/v8-m.main+fp/hard\libm.a(lib_a-w_atan2.o)
                              ./src/mpu6050.o (atan2)
d:/rt-thread/rt-threadstudio/repo/extract/toolchain_support_packages/arm/gnu_tools_for_arm_embedded_processors/10.2.1/bin/../lib/gcc/arm-none-eabi/10.2.1/../../../../arm-none-eabi/lib/thumb/v8-m.main+fp/hard\libm.a(lib_a-w_sqrt.o)
                              ./src/mpu6050.o (sqrt)
d:/rt-thread/rt-threadstudio/repo/extract/toolchain_support_packages/arm/gnu_tools_for_arm_embedded_processors/10.2.1/bin/../lib/gcc/arm-none-eabi/10.2.1/../../../../arm-none-eabi/lib/thumb/v8-m.main+fp/hard\libm.a(lib_a-e_asin.o)
                              d:/rt-thread/rt-threadstudio/repo/extract/toolchain_support_packages/arm/gnu_tools_for_arm_embedded_processors/10.2.1/bin/../lib/gcc/arm-none-eabi/10.2.1/../../../../arm-none-eabi/lib/thumb/v8-m.main+fp/hard\libm.a(lib_a-w_asin.o) (__ieee754_asin)
d:/rt-thread/rt-threadstudio/repo/extract/toolchain_support_packages/arm/gnu_tools_for_arm_embedded_processors/10.2.1/bin/../lib/gcc/arm-none-eabi/10.2.1/../../../../arm-none-eabi/lib/thumb/v8-m.main+fp/hard\libm.a(lib_a-e_atan2.o)
                              d:/rt-thread/rt-threadstudio/repo/extract/toolchain_support_packages/arm/gnu_tools_for_arm_embedded_processors/10.2.1/bin/../lib/gcc/arm-none-eabi/10.2.1/../../../../arm-none-eabi/lib/thumb/v8-m.main+fp/hard\libm.a(lib_a-w_atan2.o) (__ieee754_atan2)
d:/rt-thread/rt-threadstudio/repo/extract/toolchain_support_packages/arm/gnu_tools_for_arm_embedded_processors/10.2.1/bin/../lib/gcc/arm-none-eabi/10.2.1/../../../../arm-none-eabi/lib/thumb/v8-m.main+fp/hard\libm.a(lib_a-e_sqrt.o)
                              d:/rt-thread/rt-threadstudio/repo/extract/toolchain_support_packages/arm/gnu_tools_for_arm_embedded_processors/10.2.1/bin/../lib/gcc/arm-none-eabi/10.2.1/../../../../arm-none-eabi/lib/thumb/v8-m.main+fp/hard\libm.a(lib_a-w_sqrt.o) (__ieee754_sqrt)
d:/rt-thread/rt-threadstudio/repo/extract/toolchain_support_packages/arm/gnu_tools_for_arm_embedded_processors/10.2.1/bin/../lib/gcc/arm-none-eabi/10.2.1/../../../../arm-none-eabi/lib/thumb/v8-m.main+fp/hard\libm.a(lib_a-s_atan.o)
                              d:/rt-thread/rt-threadstudio/repo/extract/toolchain_support_packages/arm/gnu_tools_for_arm_embedded_processors/10.2.1/bin/../lib/gcc/arm-none-eabi/10.2.1/../../../../arm-none-eabi/lib/thumb/v8-m.main+fp/hard\libm.a(lib_a-e_atan2.o) (atan)
d:/rt-thread/rt-threadstudio/repo/extract/toolchain_support_packages/arm/gnu_tools_for_arm_embedded_processors/10.2.1/bin/../lib/gcc/arm-none-eabi/10.2.1/../../../../arm-none-eabi/lib/thumb/v8-m.main+fp/hard\libm.a(lib_a-s_fabs.o)
                              d:/rt-thread/rt-threadstudio/repo/extract/toolchain_support_packages/arm/gnu_tools_for_arm_embedded_processors/10.2.1/bin/../lib/gcc/arm-none-eabi/10.2.1/../../../../arm-none-eabi/lib/thumb/v8-m.main+fp/hard\libm.a(lib_a-w_asin.o) (fabs)
d:/rt-thread/rt-threadstudio/repo/extract/toolchain_support_packages/arm/gnu_tools_for_arm_embedded_processors/10.2.1/bin/../lib/gcc/arm-none-eabi/10.2.1/../../../../arm-none-eabi/lib/thumb/v8-m.main+fp/hard\libm.a(lib_a-s_lib_ver.o)
                              d:/rt-thread/rt-threadstudio/repo/extract/toolchain_support_packages/arm/gnu_tools_for_arm_embedded_processors/10.2.1/bin/../lib/gcc/arm-none-eabi/10.2.1/../../../../arm-none-eabi/lib/thumb/v8-m.main+fp/hard\libm.a(lib_a-w_asin.o) (__fdlib_version)
d:/rt-thread/rt-threadstudio/repo/extract/toolchain_support_packages/arm/gnu_tools_for_arm_embedded_processors/10.2.1/bin/../lib/gcc/arm-none-eabi/10.2.1/../../../../arm-none-eabi/lib/thumb/v8-m.main+fp/hard\libm.a(lib_a-s_nan.o)
                              d:/rt-thread/rt-threadstudio/repo/extract/toolchain_support_packages/arm/gnu_tools_for_arm_embedded_processors/10.2.1/bin/../lib/gcc/arm-none-eabi/10.2.1/../../../../arm-none-eabi/lib/thumb/v8-m.main+fp/hard\libm.a(lib_a-w_asin.o) (nan)
d:/rt-thread/rt-threadstudio/repo/extract/toolchain_support_packages/arm/gnu_tools_for_arm_embedded_processors/10.2.1/bin/../lib/gcc/arm-none-eabi/10.2.1/../../../../arm-none-eabi/lib/thumb/v8-m.main+fp/hard\libc.a(lib_a-atof.o)
                              ./src/pid.o (atof)
d:/rt-thread/rt-threadstudio/repo/extract/toolchain_support_packages/arm/gnu_tools_for_arm_embedded_processors/10.2.1/bin/../lib/gcc/arm-none-eabi/10.2.1/../../../../arm-none-eabi/lib/thumb/v8-m.main+fp/hard\libc.a(lib_a-atoi.o)
[...]
Memory Configuration

Name             Origin             Length             Attributes
FLASH            0x00000000         0x00100000         xr
RAM              0x20000000         0x00040000         xrw
DATA_FLASH       0x08000000         0x00002000         xr
QSPI_FLASH       0x60000000         0x04000000         xr
OSPI_DEVICE_0    0x68000000         0x08000000         xr
OSPI_DEVICE_1    0x70000000         0x10000000         xr
OSPI_DEVICE_0_RAM 0x68000000         0x08000000         xrw
OSPI_DEVICE_1_RAM 0x70000000         0x10000000         xrw
SDRAM            0x90000000         0x00000000         xrw
OPTION_SETTING   0x0100a100         0x00000100         r
OPTION_SETTING_S 0x0100a200         0x00000100         r
ID_CODE          0x00000000         0x00000000         xr
*default*        0x00000000         0xffffffff

Linker script and memory map

LOAD d:/rt-thread/rt-threadstudio/repo/extract/toolchain_support_packages/arm/gnu_tools_for_arm_embedded_processors/10.2.1/bin/../lib/gcc/arm-none-eabi/10.2.1/thumb/v8-m.main+fp/hard/crti.o
LOAD d:/rt-thread/rt-threadstudio/repo/extract/toolchain_support_packages/arm/gnu_tools_for_arm_embedded_processors/10.2.1/bin/../lib/gcc/arm-none-eabi/10.2.1/thumb/v8-m.main+fp/hard/crtbegin.o
LOAD d:/rt-thread/rt-threadstudio/repo/extract/toolchain_support_packages/arm/gnu_tools_for_arm_embedded_processors/10.2.1/bin/../lib/gcc/arm-none-eabi/10.2.1/../../../../arm-none-eabi/lib/thumb/v8-m.main+fp/hard/crt0.o
LOAD ./src/controller.o
LOAD ./src/encoder_cb.o
LOAD ./src/hal_entry.o
LOAD ./src/mpu6050.o
LOAD ./src/odometry.o
LOAD ./src/pid.o
LOAD ./src/pwm_config.o
LOAD ./src/uart_raspi.o
LOAD ./src/uart_ros.o
LOAD ./rt-thread/src/clock.o
LOAD ./rt-thread/src/components.o
LOAD ./rt-thread/src/device.o
LOAD ./rt-thread/src/idle.o
LOAD ./rt-thread/src/ipc.o
LOAD ./rt-thread/src/irq.o
LOAD ./rt-thread/src/kservice.o
LOAD ./rt-thread/src/mem.o
LOAD ./rt-thread/src/object.o
LOAD ./rt-thread/src/scheduler.o
LOAD ./rt-thread/src/thread.o
LOAD ./rt-thread/src/timer.o
LOAD ./rt-thread/libcpu/arm/cortex-m4/context_gcc.o
LOAD ./rt-thread/libcpu/arm/cortex-m4/cpuport.o
LOAD ./rt-thread/libcpu/arm/common/backtrace.o
LOAD ./rt-thread/libcpu/arm/common/div0.o
LOAD ./rt-thread/libcpu/arm/common/showmem.o
LOAD ./rt-thread/components/utilities/ulog/backend/console_be.o
LOAD ./rt-thread/components/utilities/ulog/ulog.o
LOAD ./rt-thread/components/libc/compilers/newlib/syscalls.o
LOAD ./rt-thread/components/libc/compilers/common/stdlib.o
LOAD ./rt-thread/components/libc/compilers/common/time.o
LOAD ./rt-thread/components/finsh/cmd.o
LOAD ./rt-thread/components/finsh/msh.o
LOAD ./rt-thread/components/finsh/shell.o
LOAD ./rt-thread/components/drivers/serial/serial_v2.o
LOAD ./rt-thread/components/drivers/sensors/sensor.o
LOAD ./rt-thread/components/drivers/sensors/sensor_cmd.o
LOAD ./rt-thread/components/drivers/rtc/rtc.o
LOAD ./rt-thread/components/drivers/rtc/soft_rtc.o
LOAD ./rt-thread/components/drivers/misc/pin.o
LOAD ./rt-thread/components/drivers/misc/pulse_encoder.o
LOAD ./rt-thread/components/drivers/misc/rt_drv_pwm.o
LOAD ./rt-thread/components/drivers/ipc/completion.o
LOAD ./rt-thread/components/drivers/ipc/dataqueue.o
LOAD ./rt-thread/components/drivers/ipc/pipe.o
LOAD ./rt-thread/components/drivers/ipc/ringblk_buf.o
LOAD ./rt-thread/components/drivers/ipc/ringbuffer.o
LOAD ./rt-thread/components/drivers/ipc/waitqueue.o
LOAD ./rt-thread/components/drivers/ipc/workqueue.o
LOAD ./rt-thread/components/drivers/i2c/i2c-bit-ops.o
LOAD ./rt-thread/components/drivers/i2c/i2c_core.o
LOAD ./rt-thread/components/drivers/i2c/i2c_dev.o
LOAD ./rt-thread/components/drivers/hwtimer/hwtimer.o
LOAD ./ra_gen/common_data.o
LOAD ./ra_gen/hal_data.o
LOAD ./ra_gen/main.o
LOAD ./ra_gen/pin_data.o
LOAD ./ra_gen/vector_data.o
LOAD ./ra/fsp/src/r_sci_uart/r_sci_uart.o
LOAD ./ra/fsp/src/r_rtc/r_rtc.o
LOAD ./ra/fsp/src/r_ioport/r_ioport.o
LOAD ./ra/fsp/src/r_iic_master/r_iic_master.o
LOAD ./ra/fsp/src/r_icu/r_icu.o
LOAD ./ra/fsp/src/r_gpt/r_gpt.o
LOAD ./ra/fsp/src/bsp/mcu/all/bsp_clocks.o
LOAD ./ra/fsp/src/bsp/mcu/all/bsp_common.o
LOAD ./ra/fsp/src/bsp/mcu/all/bsp_delay.o
LOAD ./ra/fsp/src/bsp/mcu/all/bsp_group_irq.o
LOAD ./ra/fsp/src/bsp/mcu/all/bsp_guard.o
LOAD ./ra/fsp/src/bsp/mcu/all/bsp_io.o
LOAD ./ra/fsp/src/bsp/mcu/all/bsp_irq.o
LOAD ./ra/fsp/src/bsp/mcu/all/bsp_register_protection.o
LOAD ./ra/fsp/src/bsp/mcu/all/bsp_rom_registers.o
LOAD ./ra/fsp/src/bsp/mcu/all/bsp_sbrk.o
LOAD ./ra/fsp/src/bsp/mcu/all/bsp_security.o
LOAD ./ra/fsp/src/bsp/cmsis/Device/RENESAS/Source/startup.o
LOAD ./ra/fsp/src/bsp/cmsis/Device/RENESAS/Source/system.o
LOAD ./packages/rt_vsnprintf_full-latest/rt_vsnprintf.o
LOAD ./packages/mpu6xxx-latest/src/mpu6xxx.o
LOAD ./packages/mpu6xxx-latest/src/sensor_inven_mpu6xxx.o
LOAD ./libraries/HAL_Drivers/drv_common.o
LOAD ./libraries/HAL_Drivers/drv_gpio.o
LOAD ./libraries/HAL_Drivers/drv_pwm.o
LOAD ./libraries/HAL_Drivers/drv_soft_i2c.o
LOAD ./libraries/HAL_Drivers/drv_usart_v2.o
LOAD ./board/ports/drv_rw007.o
LOAD d:/rt-thread/rt-threadstudio/repo/extract/toolchain_support_packages/arm/gnu_tools_for_arm_embedded_processors/10.2.1/bin/../lib/gcc/arm-none-eabi/10.2.1/../../../../arm-none-eabi/lib/thumb/v8-m.main+fp/hard\libm.a
LOAD d:/rt-thread/rt-threadstudio/repo/extract/toolchain_support_packages/arm/gnu_tools_for_arm_embedded_processors/10.2.1/bin/../lib/gcc/arm-none-eabi/10.2.1/../../../../arm-none-eabi/lib/thumb/v8-m.main+fp/hard\libc.a
START GROUP
LOAD d:/rt-thread/rt-threadstudio/repo/extract/toolchain_support_packages/arm/gnu_tools_for_arm_embedded_processors/10.2.1/bin/../lib/gcc/arm-none-eabi/10.2.1/thumb/v8-m.main+fp/hard\libgcc.a
LOAD d:/rt-thread/rt-threadstudio/repo/extract/toolchain_support_packages/arm/gnu_tools_for_arm_embedded_processors/10.2.1/bin/../lib/gcc/arm-none-eabi/10.2.1/../../../../arm-none-eabi/lib/thumb/v8-m.main+fp/hard\libc.a
END GROUP
LOAD d:/rt-thread/rt-threadstudio/repo/extract/toolchain_support_packages/arm/gnu_tools_for_arm_embedded_processors/10.2.1/bin/../lib/gcc/arm-none-eabi/10.2.1/thumb/v8-m.main+fp/hard/crtend.o
LOAD d:/rt-thread/rt-threadstudio/repo/extract/toolchain_support_packages/arm/gnu_tools_for_arm_embedded_processors/10.2.1/bin/../lib/gcc/arm-none-eabi/10.2.1/thumb/v8-m.main+fp/hard/crtn.o
                0x20000000                RAM_START = 0x20000000
                0x00040000                RAM_LENGTH = 0x40000
                0x00000000                FLASH_START = 0x0
                0x00100000                FLASH_LENGTH = 0x100000
                0x08000000                DATA_FLASH_START = 0x8000000
                0x00002000                DATA_FLASH_LENGTH = 0x2000
                0x0100a100                OPTION_SETTING_START = 0x100a100
                0x00000100                OPTION_SETTING_LENGTH = 0x100
                0x0100a200                OPTION_SETTING_S_START = 0x100a200
                0x00000100                OPTION_SETTING_S_LENGTH = 0x100
                0x00000000                ID_CODE_START = 0x0
                0x00000000                ID_CODE_LENGTH = 0x0
                0x90000000                SDRAM_START = 0x90000000
                0x00000000                SDRAM_LENGTH = 0x0
                0x60000000                QSPI_FLASH_START = 0x60000000
                0x04000000                QSPI_FLASH_LENGTH = 0x4000000
                0x68000000                OSPI_DEVICE_0_START = 0x68000000
                0x08000000                OSPI_DEVICE_0_LENGTH = 0x8000000
                0x70000000                OSPI_DEVICE_1_START = 0x70000000
                0x10000000                OSPI_DEVICE_1_LENGTH = 0x10000000
                0x04000000                QSPI_FLASH_PRV_LENGTH = DEFINED (QSPI_FLASH_SIZE)?ABSOLUTE (QSPI_FLASH_SIZE):ABSOLUTE (QSPI_FLASH_LENGTH)
                0x08000000                OSPI_DEVICE_0_PRV_LENGTH = DEFINED (OSPI_DEVICE_0_SIZE)?ABSOLUTE (OSPI_DEVICE_0_SIZE):ABSOLUTE (OSPI_DEVICE_0_LENGTH)
                0x10000000                OSPI_DEVICE_1_PRV_LENGTH = DEFINED (OSPI_DEVICE_1_SIZE)?ABSOLUTE (OSPI_DEVICE_1_SIZE):ABSOLUTE (OSPI_DEVICE_1_LENGTH)
                0x00000000                __RESERVE_NS_RAM = ((! (DEFINED (PROJECT_NONSECURE)) && DEFINED (RAM_NS_BUFFER_LENGTH)) && (OPTION_SETTING_S_LENGTH != 0x0))
                0x00000000                RAM_NS_BUFFER_BLOCK_LENGTH = DEFINED (RAM_NS_BUFFER_LENGTH)?ALIGN (RAM_NS_BUFFER_LENGTH, 0x2000):0x0
                0x00000000                RAM_NS_BUFFER_LENGTH = DEFINED (RAM_NS_BUFFER_LENGTH)?RAM_NS_BUFFER_LENGTH:0x0
                0x20040000                RAM_NS_BUFFER_START = ((RAM_START + RAM_LENGTH) - RAM_NS_BUFFER_LENGTH)
                0x20040000                RAM_NS_BUFFER_BLOCK_START = ((RAM_START + RAM_LENGTH) - RAM_NS_BUFFER_BLOCK_LENGTH)
                0x0100a180                OPTION_SETTING_START_NS = 0x100a180
                0x00000001                __bl_FSP_BOOTABLE_IMAGE = 0x1
                0x00000001                __bln_FSP_BOOTABLE_IMAGE = 0x1
                0x00000001                PROJECT_SECURE_OR_FLAT = ((! (DEFINED (PROJECT_NONSECURE)) && OPTION_SETTING_LENGTH) && ! (DEFINED (FSP_BOOTABLE_IMAGE)))
                0x00000000                USE_OPTION_SETTING_NS = (DEFINED (PROJECT_NONSECURE) && ! (DEFINED (FSP_BOOTABLE_IMAGE)))
                0x00000000                __bl_FLASH_IMAGE_START = ! (DEFINED (FLASH_BOOTLOADER_LENGTH))?0x0:(FLASH_APPLICATION_IMAGE_NUMBER == 0x1)?(FLASH_BOOTLOADER_LENGTH + FLASH_BOOTLOADER_HEADER_LENGTH):(((FLASH_BOOTLOADER_LENGTH + FLASH_BOOTLOADER_SCRATCH_LENGTH) + FLASH_APPLICATION_S_LENGTH) + FLASH_BOOTLOADER_HEADER_LENGTH)
                0x00000000                __bl_FLASH_IMAGE_LENGTH = ! (DEFINED (FLASH_BOOTLOADER_LENGTH))?0x0:(FLASH_APPLICATION_S_LENGTH - FLASH_BOOTLOADER_HEADER_LENGTH)
                0x00000000                __bl_FLASH_IMAGE_END = (__bl_FLASH_IMAGE_START + __bl_FLASH_IMAGE_LENGTH)
                0x00000000                __bl_FLASH_NS_START = ! (DEFINED (FLASH_BOOTLOADER_LENGTH))?0x0:(FLASH_APPLICATION_NS_LENGTH == 0x0)?__bl_FLASH_IMAGE_END:((__bl_FLASH_IMAGE_START - FLASH_BOOTLOADER_HEADER_LENGTH) + FLASH_APPLICATION_S_LENGTH)
                0x00000000                __bl_FLASH_NSC_START = ! (DEFINED (FLASH_BOOTLOADER_LENGTH))?0x0:(FLASH_APPLICATION_NS_LENGTH == 0x0)?__bl_FLASH_IMAGE_END:(__bl_FLASH_NS_START - FLASH_APPLICATION_NSC_LENGTH)
                0x00000000                __bl_RAM_NS_START = ! (DEFINED (FLASH_BOOTLOADER_LENGTH))?0x0:(FLASH_APPLICATION_NS_LENGTH == 0x0)?(RAM_START + RAM_LENGTH):((RAM_START + RAM_LENGTH) - RAM_APPLICATION_NS_LENGTH)
                0x00000000                __bl_RAM_NSC_START = ! (DEFINED (FLASH_BOOTLOADER_LENGTH))?0x0:(FLASH_APPLICATION_NS_LENGTH == 0x0)?(RAM_START + RAM_LENGTH):(__bl_RAM_NS_START - RAM_APPLICATION_NSC_LENGTH)
                0x00000000                __bl_FLASH_NS_IMAGE_START = ! (DEFINED (FLASH_BOOTLOADER_LENGTH))?0x0:(FLASH_APPLICATION_NS_LENGTH == 0x0)?__bl_FLASH_IMAGE_END:(__bl_FLASH_NS_START + FLASH_BOOTLOADER_HEADER_LENGTH_2)
                0x00000000                __bln_FLASH_IMAGE_START = __bl_FLASH_NS_IMAGE_START
                0x00000000                __bln_FLASH_IMAGE_LENGTH = ! (DEFINED (FLASH_BOOTLOADER_LENGTH))?0x0:(FLASH_APPLICATION_NS_LENGTH == 0x0)?__bl_FLASH_IMAGE_END:(FLASH_APPLICATION_NS_LENGTH - FLASH_BOOTLOADER_HEADER_LENGTH_2)
                0x00000000                FLASH_ORIGIN = DEFINED (FLASH_IMAGE_START)?FLASH_IMAGE_START:FLASH_START
                0x00100000                LIMITED_FLASH_LENGTH = DEFINED (FLASH_IMAGE_LENGTH)?FLASH_IMAGE_LENGTH:DEFINED (FLASH_BOOTLOADER_LENGTH)?FLASH_BOOTLOADER_LENGTH:FLASH_LENGTH
START GROUP
LOAD d:/rt-thread/rt-threadstudio/repo/extract/toolchain_support_packages/arm/gnu_tools_for_arm_embedded_processors/10.2.1/bin/../lib/gcc/arm-none-eabi/10.2.1/thumb/v8-m.main+fp/hard\libgcc.a
LOAD d:/rt-thread/rt-threadstudio/repo/extract/toolchain_support_packages/arm/gnu_tools_for_arm_embedded_processors/10.2.1/bin/../lib/gcc/arm-none-eabi/10.2.1/../../../../arm-none-eabi/lib/thumb/v8-m.main+fp/hard\libc.a
LOAD d:/rt-thread/rt-threadstudio/repo/extract/toolchain_support_packages/arm/gnu_tools_for_arm_embedded_processors/10.2.1/bin/../lib/gcc/arm-none-eabi/10.2.1/../../../../arm-none-eabi/lib/thumb/v8-m.main+fp/hard\libm.a
LOAD d:/rt-thread/rt-threadstudio/repo/extract/toolchain_support_packages/arm/gnu_tools_for_arm_embedded_processors/10.2.1/bin/../lib/gcc/arm-none-eabi/10.2.1/../../../../arm-none-eabi/lib/thumb/v8-m.main+fp/hard\libnosys.a
END GROUP

.text           0x00000000    0x1dd38
                0x00000000                __tz_FLASH_S = ABSOLUTE (FLASH_START)
                0x00000000                __ROM_Start = .
 *(.fixed_vectors*)
 .fixed_vectors
                0x00000000       0x40 ./ra/fsp/src/bsp/cmsis/Device/RENESAS/Source/startup.o
                0x00000000                __Vectors
 *(.application_vectors*)
 .application_vectors
                0x00000040      0x180 ./ra_gen/vector_data.o
                0x00000040                g_vector_table
                0x000001c0                __Vectors_End = .
                0x000001c0                . = (OPTION_SETTING_LENGTH > 0x0)?.:(__ROM_Start + 0x400)
 *(.rom_registers*)
                0x000001c0                . = (OPTION_SETTING_LENGTH > 0x0)?.:(__ROM_Start + 0x500)
                0x00000200                . = ALIGN (0x80)
 *fill*         0x000001c0       0x40 ff
 *(.mcuboot_sce9_key*)
 *(.text*)
 .text          0x00000200       0x40 d:/rt-thread/rt-threadstudio/repo/extract/toolchain_support_packages/arm/gnu_tools_for_arm_embedded_processors/10.2.1/bin/../lib/gcc/arm-none-eabi/10.2.1/thumb/v8-m.main+fp/hard/crtbegin.o
 .text.car_init
                0x00000240       0xe8 ./src/controller.o
                0x00000240                car_init
 .text.car_start
                0x00000328       0x44 ./src/controller.o
                0x00000328                car_start
 .text.car_stop
                0x0000036c       0x40 ./src/controller.o
                0x0000036c                car_stop
 .text.car_forward
                0x000003ac       0x9c ./src/controller.o
                0x000003ac                car_forward
 .text.car_backup
                0x00000448       0x9c ./src/controller.o
                0x00000448                car_backup
 *fill*         0x000004e4        0x4 ff
 .text.car_TL   0x000004e8      0x16c ./src/controller.o
                0x000004e8                car_TL
 *fill*         0x00000654        0x4 ff
 .text.car_TR   0x00000658      0x16c ./src/controller.o
                0x00000658                car_TR
 *fill*         0x000007c4        0x4 ff
 .text.exit1_callback
                0x000007c8      0x23c ./src/encoder_cb.o
                0x000007c8                exit1_callback
 *fill*         0x00000a04        0x4 ff
 .text.exit4_callback
                0x00000a08      0x23c ./src/encoder_cb.o
                0x00000a08                exit4_callback
 .text.hal_entry
                0x00000c44      0x15c ./src/hal_entry.o
                0x00000c44                hal_entry
 .text.irq_callback_test
                0x00000da0       0x1c ./src/hal_entry.o
                0x00000da0                irq_callback_test
 .text.icu_sample
                0x00000dbc       0x68 ./src/hal_entry.o
                0x00000dbc                icu_sample
 .text.mpu6050_RD_thread_entry
                0x00000e24       0xb4 ./src/mpu6050.o
                0x00000e24                mpu6050_RD_thread_entry
 .text.mpu6050_RD
                0x00000ed8       0x7c ./src/mpu6050.o
                0x00000ed8                mpu6050_RD
 *fill*         0x00000f54        0x4 ff
 .text.IMUupdate
                0x00000f58      0x7a0 ./src/mpu6050.o
                0x00000f58                IMUupdate
 .text.SendData_thread_entry
                0x000016f8      0x100 ./src/odometry.o
                0x000016f8                SendData_thread_entry
 .text.odometry_thread
                0x000017f8       0x88 ./src/odometry.o
                0x000017f8                odometry_thread
 .text.pid_set  0x00001880       0xc4 ./src/pid.o
                0x00001880                pid_set
 .text.pwm_init
                0x00001944       0xc0 ./src/pwm_config.o
                0x00001944                pwm_init
 .text.pwm_ex_set_pulse
                0x00001a04      0x114 ./src/pwm_config.o
                0x00001a04                pwm_ex_set_pulse
 .text.pwm_set_pulse
                0x00001b18       0x44 ./src/pwm_config.o
                0x00001b18                pwm_set_pulse
 .text.pwm_disable
                0x00001b5c       0x20 ./src/pwm_config.o
                0x00001b5c                pwm_disable
 .text.uart_input
                0x00001b7c       0x34 ./src/uart_raspi.o
 .text.uart_getchar
                0x00001bb0       0x48 ./src/uart_raspi.o
 .text.uart_raspi_thread_entry
                0x00001bf8      0x204 ./src/uart_raspi.o
 .text.uart_raspi_init
                0x00001dfc       0xf0 ./src/uart_raspi.o
                0x00001dfc                uart_raspi_init
 .text.uart_rx_ind
                0x00001eec       0x24 ./src/uart_ros.o
 .text.uart_sample_get_char
                0x00001f10       0x44 ./src/uart_ros.o
 .text.data_parsing
                0x00001f54       0xe4 ./src/uart_ros.o
 .text.uart_data_sample
                0x00002038      0x108 ./src/uart_ros.o
 .text.rt_tick_get
                0x00002140       0x18 ./rt-thread/src/clock.o
                0x00002140                rt_tick_get
 .text.rt_tick_increase
                0x00002158       0x7c ./rt-thread/src/clock.o
                0x00002158                rt_tick_increase
 .text.rt_tick_from_millisecond
                0x000021d4       0x78 ./rt-thread/src/clock.o
                0x000021d4                rt_tick_from_millisecond
 .text.rti_start
                0x0000224c       0x10 ./rt-thread/src/components.o
 .text.rti_board_start
                0x0000225c       0x10 ./rt-thread/src/components.o
 .text.rti_board_end
                0x0000226c       0x10 ./rt-thread/src/components.o
 .text.rti_end  0x0000227c       0x10 ./rt-thread/src/components.o
 .text.rt_components_board_init
                0x0000228c       0x34 ./rt-thread/src/components.o
                0x0000228c                rt_components_board_init
 .text.rt_components_init
                0x000022c0       0x34 ./rt-thread/src/components.o
                0x000022c0                rt_components_init
 .text.entry    0x000022f4        0xe ./rt-thread/src/components.o
                0x000022f4                entry
 .text.main_thread_entry
                0x00002302       0x18 ./rt-thread/src/components.o
                0x00002302                main_thread_entry
 *fill*         0x0000231a        0x2 ff
 .text.rt_application_init
                0x0000231c       0x4c ./rt-thread/src/components.o
                0x0000231c                rt_application_init
 .text.rtthread_startup
                0x00002368       0x2e ./rt-thread/src/components.o
                0x00002368                rtthread_startup
 .text.rt_device_register
                0x00002396       0x54 ./rt-thread/src/device.o
                0x00002396                rt_device_register
 .text.rt_device_find
                0x000023ea       0x1a ./rt-thread/src/device.o
                0x000023ea                rt_device_find
 .text.rt_device_open
                0x00002404      0x108 ./rt-thread/src/device.o
                0x00002404                rt_device_open
 .text.rt_device_close
                0x0000250c       0x9c ./rt-thread/src/device.o
                0x0000250c                rt_device_close
 .text.rt_device_read
                0x000025a8       0x88 ./rt-thread/src/device.o
                0x000025a8                rt_device_read
 .text.rt_device_write
                0x00002630       0x88 ./rt-thread/src/device.o
                0x00002630                rt_device_write
 .text.rt_device_control
                0x000026b8       0x68 ./rt-thread/src/device.o
                0x000026b8                rt_device_control
 .text.rt_device_set_rx_indicate
                0x00002720       0x54 ./rt-thread/src/device.o
                0x00002720                rt_device_set_rx_indicate
 .text.rt_list_insert_after
                0x00002774       0x32 ./rt-thread/src/idle.o
 .text.rt_list_remove
                0x000027a6       0x36 ./rt-thread/src/idle.o
 .text.rt_thread_defunct_enqueue
                0x000027dc       0x20 ./rt-thread/src/idle.o
                0x000027dc                rt_thread_defunct_enqueue
 .text.rt_thread_defunct_dequeue
                0x000027fc       0x44 ./rt-thread/src/idle.o
                0x000027fc                rt_thread_defunct_dequeue
 .text.rt_defunct_execute
                0x00002840       0x54 ./rt-thread/src/idle.o
 .text.rt_thread_idle_entry
                0x00002894       0x38 ./rt-thread/src/idle.o
 .text.rt_thread_idle_init
                0x000028cc       0x78 ./rt-thread/src/idle.o
                0x000028cc                rt_thread_idle_init
 .text.rt_list_init
                0x00002944       0x22 ./rt-thread/src/ipc.o
 .text.rt_list_insert_before
                0x00002966       0x32 ./rt-thread/src/ipc.o
 .text.rt_list_isempty
                0x00002998       0x24 ./rt-thread/src/ipc.o
 .text._ipc_object_init
                0x000029bc       0x1c ./rt-thread/src/ipc.o
 .text._ipc_list_suspend
                0x000029d8       0xa4 ./rt-thread/src/ipc.o
 .text._ipc_list_resume
                0x00002a7c       0x20 ./rt-thread/src/ipc.o
 .text._ipc_list_resume_all
                0x00002a9c       0x46 ./rt-thread/src/ipc.o
 *fill*         0x00002ae2        0x2 ff
 .text.rt_sem_init
                0x00002ae4       0x88 ./rt-thread/src/ipc.o
                0x00002ae4                rt_sem_init
 .text.rt_sem_create
                0x00002b6c       0xac ./rt-thread/src/ipc.o
                0x00002b6c                rt_sem_create
 .text.rt_sem_take
                0x00002c18      0x190 ./rt-thread/src/ipc.o
                0x00002c18                rt_sem_take
 .text.rt_sem_release
                0x00002da8       0xbc ./rt-thread/src/ipc.o
                0x00002da8                rt_sem_release
 .text.rt_sem_control
                0x00002e64       0x84 ./rt-thread/src/ipc.o
                0x00002e64                rt_sem_control
 .text.rt_mutex_init
                0x00002ee8       0x64 ./rt-thread/src/ipc.o
                0x00002ee8                rt_mutex_init
 .text.rt_mutex_take
                0x00002f4c      0x21c ./rt-thread/src/ipc.o
                0x00002f4c                rt_mutex_take
 .text.rt_mutex_release
                0x00003168      0x1bc ./rt-thread/src/ipc.o
                0x00003168                rt_mutex_release
 .text.rt_interrupt_enter
                0x00003324       0x40 ./rt-thread/src/irq.o
                0x00003324                rt_interrupt_enter
 .text.rt_interrupt_leave
                0x00003364       0x40 ./rt-thread/src/irq.o
                0x00003364                rt_interrupt_leave
 .text.rt_interrupt_get_nest
                0x000033a4       0x28 ./rt-thread/src/irq.o
                0x000033a4                rt_interrupt_get_nest
 .text.rt_set_errno
                0x000033cc       0x40 ./rt-thread/src/kservice.o
                0x000033cc                rt_set_errno
 .text._rt_errno
                0x0000340c       0x34 ./rt-thread/src/kservice.o
                0x0000340c                _rt_errno
 .text.rt_memset
                0x00003440       0xb6 ./rt-thread/src/kservice.o
                0x00003440                rt_memset
 .text.rt_memcpy
                0x000034f6       0xd2 ./rt-thread/src/kservice.o
                0x000034f6                rt_memcpy
 .text.rt_memmove
                0x000035c8       0x82 ./rt-thread/src/kservice.o
                0x000035c8                rt_memmove
 .text.rt_strncpy
                0x0000364a       0x64 ./rt-thread/src/kservice.o
                0x0000364a                rt_strncpy
 .text.rt_strncmp
                0x000036ae       0x4a ./rt-thread/src/kservice.o
                0x000036ae                rt_strncmp
 .text.rt_strlen
                0x000036f8       0x2e ./rt-thread/src/kservice.o
                0x000036f8                rt_strlen
 *fill*         0x00003726        0x2 ff
 .text.rt_show_version
                0x00003728       0x4c ./rt-thread/src/kservice.o
                0x00003728                rt_show_version
 .text.rt_vsprintf
                0x00003774       0x24 ./rt-thread/src/kservice.o
                0x00003774                rt_vsprintf
 .text.rt_sprintf
                0x00003798       0x2c ./rt-thread/src/kservice.o
                0x00003798                rt_sprintf
 .text.rt_console_get_device
                0x000037c4       0x18 ./rt-thread/src/kservice.o
                0x000037c4                rt_console_get_device
 .text.rt_console_set_device
                0x000037dc       0x58 ./rt-thread/src/kservice.o
                0x000037dc                rt_console_set_device
 .text.rt_hw_console_output
                0x00003834       0x14 ./rt-thread/src/kservice.o
                0x00003834                rt_hw_console_output
 .text.rt_kputs
                0x00003848       0x44 ./rt-thread/src/kservice.o
                0x00003848                rt_kputs
 .text.rt_kprintf
                0x0000388c       0x60 ./rt-thread/src/kservice.o
                0x0000388c                rt_kprintf
 .text._heap_lock_init
                0x000038ec       0x1c ./rt-thread/src/kservice.o
 .text._heap_lock
                0x00003908       0x28 ./rt-thread/src/kservice.o
 .text._heap_unlock
                0x00003930       0x40 ./rt-thread/src/kservice.o
 .text._smem_info
                0x00003970       0x4c ./rt-thread/src/kservice.o
 .text.rt_system_heap_init
                0x000039bc       0x64 ./rt-thread/src/kservice.o
                0x000039bc                rt_system_heap_init
 .text.rt_malloc
                0x00003a20       0x48 ./rt-thread/src/kservice.o
                0x00003a20                rt_malloc
 .text.rt_calloc
                0x00003a68       0x3c ./rt-thread/src/kservice.o
                0x00003a68                rt_calloc
 .text.rt_free  0x00003aa4       0x38 ./rt-thread/src/kservice.o
                0x00003aa4                rt_free
 .text.rt_memory_info
                0x00003adc       0x2a ./rt-thread/src/kservice.o
                0x00003adc                rt_memory_info
 *fill*         0x00003b06        0x2 ff
 .text.rt_assert_handler
                0x00003b08       0x4c ./rt-thread/src/kservice.o
                0x00003b08                rt_assert_handler
 .text.plug_holes
                0x00003b54       0xf8 ./rt-thread/src/mem.o
 .text.rt_smem_init
                0x00003c4c      0x104 ./rt-thread/src/mem.o
                0x00003c4c                rt_smem_init
 .text.rt_smem_alloc
                0x00003d50      0x268 ./rt-thread/src/mem.o
                0x00003d50                rt_smem_alloc
 .text.rt_smem_free
                0x00003fb8      0x140 ./rt-thread/src/mem.o
                0x00003fb8                rt_smem_free
 .text.rt_list_insert_after
                0x000040f8       0x32 ./rt-thread/src/object.o
 .text.rt_list_remove
                0x0000412a       0x36 ./rt-thread/src/object.o
 .text.rt_object_get_information
                0x00004160       0x48 ./rt-thread/src/object.o
                0x00004160                rt_object_get_information
 .text.rt_object_init
                0x000041a8       0xcc ./rt-thread/src/object.o
                0x000041a8                rt_object_init
 .text.rt_object_detach
                0x00004274       0x5c ./rt-thread/src/object.o
                0x00004274                rt_object_detach
 .text.rt_object_allocate
                0x000042d0       0xd8 ./rt-thread/src/object.o
                0x000042d0                rt_object_allocate
 .text.rt_object_delete
                0x000043a8       0x7c ./rt-thread/src/object.o
                0x000043a8                rt_object_delete
 .text.rt_object_is_systemobject
                0x00004424       0x3c ./rt-thread/src/object.o
                0x00004424                rt_object_is_systemobject
 .text.rt_object_get_type
                0x00004460       0x34 ./rt-thread/src/object.o
                0x00004460                rt_object_get_type
 .text.rt_object_find
                0x00004494       0xb4 ./rt-thread/src/object.o
                0x00004494                rt_object_find
 .text.rt_list_init
                0x00004548       0x22 ./rt-thread/src/scheduler.o
 .text.rt_list_insert_before
                0x0000456a       0x32 ./rt-thread/src/scheduler.o
 .text.rt_list_remove
                0x0000459c       0x36 ./rt-thread/src/scheduler.o
 .text.rt_list_isempty
                0x000045d2       0x24 ./rt-thread/src/scheduler.o
 *fill*         0x000045f6        0x2 ff
 .text._rt_scheduler_stack_check
                0x000045f8       0x94 ./rt-thread/src/scheduler.o
 .text._scheduler_get_highest_priority_thread
                0x0000468c       0x38 ./rt-thread/src/scheduler.o
 .text.rt_system_scheduler_init
                0x000046c4       0x38 ./rt-thread/src/scheduler.o
                0x000046c4                rt_system_scheduler_init
 .text.rt_system_scheduler_start
                0x000046fc       0x38 ./rt-thread/src/scheduler.o
                0x000046fc                rt_system_scheduler_start
 .text.rt_schedule
                0x00004734      0x19c ./rt-thread/src/scheduler.o
                0x00004734                rt_schedule
 .text.rt_schedule_insert_thread
                0x000048d0       0xac ./rt-thread/src/scheduler.o
                0x000048d0                rt_schedule_insert_thread
 .text.rt_schedule_remove_thread
                0x0000497c       0x70 ./rt-thread/src/scheduler.o
                0x0000497c                rt_schedule_remove_thread
 .text.rt_enter_critical
                0x000049ec       0x2c ./rt-thread/src/scheduler.o
                0x000049ec                rt_enter_critical
 .text.rt_exit_critical
                0x00004a18       0x54 ./rt-thread/src/scheduler.o
                0x00004a18                rt_exit_critical
 .text.rt_critical_level
                0x00004a6c       0x1c ./rt-thread/src/scheduler.o
                0x00004a6c                rt_critical_level
 .text.rt_list_init
                0x00004a88       0x22 ./rt-thread/src/thread.o
 .text.rt_list_remove
                0x00004aaa       0x36 ./rt-thread/src/thread.o
 .text._thread_exit
                0x00004ae0       0x42 ./rt-thread/src/thread.o
 *fill*         0x00004b22        0x2 ff
 .text._thread_timeout
                0x00004b24       0x8c ./rt-thread/src/thread.o
 .text._thread_init
                0x00004bb0       0xfc ./rt-thread/src/thread.o
 .text.rt_thread_init
                0x00004cac       0x70 ./rt-thread/src/thread.o
                0x00004cac                rt_thread_init
 .text.rt_thread_self
                0x00004d1c       0x18 ./rt-thread/src/thread.o
                0x00004d1c                rt_thread_self
 .text.rt_thread_startup
                0x00004d34       0x94 ./rt-thread/src/thread.o
                0x00004d34                rt_thread_startup
 .text.rt_thread_detach
                0x00004dc8       0xb0 ./rt-thread/src/thread.o
                0x00004dc8                rt_thread_detach
 .text.rt_thread_create
                0x00004e78       0x62 ./rt-thread/src/thread.o
                0x00004e78                rt_thread_create
 *fill*         0x00004eda        0x2 ff
 .text.rt_thread_delete
                0x00004edc       0xb0 ./rt-thread/src/thread.o
                0x00004edc                rt_thread_delete
 .text.rt_thread_sleep
                0x00004f8c       0x94 ./rt-thread/src/thread.o
                0x00004f8c                rt_thread_sleep
 .text.rt_thread_delay
                0x00005020       0x18 ./rt-thread/src/thread.o
                0x00005020                rt_thread_delay
 .text.rt_thread_mdelay
                0x00005038       0x20 ./rt-thread/src/thread.o
                0x00005038                rt_thread_mdelay
 .text.rt_thread_control
                0x00005058       0xfc ./rt-thread/src/thread.o
                0x00005058                rt_thread_control
 .text.rt_thread_suspend
                0x00005154       0xc8 ./rt-thread/src/thread.o
                0x00005154                rt_thread_suspend
 .text.rt_thread_resume
                0x0000521c       0x98 ./rt-thread/src/thread.o
                0x0000521c                rt_thread_resume
 .text.rt_list_init
                0x000052b4       0x22 ./rt-thread/src/timer.o
 .text.rt_list_insert_after
                0x000052d6       0x32 ./rt-thread/src/timer.o
 .text.rt_list_remove
                0x00005308       0x36 ./rt-thread/src/timer.o
 .text.rt_list_isempty
                0x0000533e       0x24 ./rt-thread/src/timer.o
 .text._timer_init
                0x00005362       0x6a ./rt-thread/src/timer.o
 .text._timer_list_next_timeout
                0x000053cc       0x48 ./rt-thread/src/timer.o
 .text._timer_remove
                0x00005414       0x36 ./rt-thread/src/timer.o
 *fill*         0x0000544a        0x2 ff
 .text.rt_timer_init
                0x0000544c       0x7c ./rt-thread/src/timer.o
                0x0000544c                rt_timer_init
 .text.rt_timer_detach
                0x000054c8       0x90 ./rt-thread/src/timer.o
                0x000054c8                rt_timer_detach
 .text.rt_timer_start
                0x00005558      0x224 ./rt-thread/src/timer.o
                0x00005558                rt_timer_start
 .text.rt_timer_stop
                0x0000577c       0x94 ./rt-thread/src/timer.o
                0x0000577c                rt_timer_stop
 .text.rt_timer_control
                0x00005810       0xf8 ./rt-thread/src/timer.o
                0x00005810                rt_timer_control
 .text.rt_timer_check
                0x00005908      0x108 ./rt-thread/src/timer.o
                0x00005908                rt_timer_check
 .text.rt_soft_timer_check
                0x00005a10      0x11c ./rt-thread/src/timer.o
                0x00005a10                rt_soft_timer_check
 .text._timer_thread_entry
                0x00005b2c       0x5c ./rt-thread/src/timer.o
 .text.rt_system_timer_init
                0x00005b88       0x34 ./rt-thread/src/timer.o
                0x00005b88                rt_system_timer_init
 .text.rt_system_timer_thread_init
                0x00005bbc       0x68 ./rt-thread/src/timer.o
                0x00005bbc                rt_system_timer_thread_init
 .text          0x00005c24      0x13c ./rt-thread/libcpu/arm/cortex-m4/context_gcc.o
                0x00005c24                rt_hw_interrupt_disable
                0x00005c2c                rt_hw_interrupt_enable
                0x00005c32                rt_hw_context_switch_interrupt
                0x00005c32                rt_hw_context_switch
                0x00005c52                PendSV_Handler
                0x00005cbe                rt_hw_context_switch_to
                0x00005d04                rt_hw_interrupt_thread_switch
                0x00005d08                HardFault_Handler
 .text.rt_hw_stack_init
                0x00005d60       0x90 ./rt-thread/libcpu/arm/cortex-m4/cpuport.o
                0x00005d60                rt_hw_stack_init
 .text.usage_fault_track
                0x00005df0       0xc4 ./rt-thread/libcpu/arm/cortex-m4/cpuport.o
 .text.bus_fault_track
                0x00005eb4       0xcc ./rt-thread/libcpu/arm/cortex-m4/cpuport.o
 .text.mem_manage_fault_track
                0x00005f80       0xb4 ./rt-thread/libcpu/arm/cortex-m4/cpuport.o
 .text.hard_fault_track
                0x00006034       0x78 ./rt-thread/libcpu/arm/cortex-m4/cpuport.o
 .text.rt_hw_hard_fault_exception
                0x000060ac      0x184 ./rt-thread/libcpu/arm/cortex-m4/cpuport.o
                0x000060ac                rt_hw_hard_fault_exception
 .text.__rt_ffs
                0x00006230       0x2a ./rt-thread/libcpu/arm/cortex-m4/cpuport.o
                0x00006230                __rt_ffs
 .text.ulog_console_backend_output
                0x0000625a       0x50 ./rt-thread/components/utilities/ulog/backend/console_be.o
                0x0000625a                ulog_console_backend_output
 *fill*         0x000062aa        0x2 ff
 .text.ulog_console_backend_init
                0x000062ac       0x2c ./rt-thread/components/utilities/ulog/backend/console_be.o
                0x000062ac                ulog_console_backend_init
 .text.rt_slist_init
                0x000062d8       0x1a ./rt-thread/components/utilities/ulog/ulog.o
 .text.rt_slist_append
                0x000062f2       0x36 ./rt-thread/components/utilities/ulog/ulog.o
 .text.rt_slist_first
                0x00006328       0x18 ./rt-thread/components/utilities/ulog/ulog.o
 .text.rt_slist_next
                0x00006340       0x18 ./rt-thread/components/utilities/ulog/ulog.o
 .text.ulog_strcpy
                0x00006358       0x74 ./rt-thread/components/utilities/ulog/ulog.o
                0x00006358                ulog_strcpy
 .text.ulog_ultoa
                0x000063cc       0xb0 ./rt-thread/components/utilities/ulog/ulog.o
                0x000063cc                ulog_ultoa
 .text.output_unlock
                0x0000647c       0x44 ./rt-thread/components/utilities/ulog/ulog.o
 .text.output_lock
                0x000064c0       0x48 ./rt-thread/components/utilities/ulog/ulog.o
 .text.get_log_buf
                0x00006508       0x20 ./rt-thread/components/utilities/ulog/ulog.o
 .text.ulog_formater
                0x00006528      0x2d0 ./rt-thread/components/utilities/ulog/ulog.o
                0x00006528                ulog_formater
 .text.ulog_output_to_all_backend
                0x000067f8      0x124 ./rt-thread/components/utilities/ulog/ulog.o
                0x000067f8                ulog_output_to_all_backend
 .text.do_output
                0x0000691c       0x46 ./rt-thread/components/utilities/ulog/ulog.o
 *fill*         0x00006962        0x2 ff
 .text.ulog_voutput
                0x00006964       0xdc ./rt-thread/components/utilities/ulog/ulog.o
                0x00006964                ulog_voutput
 .text.ulog_output
                0x00006a40       0x32 ./rt-thread/components/utilities/ulog/ulog.o
                0x00006a40                ulog_output
 *fill*         0x00006a72        0x2 ff
 .text.ulog_backend_register
                0x00006a74       0xc0 ./rt-thread/components/utilities/ulog/ulog.o
                0x00006a74                ulog_backend_register
 .text.ulog_init
                0x00006b34       0x44 ./rt-thread/components/utilities/ulog/ulog.o
                0x00006b34                ulog_init
 .text._calloc_r
                0x00006b78       0x2c ./rt-thread/components/libc/compilers/newlib/syscalls.o
                0x00006b78                _calloc_r
 .text.__errno  0x00006ba4        0xe ./rt-thread/components/libc/compilers/newlib/syscalls.o
                0x00006ba4                __errno
 *fill*         0x00006bb2        0x2 ff
 .text.__isleap
                0x00006bb4       0x60 ./rt-thread/components/libc/compilers/common/time.o
 .text.num2str  0x00006c14       0x58 ./rt-thread/components/libc/compilers/common/time.o
 .text.get_timeval
                0x00006c6c       0xb4 ./rt-thread/components/libc/compilers/common/time.o
 .text.gmtime_r
                0x00006d20      0x1e4 ./rt-thread/components/libc/compilers/common/time.o
                0x00006d20                gmtime_r
 .text.localtime_r
                0x00006f04       0xae ./rt-thread/components/libc/compilers/common/time.o
                0x00006f04                localtime_r
 *fill*         0x00006fb2        0x2 ff
 .text.localtime
                0x00006fb4       0x20 ./rt-thread/components/libc/compilers/common/time.o
                0x00006fb4                localtime
 .text.mktime   0x00006fd4       0x9c ./rt-thread/components/libc/compilers/common/time.o
                0x00006fd4                mktime
 .text.asctime_r
                0x00007070      0x218 ./rt-thread/components/libc/compilers/common/time.o
                0x00007070                asctime_r
 .text.asctime  0x00007288       0x20 ./rt-thread/components/libc/compilers/common/time.o
                0x00007288                asctime
 .text.ctime    0x000072a8       0x20 ./rt-thread/components/libc/compilers/common/time.o
                0x000072a8                ctime
 .text.time     0x000072c8       0x46 ./rt-thread/components/libc/compilers/common/time.o
                0x000072c8                time
 *fill*         0x0000730e        0x2 ff
 .text.timegm   0x00007310      0x52c ./rt-thread/components/libc/compilers/common/time.o
                0x00007310                timegm
 .text.tz_get   0x0000783c       0x18 ./rt-thread/components/libc/compilers/common/time.o
                0x0000783c                tz_get
 .text.tz_is_dst
                0x00007854       0x10 ./rt-thread/components/libc/compilers/common/time.o
                0x00007854                tz_is_dst
 .text.rt_list_isempty
                0x00007864       0x24 ./rt-thread/components/finsh/cmd.o
 .text.rt_list_len
                0x00007888       0x36 ./rt-thread/components/finsh/cmd.o
 *fill*         0x000078be        0x2 ff
 .text.clear    0x000078c0       0x14 ./rt-thread/components/finsh/cmd.o
 .text.version  0x000078d4        0xe ./rt-thread/components/finsh/cmd.o
                0x000078d4                version
 *fill*         0x000078e2        0x2 ff
 .text.object_split
                0x000078e4       0x28 ./rt-thread/components/finsh/cmd.o
 .text.list_find_init
                0x0000790c       0x46 ./rt-thread/components/finsh/cmd.o
 .text.list_get_next
                0x00007952       0xc6 ./rt-thread/components/finsh/cmd.o
 .text.list_thread
                0x00007a18      0x208 ./rt-thread/components/finsh/cmd.o
                0x00007a18                list_thread
 .text.show_wait_queue
                0x00007c20       0x54 ./rt-thread/components/finsh/cmd.o
 .text.list_sem
                0x00007c74      0x12c ./rt-thread/components/finsh/cmd.o
                0x00007c74                list_sem
 .text.list_event
                0x00007da0      0x118 ./rt-thread/components/finsh/cmd.o
                0x00007da0                list_event
 .text.list_mutex
                0x00007eb8       0xe8 ./rt-thread/components/finsh/cmd.o
                0x00007eb8                list_mutex
 .text.list_mailbox
                0x00007fa0      0x13c ./rt-thread/components/finsh/cmd.o
                0x00007fa0                list_mailbox
 .text.list_msgqueue
                0x000080dc      0x12c ./rt-thread/components/finsh/cmd.o
                0x000080dc                list_msgqueue
 .text.list_timer
                0x00008208      0x128 ./rt-thread/components/finsh/cmd.o
                0x00008208                list_timer
 .text.list_device
                0x00008330       0xf0 ./rt-thread/components/finsh/cmd.o
                0x00008330                list_device
 .text.msh_help
                0x00008420       0x5c ./rt-thread/components/finsh/msh.o
                0x00008420                msh_help
 .text.cmd_ps   0x0000847c       0x18 ./rt-thread/components/finsh/msh.o
                0x0000847c                cmd_ps
 .text.cmd_free
                0x00008494       0x5c ./rt-thread/components/finsh/msh.o
                0x00008494                cmd_free
 .text.msh_split
                0x000084f0      0x170 ./rt-thread/components/finsh/msh.o
 .text.msh_get_cmd
                0x00008660       0x64 ./rt-thread/components/finsh/msh.o
 .text._msh_exec_cmd
                0x000086c4       0xd4 ./rt-thread/components/finsh/msh.o
 .text.msh_exec
                0x00008798       0x8c ./rt-thread/components/finsh/msh.o
                0x00008798                msh_exec
 .text.str_common
                0x00008824       0x4a ./rt-thread/components/finsh/msh.o
 *fill*         0x0000886e        0x2 ff
 .text.msh_auto_complete
                0x00008870       0xb0 ./rt-thread/components/finsh/msh.o
                0x00008870                msh_auto_complete
 .text.finsh_get_prompt
                0x00008920       0x7c ./rt-thread/components/finsh/shell.o
                0x00008920                finsh_get_prompt
 .text.finsh_set_prompt_mode
                0x0000899c       0x48 ./rt-thread/components/finsh/shell.o
                0x0000899c                finsh_set_prompt_mode
 .text.finsh_getchar
                0x000089e4       0x90 ./rt-thread/components/finsh/shell.o
                0x000089e4                finsh_getchar
 .text.finsh_rx_ind
                0x00008a74       0x3c ./rt-thread/components/finsh/shell.o
 .text.finsh_set_device
                0x00008ab0       0xd8 ./rt-thread/components/finsh/shell.o
                0x00008ab0                finsh_set_device
 .text.shell_auto_complete
                0x00008b88       0x34 ./rt-thread/components/finsh/shell.o
 .text.shell_handle_history
                0x00008bbc       0x34 ./rt-thread/components/finsh/shell.o
 .text.shell_push_history
                0x00008bf0      0x15e ./rt-thread/components/finsh/shell.o
 *fill*         0x00008d4e        0x2 ff
 .text.finsh_thread_entry
                0x00008d50      0x5cc ./rt-thread/components/finsh/shell.o
                0x00008d50                finsh_thread_entry
 .text.finsh_system_function_init
                0x0000931c       0x2c ./rt-thread/components/finsh/shell.o
                0x0000931c                finsh_system_function_init
 .text.finsh_system_init
                0x00009348       0x9c ./rt-thread/components/finsh/shell.o
                0x00009348                finsh_system_init
 .text.rt_serial_get_linear_buffer
                0x000093e4       0x8c ./rt-thread/components/drivers/serial/serial_v2.o
 .text.rt_serial_update_read_index
                0x00009470       0xcc ./rt-thread/components/drivers/serial/serial_v2.o
 .text.rt_serial_update_write_index
                0x0000953c       0xe8 ./rt-thread/components/drivers/serial/serial_v2.o
 .text._serial_poll_rx
                0x00009624       0xa4 ./rt-thread/components/drivers/serial/serial_v2.o
                0x00009624                _serial_poll_rx
 .text._serial_poll_tx
                0x000096c8       0x9c ./rt-thread/components/drivers/serial/serial_v2.o
                0x000096c8                _serial_poll_tx
 .text._serial_fifo_rx
                0x00009764       0xf0 ./rt-thread/components/drivers/serial/serial_v2.o
 .text._serial_fifo_tx_blocking_nbuf
                0x00009854       0xb0 ./rt-thread/components/drivers/serial/serial_v2.o
 .text._serial_fifo_tx_blocking_buf
                0x00009904      0x118 ./rt-thread/components/drivers/serial/serial_v2.o
 .text._serial_fifo_tx_nonblocking
                0x00009a1c       0xd4 ./rt-thread/components/drivers/serial/serial_v2.o
 .text.rt_serial_tx_enable
                0x00009af0      0x1dc ./rt-thread/components/drivers/serial/serial_v2.o
 .text.rt_serial_rx_enable
                0x00009ccc      0x150 ./rt-thread/components/drivers/serial/serial_v2.o
 .text.rt_serial_rx_disable
                0x00009e1c       0xb4 ./rt-thread/components/drivers/serial/serial_v2.o
 .text.rt_serial_tx_disable
                0x00009ed0       0xc0 ./rt-thread/components/drivers/serial/serial_v2.o
 .text.rt_serial_init
                0x00009f90       0x5c ./rt-thread/components/drivers/serial/serial_v2.o
 .text.rt_serial_open
                0x00009fec       0xf4 ./rt-thread/components/drivers/serial/serial_v2.o
 .text.rt_serial_close
                0x0000a0e0       0x90 ./rt-thread/components/drivers/serial/serial_v2.o
 .text.rt_serial_control
                0x0000a170       0xb8 ./rt-thread/components/drivers/serial/serial_v2.o
 .text.rt_hw_serial_register
                0x0000a228       0x94 ./rt-thread/components/drivers/serial/serial_v2.o
                0x0000a228                rt_hw_serial_register
 .text.rt_hw_serial_isr
                0x0000a2bc      0x210 ./rt-thread/components/drivers/serial/serial_v2.o
                0x0000a2bc                rt_hw_serial_isr
 .text.sensor_show_data
                0x0000a4cc      0x3e0 ./rt-thread/components/drivers/sensors/sensor_cmd.o
 .text.rx_callback
                0x0000a8ac       0x24 ./rt-thread/components/drivers/sensors/sensor_cmd.o
 .text.sensor_fifo_rx_entry
                0x0000a8d0       0xa4 ./rt-thread/components/drivers/sensors/sensor_cmd.o
 .text.sensor_fifo
                0x0000a974       0xf0 ./rt-thread/components/drivers/sensors/sensor_cmd.o
 .text.sensor_irq_rx_entry
                0x0000aa64       0x50 ./rt-thread/components/drivers/sensors/sensor_cmd.o
 .text.sensor_int
                0x0000aab4       0xf0 ./rt-thread/components/drivers/sensors/sensor_cmd.o
 .text.sensor_polling
                0x0000aba4       0xfc ./rt-thread/components/drivers/sensors/sensor_cmd.o
 .text.sensor   0x0000aca0      0x5a8 ./rt-thread/components/drivers/sensors/sensor_cmd.o
 .text.set_date
                0x0000b248       0x88 ./rt-thread/components/drivers/rtc/rtc.o
                0x0000b248                set_date
 .text.set_time
                0x0000b2d0       0x80 ./rt-thread/components/drivers/rtc/rtc.o
                0x0000b2d0                set_time
 .text.date     0x0000b350      0x158 ./rt-thread/components/drivers/rtc/rtc.o
 .text.soft_rtc_control
                0x0000b4a8       0xc8 ./rt-thread/components/drivers/rtc/soft_rtc.o
 .text.rt_soft_rtc_init
                0x0000b570       0xc4 ./rt-thread/components/drivers/rtc/soft_rtc.o
 .text._pin_read
                0x0000b634       0x60 ./rt-thread/components/drivers/misc/pin.o
 .text._pin_write
                0x0000b694       0x5c ./rt-thread/components/drivers/misc/pin.o
 .text._pin_control
                0x0000b6f0       0x58 ./rt-thread/components/drivers/misc/pin.o
 .text.rt_device_pin_register
                0x0000b748       0x74 ./rt-thread/components/drivers/misc/pin.o
                0x0000b748                rt_device_pin_register
 .text.rt_pin_attach_irq
                0x0000b7bc       0x5c ./rt-thread/components/drivers/misc/pin.o
                0x0000b7bc                rt_pin_attach_irq
 .text.rt_pin_irq_enable
                0x0000b818       0x50 ./rt-thread/components/drivers/misc/pin.o
                0x0000b818                rt_pin_irq_enable
 .text.rt_pin_mode
                0x0000b868       0x40 ./rt-thread/components/drivers/misc/pin.o
                0x0000b868                rt_pin_mode
 .text.rt_pin_write
                0x0000b8a8       0x40 ./rt-thread/components/drivers/misc/pin.o
                0x0000b8a8                rt_pin_write
 .text.rt_pin_read
                0x0000b8e8       0x3c ./rt-thread/components/drivers/misc/pin.o
                0x0000b8e8                rt_pin_read
 .text.rt_pin_get
                0x0000b924       0x60 ./rt-thread/components/drivers/misc/pin.o
                0x0000b924                rt_pin_get
 .text._pwm_control
                0x0000b984       0x38 ./rt-thread/components/drivers/misc/rt_drv_pwm.o
 .text._pwm_read
                0x0000b9bc       0x62 ./rt-thread/components/drivers/misc/rt_drv_pwm.o
 .text._pwm_write
                0x0000ba1e       0x7e ./rt-thread/components/drivers/misc/rt_drv_pwm.o
 .text.rt_device_pwm_register
                0x0000ba9c       0x78 ./rt-thread/components/drivers/misc/rt_drv_pwm.o
                0x0000ba9c                rt_device_pwm_register
 .text.rt_pwm_enable
                0x0000bb14       0x5a ./rt-thread/components/drivers/misc/rt_drv_pwm.o
                0x0000bb14                rt_pwm_enable
 .text.rt_pwm_disable
                0x0000bb6e       0x5a ./rt-thread/components/drivers/misc/rt_drv_pwm.o
                0x0000bb6e                rt_pwm_disable
 .text.rt_pwm_set
                0x0000bbc8       0x52 ./rt-thread/components/drivers/misc/rt_drv_pwm.o
                0x0000bbc8                rt_pwm_set
 .text.rt_pwm_get
                0x0000bc1a       0x32 ./rt-thread/components/drivers/misc/rt_drv_pwm.o
                0x0000bc1a                rt_pwm_get
 .text.pwm_enable
                0x0000bc4c       0x74 ./rt-thread/components/drivers/misc/rt_drv_pwm.o
 .text.pwm_disable
                0x0000bcc0       0x74 ./rt-thread/components/drivers/misc/rt_drv_pwm.o
 .text.pwm_set  0x0000bd34       0x94 ./rt-thread/components/drivers/misc/rt_drv_pwm.o
 .text.pwm_get  0x0000bdc8      0x120 ./rt-thread/components/drivers/misc/rt_drv_pwm.o
 .text.rt_list_init
                0x0000bee8       0x22 ./rt-thread/components/drivers/ipc/completion.o
 .text.rt_list_insert_before
                0x0000bf0a       0x32 ./rt-thread/components/drivers/ipc/completion.o
 .text.rt_list_isempty
                0x0000bf3c       0x24 ./rt-thread/components/drivers/ipc/completion.o
 .text.rt_completion_init
                0x0000bf60       0x44 ./rt-thread/components/drivers/ipc/completion.o
                0x0000bf60                rt_completion_init
 .text.rt_completion_wait
                0x0000bfa4      0x15c ./rt-thread/components/drivers/ipc/completion.o
                0x0000bfa4                rt_completion_wait
 .text.rt_completion_done
                0x0000c100       0x70 ./rt-thread/components/drivers/ipc/completion.o
                0x0000c100                rt_completion_done
 .text.rt_ringbuffer_status
                0x0000c170       0x4e ./rt-thread/components/drivers/ipc/ringbuffer.o
 *fill*         0x0000c1be        0x2 ff
 .text.rt_ringbuffer_init
                0x0000c1c0       0xa0 ./rt-thread/components/drivers/ipc/ringbuffer.o
                0x0000c1c0                rt_ringbuffer_init
 .text.rt_ringbuffer_put
                0x0000c260      0x16c ./rt-thread/components/drivers/ipc/ringbuffer.o
                0x0000c260                rt_ringbuffer_put
 .text.rt_ringbuffer_get
                0x0000c3cc      0x15c ./rt-thread/components/drivers/ipc/ringbuffer.o
                0x0000c3cc                rt_ringbuffer_get
 .text.rt_ringbuffer_putchar
                0x0000c528       0xbc ./rt-thread/components/drivers/ipc/ringbuffer.o
                0x0000c528                rt_ringbuffer_putchar
 .text.rt_ringbuffer_data_len
                0x0000c5e4       0x66 ./rt-thread/components/drivers/ipc/ringbuffer.o
                0x0000c5e4                rt_ringbuffer_data_len
 .text.i2c_delay
                0x0000c64a       0x20 ./rt-thread/components/drivers/i2c/i2c-bit-ops.o
 .text.i2c_delay2
                0x0000c66a       0x1c ./rt-thread/components/drivers/i2c/i2c-bit-ops.o
 .text.SCL_H    0x0000c686       0x72 ./rt-thread/components/drivers/i2c/i2c-bit-ops.o
 .text.i2c_start
                0x0000c6f8       0x32 ./rt-thread/components/drivers/i2c/i2c-bit-ops.o
 .text.i2c_restart
                0x0000c72a       0x4c ./rt-thread/components/drivers/i2c/i2c-bit-ops.o
 .text.i2c_stop
                0x0000c776       0x44 ./rt-thread/components/drivers/i2c/i2c-bit-ops.o
 *fill*         0x0000c7ba        0x2 ff
 .text.i2c_waitack
                0x0000c7bc       0x74 ./rt-thread/components/drivers/i2c/i2c-bit-ops.o
 .text.i2c_writeb
                0x0000c830       0x8c ./rt-thread/components/drivers/i2c/i2c-bit-ops.o
 .text.i2c_readb
                0x0000c8bc       0x88 ./rt-thread/components/drivers/i2c/i2c-bit-ops.o
 .text.i2c_send_bytes
                0x0000c944       0x90 ./rt-thread/components/drivers/i2c/i2c-bit-ops.o
 .text.i2c_send_ack_or_nack
                0x0000c9d4       0x68 ./rt-thread/components/drivers/i2c/i2c-bit-ops.o
 .text.i2c_recv_bytes
                0x0000ca3c       0x7c ./rt-thread/components/drivers/i2c/i2c-bit-ops.o
 .text.i2c_send_address
                0x0000cab8       0x62 ./rt-thread/components/drivers/i2c/i2c-bit-ops.o
 *fill*         0x0000cb1a        0x2 ff
 .text.i2c_bit_send_address
                0x0000cb1c      0x148 ./rt-thread/components/drivers/i2c/i2c-bit-ops.o
 .text.i2c_bit_xfer
                0x0000cc64      0x106 ./rt-thread/components/drivers/i2c/i2c-bit-ops.o
 *fill*         0x0000cd6a        0x2 ff
 .text.rt_i2c_bit_add_bus
                0x0000cd6c       0x28 ./rt-thread/components/drivers/i2c/i2c-bit-ops.o
                0x0000cd6c                rt_i2c_bit_add_bus
 .text.rt_i2c_bus_device_register
                0x0000cd94       0x5c ./rt-thread/components/drivers/i2c/i2c_core.o
                0x0000cd94                rt_i2c_bus_device_register
 .text.rt_i2c_transfer
                0x0000cdf0       0x60 ./rt-thread/components/drivers/i2c/i2c_core.o
                0x0000cdf0                rt_i2c_transfer
 .text.rt_i2c_control
                0x0000ce50       0x48 ./rt-thread/components/drivers/i2c/i2c_core.o
                0x0000ce50                rt_i2c_control
 .text.rt_i2c_master_send
                0x0000ce98       0x4a ./rt-thread/components/drivers/i2c/i2c_core.o
                0x0000ce98                rt_i2c_master_send
 *fill*         0x0000cee2        0x2 ff
 .text.rt_i2c_master_recv
                0x0000cee4       0x68 ./rt-thread/components/drivers/i2c/i2c_core.o
                0x0000cee4                rt_i2c_master_recv
 .text.rt_i2c_core_init
                0x0000cf4c       0x10 ./rt-thread/components/drivers/i2c/i2c_core.o
                0x0000cf4c                rt_i2c_core_init
 .text.i2c_bus_device_read
                0x0000cf5c       0x64 ./rt-thread/components/drivers/i2c/i2c_dev.o
 .text.i2c_bus_device_write
                0x0000cfc0       0x64 ./rt-thread/components/drivers/i2c/i2c_dev.o
 .text.i2c_bus_device_control
                0x0000d024       0xc4 ./rt-thread/components/drivers/i2c/i2c_dev.o
 .text.rt_i2c_bus_device_device_init
                0x0000d0e8       0x78 ./rt-thread/components/drivers/i2c/i2c_dev.o
                0x0000d0e8                rt_i2c_bus_device_device_init
 .text.main     0x0000d160        0xe ./ra_gen/main.o
                0x0000d160                main
 .text.R_FSP_CurrentIrqGet
                0x0000d16e       0x2c ./ra/fsp/src/r_sci_uart/r_sci_uart.o
 *fill*         0x0000d19a        0x2 ff
 .text.R_FSP_IsrContextSet
                0x0000d19c       0x28 ./ra/fsp/src/r_sci_uart/r_sci_uart.o
 .text.R_BSP_IrqStatusClear
                0x0000d1c4       0x30 ./ra/fsp/src/r_sci_uart/r_sci_uart.o
 .text.R_BSP_IrqClearPending
                0x0000d1f4       0x40 ./ra/fsp/src/r_sci_uart/r_sci_uart.o
 .text.R_BSP_IrqCfg
                0x0000d234       0x3c ./ra/fsp/src/r_sci_uart/r_sci_uart.o
 .text.R_BSP_IrqEnableNoClear
                0x0000d270       0x38 ./ra/fsp/src/r_sci_uart/r_sci_uart.o
 .text.R_BSP_IrqEnable
                0x0000d2a8       0x26 ./ra/fsp/src/r_sci_uart/r_sci_uart.o
 *fill*         0x0000d2ce        0x2 ff
 .text.R_BSP_IrqDisable
                0x0000d2d0       0x48 ./ra/fsp/src/r_sci_uart/r_sci_uart.o
 .text.R_FSP_IsrContextGet
                0x0000d318       0x24 ./ra/fsp/src/r_sci_uart/r_sci_uart.o
 .text.R_SCI_UART_Open
                0x0000d33c      0x1ac ./ra/fsp/src/r_sci_uart/r_sci_uart.o
                0x0000d33c                R_SCI_UART_Open
 .text.r_sci_uart_config_set
                0x0000d4e8      0x120 ./ra/fsp/src/r_sci_uart/r_sci_uart.o
 .text.r_sci_irq_cfg
                0x0000d608       0x3a ./ra/fsp/src/r_sci_uart/r_sci_uart.o
 .text.r_sci_irqs_cfg
                0x0000d642       0x5a ./ra/fsp/src/r_sci_uart/r_sci_uart.o
 .text.r_sci_uart_baud_set
                0x0000d69c       0x58 ./ra/fsp/src/r_sci_uart/r_sci_uart.o
 .text.r_sci_uart_call_callback
                0x0000d6f4       0x76 ./ra/fsp/src/r_sci_uart/r_sci_uart.o
 .text.sci_uart_txi_isr
                0x0000d76a       0xd0 ./ra/fsp/src/r_sci_uart/r_sci_uart.o
                0x0000d76a                sci_uart_txi_isr
 .text.sci_uart_rxi_isr
                0x0000d83a       0xbc ./ra/fsp/src/r_sci_uart/r_sci_uart.o
                0x0000d83a                sci_uart_rxi_isr
 .text.sci_uart_tei_isr
                0x0000d8f6       0x4a ./ra/fsp/src/r_sci_uart/r_sci_uart.o
                0x0000d8f6                sci_uart_tei_isr
 .text.sci_uart_eri_isr
                0x0000d940       0xa8 ./ra/fsp/src/r_sci_uart/r_sci_uart.o
                0x0000d940                sci_uart_eri_isr
 .text.R_FSP_CurrentIrqGet
                0x0000d9e8       0x2c ./ra/fsp/src/r_rtc/r_rtc.o
 .text.R_BSP_IrqStatusClear
                0x0000da14       0x30 ./ra/fsp/src/r_rtc/r_rtc.o
 .text.R_FSP_IsrContextGet
                0x0000da44       0x24 ./ra/fsp/src/r_rtc/r_rtc.o
 .text.rtc_carry_isr
                0x0000da68       0x32 ./ra/fsp/src/r_rtc/r_rtc.o
                0x0000da68                rtc_carry_isr
 *fill*         0x0000da9a        0x2 ff
 .text.R_BSP_PinRead
                0x0000da9c       0x38 ./ra/fsp/src/r_ioport/r_ioport.o
 .text.R_BSP_PinAccessEnable
                0x0000dad4       0x60 ./ra/fsp/src/r_ioport/r_ioport.o
 .text.R_BSP_PinAccessDisable
                0x0000db34       0x68 ./ra/fsp/src/r_ioport/r_ioport.o
 .text.R_IOPORT_Open
                0x0000db9c       0x28 ./ra/fsp/src/r_ioport/r_ioport.o
                0x0000db9c                R_IOPORT_Open
 .text.R_IOPORT_Close
                0x0000dbc4       0x20 ./ra/fsp/src/r_ioport/r_ioport.o
                0x0000dbc4                R_IOPORT_Close
 .text.R_IOPORT_PinsCfg
                0x0000dbe4       0x1a ./ra/fsp/src/r_ioport/r_ioport.o
                0x0000dbe4                R_IOPORT_PinsCfg
 .text.R_IOPORT_PinCfg
                0x0000dbfe       0x46 ./ra/fsp/src/r_ioport/r_ioport.o
                0x0000dbfe                R_IOPORT_PinCfg
 .text.R_IOPORT_PinRead
                0x0000dc44       0x28 ./ra/fsp/src/r_ioport/r_ioport.o
                0x0000dc44                R_IOPORT_PinRead
 .text.R_IOPORT_PortRead
                0x0000dc6c       0x3a ./ra/fsp/src/r_ioport/r_ioport.o
                0x0000dc6c                R_IOPORT_PortRead
 .text.R_IOPORT_PortWrite
                0x0000dca6       0x62 ./ra/fsp/src/r_ioport/r_ioport.o
                0x0000dca6                R_IOPORT_PortWrite
 .text.R_IOPORT_PinWrite
                0x0000dd08       0x6e ./ra/fsp/src/r_ioport/r_ioport.o
                0x0000dd08                R_IOPORT_PinWrite
 .text.R_IOPORT_PortDirectionSet
                0x0000dd76       0x72 ./ra/fsp/src/r_ioport/r_ioport.o
                0x0000dd76                R_IOPORT_PortDirectionSet
 .text.R_IOPORT_PortEventInputRead
                0x0000dde8       0x3e ./ra/fsp/src/r_ioport/r_ioport.o
                0x0000dde8                R_IOPORT_PortEventInputRead
 .text.R_IOPORT_PinEventInputRead
                0x0000de26       0x62 ./ra/fsp/src/r_ioport/r_ioport.o
                0x0000de26                R_IOPORT_PinEventInputRead
 .text.R_IOPORT_PortEventOutputWrite
                0x0000de88       0x62 ./ra/fsp/src/r_ioport/r_ioport.o
                0x0000de88                R_IOPORT_PortEventOutputWrite
 .text.R_IOPORT_PinEventOutputWrite
                0x0000deea       0x5e ./ra/fsp/src/r_ioport/r_ioport.o
                0x0000deea                R_IOPORT_PinEventOutputWrite
 .text.R_IOPORT_EthernetModeCfg
                0x0000df48       0x28 ./ra/fsp/src/r_ioport/r_ioport.o
                0x0000df48                R_IOPORT_EthernetModeCfg
 .text.r_ioport_pins_config
                0x0000df70       0x56 ./ra/fsp/src/r_ioport/r_ioport.o
 .text.r_ioport_hw_pin_event_output_data_write
                0x0000dfc6       0x88 ./ra/fsp/src/r_ioport/r_ioport.o
 *fill*         0x0000e04e        0x2 ff
 .text.r_ioport_pfs_write
                0x0000e050       0x78 ./ra/fsp/src/r_ioport/r_ioport.o
 .text.bsp_vbatt_init
                0x0000e0c8       0xd8 ./ra/fsp/src/r_ioport/r_ioport.o
 .text.__NVIC_ClearPendingIRQ
                0x0000e1a0       0x3c ./ra/fsp/src/r_iic_master/r_iic_master.o
 .text.R_FSP_CurrentIrqGet
                0x0000e1dc       0x2c ./ra/fsp/src/r_iic_master/r_iic_master.o
 .text.R_FSP_IsrContextSet
                0x0000e208       0x28 ./ra/fsp/src/r_iic_master/r_iic_master.o
 .text.R_BSP_IrqStatusClear
                0x0000e230       0x30 ./ra/fsp/src/r_iic_master/r_iic_master.o
 .text.R_BSP_IrqClearPending
                0x0000e260       0x40 ./ra/fsp/src/r_iic_master/r_iic_master.o
 .text.R_BSP_IrqCfg
                0x0000e2a0       0x3c ./ra/fsp/src/r_iic_master/r_iic_master.o
 .text.R_BSP_IrqEnableNoClear
                0x0000e2dc       0x38 ./ra/fsp/src/r_iic_master/r_iic_master.o
 .text.R_BSP_IrqEnable
                0x0000e314       0x26 ./ra/fsp/src/r_iic_master/r_iic_master.o
 *fill*         0x0000e33a        0x2 ff
 .text.R_BSP_IrqDisable
                0x0000e33c       0x48 ./ra/fsp/src/r_iic_master/r_iic_master.o
 .text.R_BSP_IrqCfgEnable
                0x0000e384       0x2e ./ra/fsp/src/r_iic_master/r_iic_master.o
 *fill*         0x0000e3b2        0x2 ff
 .text.R_FSP_IsrContextGet
                0x0000e3b4       0x24 ./ra/fsp/src/r_iic_master/r_iic_master.o
 .text.iic_master_notify
                0x0000e3d8       0x6e ./ra/fsp/src/r_iic_master/r_iic_master.o
 .text.iic_master_abort_seq_master
                0x0000e446       0x78 ./ra/fsp/src/r_iic_master/r_iic_master.o
 *fill*         0x0000e4be        0x2 ff
 .text.iic_master_open_hw_master
                0x0000e4c0      0x114 ./ra/fsp/src/r_iic_master/r_iic_master.o
 .text.iic_master_rxi_master
                0x0000e5d4       0x7a ./ra/fsp/src/r_iic_master/r_iic_master.o
 .text.iic_master_txi_master
                0x0000e64e       0xc4 ./ra/fsp/src/r_iic_master/r_iic_master.o
 .text.iic_master_tei_master
                0x0000e712       0xd2 ./ra/fsp/src/r_iic_master/r_iic_master.o
 .text.iic_master_err_master
                0x0000e7e4      0x140 ./ra/fsp/src/r_iic_master/r_iic_master.o
 .text.iic_master_rxi_read_data
                0x0000e924      0x104 ./ra/fsp/src/r_iic_master/r_iic_master.o
 .text.iic_master_txi_send_address
                0x0000ea28       0x6c ./ra/fsp/src/r_iic_master/r_iic_master.o
 .text.iic_master_rxi_isr
                0x0000ea94       0x34 ./ra/fsp/src/r_iic_master/r_iic_master.o
                0x0000ea94                iic_master_rxi_isr
 .text.iic_master_txi_isr
                0x0000eac8       0x34 ./ra/fsp/src/r_iic_master/r_iic_master.o
                0x0000eac8                iic_master_txi_isr
 .text.iic_master_tei_isr
                0x0000eafc       0x34 ./ra/fsp/src/r_iic_master/r_iic_master.o
                0x0000eafc                iic_master_tei_isr
 .text.iic_master_eri_isr
                0x0000eb30       0x34 ./ra/fsp/src/r_iic_master/r_iic_master.o
                0x0000eb30                iic_master_eri_isr
 .text.R_FSP_CurrentIrqGet
                0x0000eb64       0x2c ./ra/fsp/src/r_icu/r_icu.o
 .text.R_FSP_IsrContextSet
                0x0000eb90       0x28 ./ra/fsp/src/r_icu/r_icu.o
 .text.R_BSP_IrqStatusClear
                0x0000ebb8       0x30 ./ra/fsp/src/r_icu/r_icu.o
 .text.R_BSP_IrqClearPending
                0x0000ebe8       0x40 ./ra/fsp/src/r_icu/r_icu.o
 .text.R_BSP_IrqCfg
                0x0000ec28       0x3c ./ra/fsp/src/r_icu/r_icu.o
 .text.R_BSP_IrqEnableNoClear
                0x0000ec64       0x38 ./ra/fsp/src/r_icu/r_icu.o
 .text.R_BSP_IrqEnable
                0x0000ec9c       0x26 ./ra/fsp/src/r_icu/r_icu.o
 *fill*         0x0000ecc2        0x2 ff
 .text.R_BSP_IrqDisable
                0x0000ecc4       0x48 ./ra/fsp/src/r_icu/r_icu.o
 .text.R_FSP_IsrContextGet
                0x0000ed0c       0x24 ./ra/fsp/src/r_icu/r_icu.o
 .text.R_ICU_ExternalIrqOpen
                0x0000ed30       0xcc ./ra/fsp/src/r_icu/r_icu.o
                0x0000ed30                R_ICU_ExternalIrqOpen
 .text.R_ICU_ExternalIrqEnable
                0x0000edfc       0x22 ./ra/fsp/src/r_icu/r_icu.o
                0x0000edfc                R_ICU_ExternalIrqEnable
 .text.R_ICU_ExternalIrqDisable
                0x0000ee1e       0x22 ./ra/fsp/src/r_icu/r_icu.o
                0x0000ee1e                R_ICU_ExternalIrqDisable
 .text.R_ICU_ExternalIrqClose
                0x0000ee40       0x40 ./ra/fsp/src/r_icu/r_icu.o
                0x0000ee40                R_ICU_ExternalIrqClose
 .text.r_icu_isr
                0x0000ee80       0x80 ./ra/fsp/src/r_icu/r_icu.o
                0x0000ee80                r_icu_isr
 .text.R_FSP_CurrentIrqGet
                0x0000ef00       0x2c ./ra/fsp/src/r_gpt/r_gpt.o
 .text.R_FSP_SystemClockHzGet
                0x0000ef2c       0x4c ./ra/fsp/src/r_gpt/r_gpt.o
 .text.R_FSP_IsrContextSet
                0x0000ef78       0x28 ./ra/fsp/src/r_gpt/r_gpt.o
 .text.R_BSP_IrqStatusClear
                0x0000efa0       0x30 ./ra/fsp/src/r_gpt/r_gpt.o
 .text.R_BSP_IrqClearPending
                0x0000efd0       0x40 ./ra/fsp/src/r_gpt/r_gpt.o
 .text.R_BSP_IrqCfg
                0x0000f010       0x3c ./ra/fsp/src/r_gpt/r_gpt.o
 .text.R_BSP_IrqEnableNoClear
                0x0000f04c       0x38 ./ra/fsp/src/r_gpt/r_gpt.o
 .text.R_BSP_IrqEnable
                0x0000f084       0x26 ./ra/fsp/src/r_gpt/r_gpt.o
 *fill*         0x0000f0aa        0x2 ff
 .text.R_BSP_IrqDisable
                0x0000f0ac       0x48 ./ra/fsp/src/r_gpt/r_gpt.o
 .text.R_BSP_IrqCfgEnable
                0x0000f0f4       0x2e ./ra/fsp/src/r_gpt/r_gpt.o
 *fill*         0x0000f122        0x2 ff
 .text.R_FSP_IsrContextGet
                0x0000f124       0x24 ./ra/fsp/src/r_gpt/r_gpt.o
 .text.R_GPT_Open
                0x0000f148       0x44 ./ra/fsp/src/r_gpt/r_gpt.o
                0x0000f148                R_GPT_Open
 .text.R_GPT_Stop
                0x0000f18c       0x24 ./ra/fsp/src/r_gpt/r_gpt.o
                0x0000f18c                R_GPT_Stop
 .text.R_GPT_Start
                0x0000f1b0       0x24 ./ra/fsp/src/r_gpt/r_gpt.o
                0x0000f1b0                R_GPT_Start
 .text.R_GPT_Reset
                0x0000f1d4       0x24 ./ra/fsp/src/r_gpt/r_gpt.o
                0x0000f1d4                R_GPT_Reset
 .text.R_GPT_Enable
                0x0000f1f8       0x90 ./ra/fsp/src/r_gpt/r_gpt.o
                0x0000f1f8                R_GPT_Enable
 .text.R_GPT_Disable
                0x0000f288       0x32 ./ra/fsp/src/r_gpt/r_gpt.o
                0x0000f288                R_GPT_Disable
 .text.R_GPT_PeriodSet
                0x0000f2ba       0x8a ./ra/fsp/src/r_gpt/r_gpt.o
                0x0000f2ba                R_GPT_PeriodSet
 .text.R_GPT_DutyCycleSet
                0x0000f344      0x104 ./ra/fsp/src/r_gpt/r_gpt.o
                0x0000f344                R_GPT_DutyCycleSet
 .text.R_GPT_InfoGet
                0x0000f448       0x3e ./ra/fsp/src/r_gpt/r_gpt.o
                0x0000f448                R_GPT_InfoGet
 .text.R_GPT_StatusGet
                0x0000f486       0x38 ./ra/fsp/src/r_gpt/r_gpt.o
                0x0000f486                R_GPT_StatusGet
 .text.R_GPT_CallbackSet
                0x0000f4be       0x32 ./ra/fsp/src/r_gpt/r_gpt.o
                0x0000f4be                R_GPT_CallbackSet
 .text.R_GPT_Close
                0x0000f4f0       0x76 ./ra/fsp/src/r_gpt/r_gpt.o
                0x0000f4f0                R_GPT_Close
 .text.r_gpt_write_protect_enable
                0x0000f566       0x16 ./ra/fsp/src/r_gpt/r_gpt.o
 .text.r_gpt_write_protect_disable
                0x0000f57c       0x16 ./ra/fsp/src/r_gpt/r_gpt.o
 *fill*         0x0000f592        0x2 ff
 .text.gpt_common_open
                0x0000f594       0x64 ./ra/fsp/src/r_gpt/r_gpt.o
 .text.gpt_hardware_initialize
                0x0000f5f8      0x23c ./ra/fsp/src/r_gpt/r_gpt.o
 .text.gpt_hardware_events_disable
                0x0000f834       0x42 ./ra/fsp/src/r_gpt/r_gpt.o
 .text.r_gpt_disable_irq
                0x0000f876       0x30 ./ra/fsp/src/r_gpt/r_gpt.o
 .text.r_gpt_enable_irq
                0x0000f8a6       0x2c ./ra/fsp/src/r_gpt/r_gpt.o
 .text.gpt_calculate_duty_cycle
                0x0000f8d2       0xea ./ra/fsp/src/r_gpt/r_gpt.o
 .text.gpt_clock_frequency_get
                0x0000f9bc       0x2e ./ra/fsp/src/r_gpt/r_gpt.o
 .text.gpt_gtior_calculate
                0x0000f9ea       0x48 ./ra/fsp/src/r_gpt/r_gpt.o
 .text.r_gpt_call_callback
                0x0000fa32       0x6c ./ra/fsp/src/r_gpt/r_gpt.o
 .text.gpt_counter_overflow_isr
                0x0000fa9e       0x8a ./ra/fsp/src/r_gpt/r_gpt.o
                0x0000fa9e                gpt_counter_overflow_isr
 .text.R_BSP_FlashCacheEnable
                0x0000fb28       0x40 ./ra/fsp/src/bsp/mcu/all/bsp_clocks.o
 .text.SystemCoreClockUpdate
                0x0000fb68       0x40 ./ra/fsp/src/bsp/mcu/all/bsp_clocks.o
                0x0000fb68                SystemCoreClockUpdate
 .text.bsp_prv_clock_set_hard_reset
                0x0000fba8       0x30 ./ra/fsp/src/bsp/mcu/all/bsp_clocks.o
 .text.bsp_clock_freq_var_init
                0x0000fbd8       0x48 ./ra/fsp/src/bsp/mcu/all/bsp_clocks.o
 .text.bsp_clock_init
                0x0000fc20       0xa4 ./ra/fsp/src/bsp/mcu/all/bsp_clocks.o
                0x0000fc20                bsp_clock_init
 .text.bsp_init_internal
                0x0000fcc4       0x14 ./ra/fsp/src/bsp/mcu/all/bsp_common.o
                0x0000fcc4                bsp_init_internal
                0x0000fcc4                bsp_init
 .text.__assert_func
                0x0000fcd8       0x12 ./ra/fsp/src/bsp/mcu/all/bsp_common.o
                0x0000fcd8                __assert_func
 *fill*         0x0000fcea        0x2 ff
 .text.bsp_group_irq_call
                0x0000fcec       0x30 ./ra/fsp/src/bsp/mcu/all/bsp_group_irq.o
 .text.NMI_Handler
                0x0000fd1c       0x4c ./ra/fsp/src/bsp/mcu/all/bsp_group_irq.o
                0x0000fd1c                NMI_Handler
 .text.bsp_irq_cfg
                0x0000fd68      0x104 ./ra/fsp/src/bsp/mcu/all/bsp_irq.o
                0x0000fd68                bsp_irq_cfg
 .text.R_BSP_RegisterProtectEnable
                0x0000fe6c       0xa0 ./ra/fsp/src/bsp/mcu/all/bsp_register_protection.o
                0x0000fe6c                R_BSP_RegisterProtectEnable
 .text.R_BSP_RegisterProtectDisable
                0x0000ff0c       0x90 ./ra/fsp/src/bsp/mcu/all/bsp_register_protection.o
                0x0000ff0c                R_BSP_RegisterProtectDisable
 .text.Reset_Handler
                0x0000ff9c        0xe ./ra/fsp/src/bsp/cmsis/Device/RENESAS/Source/startup.o
                0x0000ff9c                Reset_Handler
 .text.Default_Handler
                0x0000ffaa       0x10 ./ra/fsp/src/bsp/cmsis/Device/RENESAS/Source/startup.o
                0x0000ffaa                UsageFault_Handler
                0x0000ffaa                SecureFault_Handler
                0x0000ffaa                Default_Handler
                0x0000ffaa                MemManage_Handler
                0x0000ffaa                SVC_Handler
                0x0000ffaa                BusFault_Handler
                0x0000ffaa                DebugMon_Handler
 *fill*         0x0000ffba        0x2 ff
 .text.SystemInit
                0x0000ffbc       0xf0 ./ra/fsp/src/bsp/cmsis/Device/RENESAS/Source/system.o
                0x0000ffbc                SystemInit
 .text.get_bit_access
                0x000100ac       0x2a ./packages/rt_vsnprintf_full-latest/rt_vsnprintf.o
 .text.get_sign
                0x000100d6       0x32 ./packages/rt_vsnprintf_full-latest/rt_vsnprintf.o
 .text.get_exp2
                0x00010108       0x30 ./packages/rt_vsnprintf_full-latest/rt_vsnprintf.o
 .text.out_buffer
                0x00010138       0x2e ./packages/rt_vsnprintf_full-latest/rt_vsnprintf.o
 .text.out_discard
                0x00010166       0x1c ./packages/rt_vsnprintf_full-latest/rt_vsnprintf.o
 .text.strnlen_s_
                0x00010182       0x3a ./packages/rt_vsnprintf_full-latest/rt_vsnprintf.o
 .text.is_digit_
                0x000101bc       0x2e ./packages/rt_vsnprintf_full-latest/rt_vsnprintf.o
 .text.atoi_    0x000101ea       0x48 ./packages/rt_vsnprintf_full-latest/rt_vsnprintf.o
 .text.out_rev_
                0x00010232       0xa0 ./packages/rt_vsnprintf_full-latest/rt_vsnprintf.o
 .text.print_integer_finalization
                0x000102d2      0x1ee ./packages/rt_vsnprintf_full-latest/rt_vsnprintf.o
 .text.print_integer
                0x000104c0      0x114 ./packages/rt_vsnprintf_full-latest/rt_vsnprintf.o
 .text.get_components
                0x000105d4      0x220 ./packages/rt_vsnprintf_full-latest/rt_vsnprintf.o
 .text.apply_scaling
                0x000107f4       0x4a ./packages/rt_vsnprintf_full-latest/rt_vsnprintf.o
                0x000107f4                apply_scaling
 .text.unapply_scaling
                0x0001083e       0x4a ./packages/rt_vsnprintf_full-latest/rt_vsnprintf.o
                0x0001083e                unapply_scaling
 .text.update_normalization
                0x00010888       0xcc ./packages/rt_vsnprintf_full-latest/rt_vsnprintf.o
                0x00010888                update_normalization
 .text.get_normalized_components
                0x00010954      0x230 ./packages/rt_vsnprintf_full-latest/rt_vsnprintf.o
 .text.print_broken_up_decimal
                0x00010b84      0x25c ./packages/rt_vsnprintf_full-latest/rt_vsnprintf.o
 .text.print_decimal_number
                0x00010de0       0x68 ./packages/rt_vsnprintf_full-latest/rt_vsnprintf.o
 .text.print_exponential_number
                0x00010e48      0x678 ./packages/rt_vsnprintf_full-latest/rt_vsnprintf.o
 .text.print_floating_point
                0x000114c0      0x1ec ./packages/rt_vsnprintf_full-latest/rt_vsnprintf.o
 .text.__vsnprintf
                0x000116ac      0xb34 ./packages/rt_vsnprintf_full-latest/rt_vsnprintf.o
 .text.rt_vsnprintf
                0x000121e0       0x2c ./packages/rt_vsnprintf_full-latest/rt_vsnprintf.o
                0x000121e0                rt_vsnprintf
 .text.mpu6xxx_write_reg
                0x0001220c       0x68 ./packages/mpu6xxx-latest/src/mpu6xxx.o
 .text.mpu6xxx_read_regs
                0x00012274       0x7e ./packages/mpu6xxx-latest/src/mpu6xxx.o
 .text.mpu6xxx_write_bit
                0x000122f2       0x80 ./packages/mpu6xxx-latest/src/mpu6xxx.o
 .text.mpu6xxx_read_bit
                0x00012372       0x4e ./packages/mpu6xxx-latest/src/mpu6xxx.o
 .text.mpu6xxx_write_bits
                0x000123c0       0x98 ./packages/mpu6xxx-latest/src/mpu6xxx.o
 .text.mpu6xxx_read_bits
                0x00012458       0x7a ./packages/mpu6xxx-latest/src/mpu6xxx.o
 .text.mpu92_mag_write_reg
                0x000124d2       0x74 ./packages/mpu6xxx-latest/src/mpu6xxx.o
 .text.mpu6xxx_get_accel_raw
                0x00012546       0x70 ./packages/mpu6xxx-latest/src/mpu6xxx.o
 .text.mpu6xxx_get_gyro_raw
                0x000125b6       0x70 ./packages/mpu6xxx-latest/src/mpu6xxx.o
 .text.mpu6xxx_get_temp_raw
                0x00012626       0x44 ./packages/mpu6xxx-latest/src/mpu6xxx.o
 *fill*         0x0001266a        0x2 ff
 .text.mpu6xxx_get_param
                0x0001266c      0x140 ./packages/mpu6xxx-latest/src/mpu6xxx.o
 .text.mpu6xxx_set_param
                0x000127ac      0x150 ./packages/mpu6xxx-latest/src/mpu6xxx.o
                0x000127ac                mpu6xxx_set_param
 .text.mpu6xxx_get_accel
                0x000128fc       0x88 ./packages/mpu6xxx-latest/src/mpu6xxx.o
                0x000128fc                mpu6xxx_get_accel
 .text.mpu6xxx_get_gyro
                0x00012984       0x82 ./packages/mpu6xxx-latest/src/mpu6xxx.o
                0x00012984                mpu6xxx_get_gyro
 *fill*         0x00012a06        0x2 ff
 .text.mpu6xxx_get_temp
                0x00012a08       0xbc ./packages/mpu6xxx-latest/src/mpu6xxx.o
                0x00012a08                mpu6xxx_get_temp
 .text.mpu6xxx_init
                0x00012ac4      0x338 ./packages/mpu6xxx-latest/src/mpu6xxx.o
                0x00012ac4                mpu6xxx_init
 .text.mpu6xxx_deinit
                0x00012dfc       0x30 ./packages/mpu6xxx-latest/src/mpu6xxx.o
                0x00012dfc                mpu6xxx_deinit
 .text.mpu6xxx  0x00012e2c      0x310 ./packages/mpu6xxx-latest/src/mpu6xxx.o
 .text.__NVIC_SetPriority
                0x0001313c       0x54 ./libraries/HAL_Drivers/drv_common.o
 .text.__NVIC_SystemReset
                0x00013190       0x2c ./libraries/HAL_Drivers/drv_common.o
 .text.SysTick_Config
                0x000131bc       0x44 ./libraries/HAL_Drivers/drv_common.o
 .text.reboot   0x00013200       0x10 ./libraries/HAL_Drivers/drv_common.o
 .text.rt_hw_systick_init
                0x00013210       0x2c ./libraries/HAL_Drivers/drv_common.o
                0x00013210                rt_hw_systick_init
 .text.SysTick_Handler
                0x0001323c       0x14 ./libraries/HAL_Drivers/drv_common.o
                0x0001323c                SysTick_Handler
 .text.rt_hw_board_init
                0x00013250       0x34 ./libraries/HAL_Drivers/drv_common.o
                0x00013250                rt_hw_board_init
 .text.R_BSP_WarmStart
                0x00013284       0x2c ./libraries/HAL_Drivers/drv_common.o
                0x00013284                R_BSP_WarmStart
 .text.R_BSP_PinRead
                0x000132b0       0x38 ./libraries/HAL_Drivers/drv_gpio.o
 .text.R_BSP_PinWrite
                0x000132e8       0x68 ./libraries/HAL_Drivers/drv_gpio.o
 .text.R_BSP_PinAccessEnable
                0x00013350       0x60 ./libraries/HAL_Drivers/drv_gpio.o
 .text.R_BSP_PinAccessDisable
                0x000133b0       0x68 ./libraries/HAL_Drivers/drv_gpio.o
 .text.ra_pin_get_irqx
                0x00013418      0x280 ./libraries/HAL_Drivers/drv_gpio.o
 .text.ra_irq_tab_init
                0x00013698       0x7c ./libraries/HAL_Drivers/drv_gpio.o
 .text.ra_pin_map_init
                0x00013714       0x50 ./libraries/HAL_Drivers/drv_gpio.o
 .text.ra_pin_mode
                0x00013764       0xdc ./libraries/HAL_Drivers/drv_gpio.o
 .text.ra_pin_write
                0x00013840       0x3a ./libraries/HAL_Drivers/drv_gpio.o
 *fill*         0x0001387a        0x2 ff
 .text.ra_pin_read
                0x0001387c       0x48 ./libraries/HAL_Drivers/drv_gpio.o
 .text.ra_pin_irq_enable
                0x000138c4      0x104 ./libraries/HAL_Drivers/drv_gpio.o
 .text.ra_pin_attach_irq
                0x000139c8      0x12c ./libraries/HAL_Drivers/drv_gpio.o
 .text.ra_pin_dettach_irq
                0x00013af4       0xb4 ./libraries/HAL_Drivers/drv_gpio.o
 .text.ra_pin_get
                0x00013ba8       0xce ./libraries/HAL_Drivers/drv_gpio.o
 *fill*         0x00013c76        0x2 ff
 .text.rt_hw_pin_init
                0x00013c78       0x24 ./libraries/HAL_Drivers/drv_gpio.o
                0x00013c78                rt_hw_pin_init
 .text.irq0_callback
                0x00013c9c       0x34 ./libraries/HAL_Drivers/drv_gpio.o
                0x00013c9c                irq0_callback
 .text.R_FSP_SystemClockHzGet
                0x00013cd0       0x4c ./libraries/HAL_Drivers/drv_pwm.o
 .text._convert_counts_ns
                0x00013d1c       0x68 ./libraries/HAL_Drivers/drv_pwm.o
 *fill*         0x00013d84        0x4 ff
 .text._convert_ns_counts
                0x00013d88       0x68 ./libraries/HAL_Drivers/drv_pwm.o
 .text.drv_pwm_enable
                0x00013df0       0x46 ./libraries/HAL_Drivers/drv_pwm.o
 .text.drv_pwm_get
                0x00013e36       0x70 ./libraries/HAL_Drivers/drv_pwm.o
 .text.drv_pwm_set
                0x00013ea6       0xb4 ./libraries/HAL_Drivers/drv_pwm.o
 *fill*         0x00013f5a        0x2 ff
 .text.drv_pwm_control
                0x00013f5c       0x84 ./libraries/HAL_Drivers/drv_pwm.o
 .text.rt_hw_pwm_init
                0x00013fe0       0xa4 ./libraries/HAL_Drivers/drv_pwm.o
                0x00013fe0                rt_hw_pwm_init
 .text.ra_i2c_gpio_init
                0x00014084       0x46 ./libraries/HAL_Drivers/drv_soft_i2c.o
 .text.ra_set_sda
                0x000140ca       0x36 ./libraries/HAL_Drivers/drv_soft_i2c.o
 .text.ra_set_scl
                0x00014100       0x36 ./libraries/HAL_Drivers/drv_soft_i2c.o
 .text.ra_get_sda
                0x00014136       0x20 ./libraries/HAL_Drivers/drv_soft_i2c.o
 .text.ra_get_scl
                0x00014156       0x20 ./libraries/HAL_Drivers/drv_soft_i2c.o
 *fill*         0x00014176        0x2 ff
 .text.ra_udelay
                0x00014178       0x84 ./libraries/HAL_Drivers/drv_soft_i2c.o
 .text.ra_i2c_bus_unlock
                0x000141fc       0x6c ./libraries/HAL_Drivers/drv_soft_i2c.o
 .text.rt_hw_i2c_init
                0x00014268       0xf0 ./libraries/HAL_Drivers/drv_soft_i2c.o
                0x00014268                rt_hw_i2c_init
 .text.ra_uart_get_config
                0x00014358       0x7c ./libraries/HAL_Drivers/drv_usart_v2.o
 .text.ra_uart_configure
                0x000143d4       0x7c ./libraries/HAL_Drivers/drv_usart_v2.o
 .text.ra_uart_control
                0x00014450       0x1a ./libraries/HAL_Drivers/drv_usart_v2.o
 *fill*         0x0001446a        0x2 ff
 .text.ra_uart_putc
                0x0001446c       0x68 ./libraries/HAL_Drivers/drv_usart_v2.o
 .text.ra_uart_getc
                0x000144d4       0x16 ./libraries/HAL_Drivers/drv_usart_v2.o
 *fill*         0x000144ea        0x2 ff
 .text.user_uart3_callback
                0x000144ec       0x78 ./libraries/HAL_Drivers/drv_usart_v2.o
                0x000144ec                user_uart3_callback
 .text.user_uart7_callback
                0x00014564       0x78 ./libraries/HAL_Drivers/drv_usart_v2.o
                0x00014564                user_uart7_callback
 .text.rt_hw_usart_init
                0x000145dc       0xb8 ./libraries/HAL_Drivers/drv_usart_v2.o
                0x000145dc                rt_hw_usart_init
 .text.asin     0x00014694       0x78 d:/rt-thread/rt-threadstudio/repo/extract/toolchain_support_packages/arm/gnu_tools_for_arm_embedded_processors/10.2.1/bin/../lib/gcc/arm-none-eabi/10.2.1/../../../../arm-none-eabi/lib/thumb/v8-m.main+fp/hard\libm.a(lib_a-w_asin.o)
                0x00014694                asin
 .text.atan2    0x0001470c        0x4 d:/rt-thread/rt-threadstudio/repo/extract/toolchain_support_packages/arm/gnu_tools_for_arm_embedded_processors/10.2.1/bin/../lib/gcc/arm-none-eabi/10.2.1/../../../../arm-none-eabi/lib/thumb/v8-m.main+fp/hard\libm.a(lib_a-w_atan2.o)
                0x0001470c                atan2
 .text.sqrt     0x00014710       0x74 d:/rt-thread/rt-threadstudio/repo/extract/toolchain_support_packages/arm/gnu_tools_for_arm_embedded_processors/10.2.1/bin/../lib/gcc/arm-none-eabi/10.2.1/../../../../arm-none-eabi/lib/thumb/v8-m.main+fp/hard\libm.a(lib_a-w_sqrt.o)
                0x00014710                sqrt
 *fill*         0x00014784        0x4 ff
 .text.__ieee754_asin
                0x00014788      0x494 d:/rt-thread/rt-threadstudio/repo/extract/toolchain_support_packages/arm/gnu_tools_for_arm_embedded_processors/10.2.1/bin/../lib/gcc/arm-none-eabi/10.2.1/../../../../arm-none-eabi/lib/thumb/v8-m.main+fp/hard\libm.a(lib_a-e_asin.o)
                0x00014788                __ieee754_asin
 *fill*         0x00014c1c        0x4 ff
 .text.__ieee754_atan2
                0x00014c20      0x1a8 d:/rt-thread/rt-threadstudio/repo/extract/toolchain_support_packages/arm/gnu_tools_for_arm_embedded_processors/10.2.1/bin/../lib/gcc/arm-none-eabi/10.2.1/../../../../arm-none-eabi/lib/thumb/v8-m.main+fp/hard\libm.a(lib_a-e_atan2.o)
                0x00014c20                __ieee754_atan2
 .text.__ieee754_sqrt
                0x00014dc8      0x184 d:/rt-thread/rt-threadstudio/repo/extract/toolchain_support_packages/arm/gnu_tools_for_arm_embedded_processors/10.2.1/bin/../lib/gcc/arm-none-eabi/10.2.1/../../../../arm-none-eabi/lib/thumb/v8-m.main+fp/hard\libm.a(lib_a-e_sqrt.o)
                0x00014dc8                __ieee754_sqrt
 *fill*         0x00014f4c        0x4 ff
 .text.atan     0x00014f50      0x350 d:/rt-thread/rt-threadstudio/repo/extract/toolchain_support_packages/arm/gnu_tools_for_arm_embedded_processors/10.2.1/bin/../lib/gcc/arm-none-eabi/10.2.1/../../../../arm-none-eabi/lib/thumb/v8-m.main+fp/hard\libm.a(lib_a-s_atan.o)
                0x00014f50                atan
 .text.fabs     0x000152a0       0x14 d:/rt-thread/rt-threadstudio/repo/extract/toolchain_support_packages/arm/gnu_tools_for_arm_embedded_processors/10.2.1/bin/../lib/gcc/arm-none-eabi/10.2.1/../../../../arm-none-eabi/lib/thumb/v8-m.main+fp/hard\libm.a(lib_a-s_fabs.o)
                0x000152a0                fabs
 *fill*         0x000152b4        0x4 ff
 .text.nan      0x000152b8       0x10 d:/rt-thread/rt-threadstudio/repo/extract/toolchain_support_packages/arm/gnu_tools_for_arm_embedded_processors/10.2.1/bin/../lib/gcc/arm-none-eabi/10.2.1/../../../../arm-none-eabi/lib/thumb/v8-m.main+fp/hard\libm.a(lib_a-s_nan.o)
                0x000152b8                nan
 .text.atof     0x000152c8        0x8 d:/rt-thread/rt-threadstudio/repo/extract/toolchain_support_packages/arm/gnu_tools_for_arm_embedded_processors/10.2.1/bin/../lib/gcc/arm-none-eabi/10.2.1/../../../../arm-none-eabi/lib/thumb/v8-m.main+fp/hard\libc.a(lib_a-atof.o)
                0x000152c8                atof
 .text.atoi     0x000152d0        0x8 d:/rt-thread/rt-threadstudio/repo/extract/toolchain_support_packages/arm/gnu_tools_for_arm_embedded_processors/10.2.1/bin/../lib/gcc/arm-none-eabi/10.2.1/../../../../arm-none-eabi/lib/thumb/v8-m.main+fp/hard\libc.a(lib_a-atoi.o)
                0x000152d0                atoi
 .text.memcmp   0x000152d8       0x60 d:/rt-thread/rt-threadstudio/repo/extract/toolchain_support_packages/arm/gnu_tools_for_arm_embedded_processors/10.2.1/bin/../lib/gcc/arm-none-eabi/10.2.1/../../../../arm-none-eabi/lib/thumb/v8-m.main+fp/hard\libc.a(lib_a-memcmp.o)
                0x000152d8                memcmp
 .text          0x00015338       0xec d:/rt-thread/rt-threadstudio/repo/extract/toolchain_support_packages/arm/gnu_tools_for_arm_embedded_processors/10.2.1/bin/../lib/gcc/arm-none-eabi/10.2.1/../../../../arm-none-eabi/lib/thumb/v8-m.main+fp/hard\libc.a(lib_a-memcpy.o)
                0x00015338                memcpy
 .text.memset   0x00015424       0xa4 d:/rt-thread/rt-threadstudio/repo/extract/toolchain_support_packages/arm/gnu_tools_for_arm_embedded_processors/10.2.1/bin/../lib/gcc/arm-none-eabi/10.2.1/../../../../arm-none-eabi/lib/thumb/v8-m.main+fp/hard\libc.a(lib_a-memset.o)
                0x00015424                memset
 .text          0x000154c8      0x1bc d:/rt-thread/rt-threadstudio/repo/extract/toolchain_support_packages/arm/gnu_tools_for_arm_embedded_processors/10.2.1/bin/../lib/gcc/arm-none-eabi/10.2.1/../../../../arm-none-eabi/lib/thumb/v8-m.main+fp/hard\libc.a(lib_a-strcmp.o)
                0x000154c8                strcmp
 .text.strlen   0x00015684       0x5c d:/rt-thread/rt-threadstudio/repo/extract/toolchain_support_packages/arm/gnu_tools_for_arm_embedded_processors/10.2.1/bin/../lib/gcc/arm-none-eabi/10.2.1/../../../../arm-none-eabi/lib/thumb/v8-m.main+fp/hard\libc.a(lib_a-strlen-stub.o)
                0x00015684                strlen
 .text.strncmp  0x000156e0       0x78 d:/rt-thread/rt-threadstudio/repo/extract/toolchain_support_packages/arm/gnu_tools_for_arm_embedded_processors/10.2.1/bin/../lib/gcc/arm-none-eabi/10.2.1/../../../../arm-none-eabi/lib/thumb/v8-m.main+fp/hard\libc.a(lib_a-strncmp.o)
                0x000156e0                strncmp
 .text.strncpy  0x00015758       0x64 d:/rt-thread/rt-threadstudio/repo/extract/toolchain_support_packages/arm/gnu_tools_for_arm_embedded_processors/10.2.1/bin/../lib/gcc/arm-none-eabi/10.2.1/../../../../arm-none-eabi/lib/thumb/v8-m.main+fp/hard\libc.a(lib_a-strncpy.o)
                0x00015758                strncpy
 *fill*         0x000157bc        0x4 ff
 .text._strtod_l
                0x000157c0      0xf30 d:/rt-thread/rt-threadstudio/repo/extract/toolchain_support_packages/arm/gnu_tools_for_arm_embedded_processors/10.2.1/bin/../lib/gcc/arm-none-eabi/10.2.1/../../../../arm-none-eabi/lib/thumb/v8-m.main+fp/hard\libc.a(lib_a-strtod.o)
                0x000157c0                _strtod_l
 .text.strtod   0x000166f0       0x1c d:/rt-thread/rt-threadstudio/repo/extract/toolchain_support_packages/arm/gnu_tools_for_arm_embedded_processors/10.2.1/bin/../lib/gcc/arm-none-eabi/10.2.1/../../../../arm-none-eabi/lib/thumb/v8-m.main+fp/hard\libc.a(lib_a-strtod.o)
                0x000166f0                strtod
 .text._strtol_l.part.0
                0x0001670c      0x104 d:/rt-thread/rt-threadstudio/repo/extract/toolchain_support_packages/arm/gnu_tools_for_arm_embedded_processors/10.2.1/bin/../lib/gcc/arm-none-eabi/10.2.1/../../../../arm-none-eabi/lib/thumb/v8-m.main+fp/hard\libc.a(lib_a-strtol.o)
 .text.strtol   0x00016810       0x2c d:/rt-thread/rt-threadstudio/repo/extract/toolchain_support_packages/arm/gnu_tools_for_arm_embedded_processors/10.2.1/bin/../lib/gcc/arm-none-eabi/10.2.1/../../../../arm-none-eabi/lib/thumb/v8-m.main+fp/hard\libc.a(lib_a-strtol.o)
                0x00016810                strtol
 .text.startup.register_fini
                0x0001683c       0x14 d:/rt-thread/rt-threadstudio/repo/extract/toolchain_support_packages/arm/gnu_tools_for_arm_embedded_processors/10.2.1/bin/../lib/gcc/arm-none-eabi/10.2.1/../../../../arm-none-eabi/lib/thumb/v8-m.main+fp/hard\libc.a(lib_a-__call_atexit.o)
 .text.atexit   0x00016850        0xc d:/rt-thread/rt-threadstudio/repo/extract/toolchain_support_packages/arm/gnu_tools_for_arm_embedded_processors/10.2.1/bin/../lib/gcc/arm-none-eabi/10.2.1/../../../../arm-none-eabi/lib/thumb/v8-m.main+fp/hard\libc.a(lib_a-atexit.o)
                0x00016850                atexit
 .text.__libc_fini_array
                0x0001685c       0x2c d:/rt-thread/rt-threadstudio/repo/extract/toolchain_support_packages/arm/gnu_tools_for_arm_embedded_processors/10.2.1/bin/../lib/gcc/arm-none-eabi/10.2.1/../../../../arm-none-eabi/lib/thumb/v8-m.main+fp/hard\libc.a(lib_a-fini.o)
                0x0001685c                __libc_fini_array
 .text.rshift   0x00016888       0xa8 d:/rt-thread/rt-threadstudio/repo/extract/toolchain_support_packages/arm/gnu_tools_for_arm_embedded_processors/10.2.1/bin/../lib/gcc/arm-none-eabi/10.2.1/../../../../arm-none-eabi/lib/thumb/v8-m.main+fp/hard\libc.a(lib_a-gdtoa-gethex.o)
 .text.__gethex
                0x00016930      0x5f0 d:/rt-thread/rt-threadstudio/repo/extract/toolchain_support_packages/arm/gnu_tools_for_arm_embedded_processors/10.2.1/bin/../lib/gcc/arm-none-eabi/10.2.1/../../../../arm-none-eabi/lib/thumb/v8-m.main+fp/hard\libc.a(lib_a-gdtoa-gethex.o)
                0x00016930                __gethex