Archive member included to satisfy reference by file (symbol)

d:/rt-threadstudio/repo/extract/toolchain_support_packages/arm/gnu_tools_for_arm_embedded_processors/10.2.1/bin/../lib/gcc/arm-none-eabi/10.2.1/../../../../arm-none-eabi/lib/thumb/v8-m.main+fp/hard\libc.a(lib_a-atoi.o)
                              ./src/controller.o (atoi)
d:/rt-threadstudio/repo/extract/toolchain_support_packages/arm/gnu_tools_for_arm_embedded_processors/10.2.1/bin/../lib/gcc/arm-none-eabi/10.2.1/../../../../arm-none-eabi/lib/thumb/v8-m.main+fp/hard\libc.a(lib_a-exit.o)
                              d:/rt-threadstudio/repo/extract/toolchain_support_packages/arm/gnu_tools_for_arm_embedded_processors/10.2.1/bin/../lib/gcc/arm-none-eabi/10.2.1/../../../../arm-none-eabi/lib/thumb/v8-m.main+fp/hard/crt0.o (exit)
d:/rt-threadstudio/repo/extract/toolchain_support_packages/arm/gnu_tools_for_arm_embedded_processors/10.2.1/bin/../lib/gcc/arm-none-eabi/10.2.1/../../../../arm-none-eabi/lib/thumb/v8-m.main+fp/hard\libc.a(lib_a-impure.o)
                              d:/rt-threadstudio/repo/extract/toolchain_support_packages/arm/gnu_tools_for_arm_embedded_processors/10.2.1/bin/../lib/gcc/arm-none-eabi/10.2.1/../../../../arm-none-eabi/lib/thumb/v8-m.main+fp/hard\libc.a(lib_a-exit.o) (_global_impure_ptr)
d:/rt-threadstudio/repo/extract/toolchain_support_packages/arm/gnu_tools_for_arm_embedded_processors/10.2.1/bin/../lib/gcc/arm-none-eabi/10.2.1/../../../../arm-none-eabi/lib/thumb/v8-m.main+fp/hard\libc.a(lib_a-memcmp.o)
                              ./rt-thread/components/finsh/shell.o (memcmp)
d:/rt-threadstudio/repo/extract/toolchain_support_packages/arm/gnu_tools_for_arm_embedded_processors/10.2.1/bin/../lib/gcc/arm-none-eabi/10.2.1/../../../../arm-none-eabi/lib/thumb/v8-m.main+fp/hard\libc.a(lib_a-memcpy.o)
                              ./ra/fsp/src/r_sci_uart/r_sci_uart.o (memcpy)
d:/rt-threadstudio/repo/extract/toolchain_support_packages/arm/gnu_tools_for_arm_embedded_processors/10.2.1/bin/../lib/gcc/arm-none-eabi/10.2.1/../../../../arm-none-eabi/lib/thumb/v8-m.main+fp/hard\libc.a(lib_a-memset.o)
                              d:/rt-threadstudio/repo/extract/toolchain_support_packages/arm/gnu_tools_for_arm_embedded_processors/10.2.1/bin/../lib/gcc/arm-none-eabi/10.2.1/../../../../arm-none-eabi/lib/thumb/v8-m.main+fp/hard/crt0.o (memset)
d:/rt-threadstudio/repo/extract/toolchain_support_packages/arm/gnu_tools_for_arm_embedded_processors/10.2.1/bin/../lib/gcc/arm-none-eabi/10.2.1/../../../../arm-none-eabi/lib/thumb/v8-m.main+fp/hard\libc.a(lib_a-strcmp.o)
                              ./src/pwm_config.o (strcmp)
d:/rt-threadstudio/repo/extract/toolchain_support_packages/arm/gnu_tools_for_arm_embedded_processors/10.2.1/bin/../lib/gcc/arm-none-eabi/10.2.1/../../../../arm-none-eabi/lib/thumb/v8-m.main+fp/hard\libc.a(lib_a-strcpy.o)
                              ./rt-thread/components/finsh/shell.o (strcpy)
d:/rt-threadstudio/repo/extract/toolchain_support_packages/arm/gnu_tools_for_arm_embedded_processors/10.2.1/bin/../lib/gcc/arm-none-eabi/10.2.1/../../../../arm-none-eabi/lib/thumb/v8-m.main+fp/hard\libc.a(lib_a-strlen-stub.o)
                              ./rt-thread/components/finsh/msh.o (strlen)
d:/rt-threadstudio/repo/extract/toolchain_support_packages/arm/gnu_tools_for_arm_embedded_processors/10.2.1/bin/../lib/gcc/arm-none-eabi/10.2.1/../../../../arm-none-eabi/lib/thumb/v8-m.main+fp/hard\libc.a(lib_a-strncmp.o)
                              ./rt-thread/components/finsh/msh.o (strncmp)
d:/rt-threadstudio/repo/extract/toolchain_support_packages/arm/gnu_tools_for_arm_embedded_processors/10.2.1/bin/../lib/gcc/arm-none-eabi/10.2.1/../../../../arm-none-eabi/lib/thumb/v8-m.main+fp/hard\libc.a(lib_a-strncpy.o)
                              ./rt-thread/components/finsh/shell.o (strncpy)
d:/rt-threadstudio/repo/extract/toolchain_support_packages/arm/gnu_tools_for_arm_embedded_processors/10.2.1/bin/../lib/gcc/arm-none-eabi/10.2.1/../../../../arm-none-eabi/lib/thumb/v8-m.main+fp/hard\libc.a(lib_a-strtol.o)
                              d:/rt-threadstudio/repo/extract/toolchain_support_packages/arm/gnu_tools_for_arm_embedded_processors/10.2.1/bin/../lib/gcc/arm-none-eabi/10.2.1/../../../../arm-none-eabi/lib/thumb/v8-m.main+fp/hard\libc.a(lib_a-atoi.o) (_strtol_r)
d:/rt-threadstudio/repo/extract/toolchain_support_packages/arm/gnu_tools_for_arm_embedded_processors/10.2.1/bin/../lib/gcc/arm-none-eabi/10.2.1/../../../../arm-none-eabi/lib/thumb/v8-m.main+fp/hard\libc.a(lib_a-__call_atexit.o)
                              d:/rt-threadstudio/repo/extract/toolchain_support_packages/arm/gnu_tools_for_arm_embedded_processors/10.2.1/bin/../lib/gcc/arm-none-eabi/10.2.1/../../../../arm-none-eabi/lib/thumb/v8-m.main+fp/hard\libc.a(lib_a-exit.o) (__call_exitprocs)
[...]
Memory Configuration

Name             Origin             Length             Attributes
FLASH            0x00000000         0x00100000         xr
RAM              0x20000000         0x00040000         xrw
DATA_FLASH       0x08000000         0x00002000         xr
QSPI_FLASH       0x60000000         0x04000000         xr
OSPI_DEVICE_0    0x68000000         0x08000000         xr
OSPI_DEVICE_1    0x70000000         0x10000000         xr
OSPI_DEVICE_0_RAM 0x68000000         0x08000000         xrw
OSPI_DEVICE_1_RAM 0x70000000         0x10000000         xrw
SDRAM            0x90000000         0x00000000         xrw
OPTION_SETTING   0x0100a100         0x00000100         r
OPTION_SETTING_S 0x0100a200         0x00000100         r
ID_CODE          0x00000000         0x00000000         xr
*default*        0x00000000         0xffffffff

Linker script and memory map

LOAD d:/rt-threadstudio/repo/extract/toolchain_support_packages/arm/gnu_tools_for_arm_embedded_processors/10.2.1/bin/../lib/gcc/arm-none-eabi/10.2.1/thumb/v8-m.main+fp/hard/crti.o
LOAD d:/rt-threadstudio/repo/extract/toolchain_support_packages/arm/gnu_tools_for_arm_embedded_processors/10.2.1/bin/../lib/gcc/arm-none-eabi/10.2.1/thumb/v8-m.main+fp/hard/crtbegin.o
LOAD d:/rt-threadstudio/repo/extract/toolchain_support_packages/arm/gnu_tools_for_arm_embedded_processors/10.2.1/bin/../lib/gcc/arm-none-eabi/10.2.1/../../../../arm-none-eabi/lib/thumb/v8-m.main+fp/hard/crt0.o
LOAD ./src/controller.o
LOAD ./src/hal_entry.o
LOAD ./src/pwm_config.o
LOAD ./rt-thread/src/clock.o
LOAD ./rt-thread/src/components.o
LOAD ./rt-thread/src/device.o
LOAD ./rt-thread/src/idle.o
LOAD ./rt-thread/src/ipc.o
LOAD ./rt-thread/src/irq.o
LOAD ./rt-thread/src/kservice.o
LOAD ./rt-thread/src/mem.o
LOAD ./rt-thread/src/object.o
LOAD ./rt-thread/src/scheduler.o
LOAD ./rt-thread/src/thread.o
LOAD ./rt-thread/src/timer.o
LOAD ./rt-thread/libcpu/arm/cortex-m4/context_gcc.o
LOAD ./rt-thread/libcpu/arm/cortex-m4/cpuport.o
LOAD ./rt-thread/libcpu/arm/common/backtrace.o
LOAD ./rt-thread/libcpu/arm/common/div0.o
LOAD ./rt-thread/libcpu/arm/common/showmem.o
LOAD ./rt-thread/components/libc/compilers/newlib/syscalls.o
LOAD ./rt-thread/components/libc/compilers/common/stdlib.o
LOAD ./rt-thread/components/libc/compilers/common/time.o
LOAD ./rt-thread/components/finsh/cmd.o
LOAD ./rt-thread/components/finsh/msh.o
LOAD ./rt-thread/components/finsh/shell.o
LOAD ./rt-thread/components/drivers/serial/serial_v2.o
LOAD ./rt-thread/components/drivers/misc/pin.o
LOAD ./rt-thread/components/drivers/misc/rt_drv_pwm.o
LOAD ./rt-thread/components/drivers/ipc/completion.o
LOAD ./rt-thread/components/drivers/ipc/dataqueue.o
LOAD ./rt-thread/components/drivers/ipc/pipe.o
LOAD ./rt-thread/components/drivers/ipc/ringblk_buf.o
LOAD ./rt-thread/components/drivers/ipc/ringbuffer.o
LOAD ./rt-thread/components/drivers/ipc/waitqueue.o
LOAD ./rt-thread/components/drivers/ipc/workqueue.o
LOAD ./ra_gen/common_data.o
LOAD ./ra_gen/hal_data.o
LOAD ./ra_gen/main.o
LOAD ./ra_gen/pin_data.o
LOAD ./ra_gen/vector_data.o
LOAD ./ra/fsp/src/r_sci_uart/r_sci_uart.o
LOAD ./ra/fsp/src/r_ioport/r_ioport.o
LOAD ./ra/fsp/src/r_icu/r_icu.o
LOAD ./ra/fsp/src/r_gpt/r_gpt.o
LOAD ./ra/fsp/src/bsp/mcu/all/bsp_clocks.o
LOAD ./ra/fsp/src/bsp/mcu/all/bsp_common.o
LOAD ./ra/fsp/src/bsp/mcu/all/bsp_delay.o
LOAD ./ra/fsp/src/bsp/mcu/all/bsp_group_irq.o
LOAD ./ra/fsp/src/bsp/mcu/all/bsp_guard.o
LOAD ./ra/fsp/src/bsp/mcu/all/bsp_io.o
LOAD ./ra/fsp/src/bsp/mcu/all/bsp_irq.o
LOAD ./ra/fsp/src/bsp/mcu/all/bsp_register_protection.o
LOAD ./ra/fsp/src/bsp/mcu/all/bsp_rom_registers.o
LOAD ./ra/fsp/src/bsp/mcu/all/bsp_sbrk.o
LOAD ./ra/fsp/src/bsp/mcu/all/bsp_security.o
LOAD ./ra/fsp/src/bsp/cmsis/Device/RENESAS/Source/startup.o
LOAD ./ra/fsp/src/bsp/cmsis/Device/RENESAS/Source/system.o
LOAD ./packages/SEGGER_RTT-latest/adapter/drv_rtt.o
LOAD ./packages/SEGGER_RTT-latest/RTT/SEGGER_RTT.o
LOAD ./packages/SEGGER_RTT-latest/RTT/SEGGER_RTT_printf.o
LOAD ./libraries/HAL_Drivers/drv_common.o
LOAD ./libraries/HAL_Drivers/drv_gpio.o
LOAD ./libraries/HAL_Drivers/drv_pwm.o
LOAD ./libraries/HAL_Drivers/drv_usart_v2.o
LOAD ./board/ports/drv_rw007.o
LOAD d:/rt-threadstudio/repo/extract/toolchain_support_packages/arm/gnu_tools_for_arm_embedded_processors/10.2.1/bin/../lib/gcc/arm-none-eabi/10.2.1/../../../../arm-none-eabi/lib/thumb/v8-m.main+fp/hard\libm.a
LOAD d:/rt-threadstudio/repo/extract/toolchain_support_packages/arm/gnu_tools_for_arm_embedded_processors/10.2.1/bin/../lib/gcc/arm-none-eabi/10.2.1/../../../../arm-none-eabi/lib/thumb/v8-m.main+fp/hard\libc.a
START GROUP
LOAD d:/rt-threadstudio/repo/extract/toolchain_support_packages/arm/gnu_tools_for_arm_embedded_processors/10.2.1/bin/../lib/gcc/arm-none-eabi/10.2.1/thumb/v8-m.main+fp/hard\libgcc.a
LOAD d:/rt-threadstudio/repo/extract/toolchain_support_packages/arm/gnu_tools_for_arm_embedded_processors/10.2.1/bin/../lib/gcc/arm-none-eabi/10.2.1/../../../../arm-none-eabi/lib/thumb/v8-m.main+fp/hard\libc.a
END GROUP
LOAD d:/rt-threadstudio/repo/extract/toolchain_support_packages/arm/gnu_tools_for_arm_embedded_processors/10.2.1/bin/../lib/gcc/arm-none-eabi/10.2.1/thumb/v8-m.main+fp/hard/crtend.o
LOAD d:/rt-threadstudio/repo/extract/toolchain_support_packages/arm/gnu_tools_for_arm_embedded_processors/10.2.1/bin/../lib/gcc/arm-none-eabi/10.2.1/thumb/v8-m.main+fp/hard/crtn.o
                0x20000000                RAM_START = 0x20000000
                0x00040000                RAM_LENGTH = 0x40000
                0x00000000                FLASH_START = 0x0
                0x00100000                FLASH_LENGTH = 0x100000
                0x08000000                DATA_FLASH_START = 0x8000000
                0x00002000                DATA_FLASH_LENGTH = 0x2000
                0x0100a100                OPTION_SETTING_START = 0x100a100
                0x00000100                OPTION_SETTING_LENGTH = 0x100
                0x0100a200                OPTION_SETTING_S_START = 0x100a200
                0x00000100                OPTION_SETTING_S_LENGTH = 0x100
                0x00000000                ID_CODE_START = 0x0
                0x00000000                ID_CODE_LENGTH = 0x0
                0x90000000                SDRAM_START = 0x90000000
                0x00000000                SDRAM_LENGTH = 0x0
                0x60000000                QSPI_FLASH_START = 0x60000000
                0x04000000                QSPI_FLASH_LENGTH = 0x4000000
                0x68000000                OSPI_DEVICE_0_START = 0x68000000
                0x08000000                OSPI_DEVICE_0_LENGTH = 0x8000000
                0x70000000                OSPI_DEVICE_1_START = 0x70000000
                0x10000000                OSPI_DEVICE_1_LENGTH = 0x10000000
                0x04000000                QSPI_FLASH_PRV_LENGTH = DEFINED (QSPI_FLASH_SIZE)?ABSOLUTE (QSPI_FLASH_SIZE):ABSOLUTE (QSPI_FLASH_LENGTH)
                0x08000000                OSPI_DEVICE_0_PRV_LENGTH = DEFINED (OSPI_DEVICE_0_SIZE)?ABSOLUTE (OSPI_DEVICE_0_SIZE):ABSOLUTE (OSPI_DEVICE_0_LENGTH)
                0x10000000                OSPI_DEVICE_1_PRV_LENGTH = DEFINED (OSPI_DEVICE_1_SIZE)?ABSOLUTE (OSPI_DEVICE_1_SIZE):ABSOLUTE (OSPI_DEVICE_1_LENGTH)
                0x00000000                __RESERVE_NS_RAM = ((! (DEFINED (PROJECT_NONSECURE)) && DEFINED (RAM_NS_BUFFER_LENGTH)) && (OPTION_SETTING_S_LENGTH != 0x0))
                0x00000000                RAM_NS_BUFFER_BLOCK_LENGTH = DEFINED (RAM_NS_BUFFER_LENGTH)?ALIGN (RAM_NS_BUFFER_LENGTH, 0x2000):0x0
                0x00000000                RAM_NS_BUFFER_LENGTH = DEFINED (RAM_NS_BUFFER_LENGTH)?RAM_NS_BUFFER_LENGTH:0x0
                0x20040000                RAM_NS_BUFFER_START = ((RAM_START + RAM_LENGTH) - RAM_NS_BUFFER_LENGTH)
                0x20040000                RAM_NS_BUFFER_BLOCK_START = ((RAM_START + RAM_LENGTH) - RAM_NS_BUFFER_BLOCK_LENGTH)
                0x0100a180                OPTION_SETTING_START_NS = 0x100a180
                0x00000001                __bl_FSP_BOOTABLE_IMAGE = 0x1
                0x00000001                __bln_FSP_BOOTABLE_IMAGE = 0x1
                0x00000001                PROJECT_SECURE_OR_FLAT = ((! (DEFINED (PROJECT_NONSECURE)) && OPTION_SETTING_LENGTH) && ! (DEFINED (FSP_BOOTABLE_IMAGE)))
                0x00000000                USE_OPTION_SETTING_NS = (DEFINED (PROJECT_NONSECURE) && ! (DEFINED (FSP_BOOTABLE_IMAGE)))
                0x00000000                __bl_FLASH_IMAGE_START = ! (DEFINED (FLASH_BOOTLOADER_LENGTH))?0x0:(FLASH_APPLICATION_IMAGE_NUMBER == 0x1)?(FLASH_BOOTLOADER_LENGTH + FLASH_BOOTLOADER_HEADER_LENGTH):(((FLASH_BOOTLOADER_LENGTH + FLASH_BOOTLOADER_SCRATCH_LENGTH) + FLASH_APPLICATION_S_LENGTH) + FLASH_BOOTLOADER_HEADER_LENGTH)
                0x00000000                __bl_FLASH_IMAGE_LENGTH = ! (DEFINED (FLASH_BOOTLOADER_LENGTH))?0x0:(FLASH_APPLICATION_S_LENGTH - FLASH_BOOTLOADER_HEADER_LENGTH)
                0x00000000                __bl_FLASH_IMAGE_END = (__bl_FLASH_IMAGE_START + __bl_FLASH_IMAGE_LENGTH)
                0x00000000                __bl_FLASH_NS_START = ! (DEFINED (FLASH_BOOTLOADER_LENGTH))?0x0:(FLASH_APPLICATION_NS_LENGTH == 0x0)?__bl_FLASH_IMAGE_END:((__bl_FLASH_IMAGE_START - FLASH_BOOTLOADER_HEADER_LENGTH) + FLASH_APPLICATION_S_LENGTH)
                0x00000000                __bl_FLASH_NSC_START = ! (DEFINED (FLASH_BOOTLOADER_LENGTH))?0x0:(FLASH_APPLICATION_NS_LENGTH == 0x0)?__bl_FLASH_IMAGE_END:(__bl_FLASH_NS_START - FLASH_APPLICATION_NSC_LENGTH)
                0x00000000                __bl_RAM_NS_START = ! (DEFINED (FLASH_BOOTLOADER_LENGTH))?0x0:(FLASH_APPLICATION_NS_LENGTH == 0x0)?(RAM_START + RAM_LENGTH):((RAM_START + RAM_LENGTH) - RAM_APPLICATION_NS_LENGTH)
                0x00000000                __bl_RAM_NSC_START = ! (DEFINED (FLASH_BOOTLOADER_LENGTH))?0x0:(FLASH_APPLICATION_NS_LENGTH == 0x0)?(RAM_START + RAM_LENGTH):(__bl_RAM_NS_START - RAM_APPLICATION_NSC_LENGTH)
                0x00000000                __bl_FLASH_NS_IMAGE_START = ! (DEFINED (FLASH_BOOTLOADER_LENGTH))?0x0:(FLASH_APPLICATION_NS_LENGTH == 0x0)?__bl_FLASH_IMAGE_END:(__bl_FLASH_NS_START + FLASH_BOOTLOADER_HEADER_LENGTH_2)
                0x00000000                __bln_FLASH_IMAGE_START = __bl_FLASH_NS_IMAGE_START
                0x00000000                __bln_FLASH_IMAGE_LENGTH = ! (DEFINED (FLASH_BOOTLOADER_LENGTH))?0x0:(FLASH_APPLICATION_NS_LENGTH == 0x0)?__bl_FLASH_IMAGE_END:(FLASH_APPLICATION_NS_LENGTH - FLASH_BOOTLOADER_HEADER_LENGTH_2)
                0x00000000                FLASH_ORIGIN = DEFINED (FLASH_IMAGE_START)?FLASH_IMAGE_START:FLASH_START
                0x00100000                LIMITED_FLASH_LENGTH = DEFINED (FLASH_IMAGE_LENGTH)?FLASH_IMAGE_LENGTH:DEFINED (FLASH_BOOTLOADER_LENGTH)?FLASH_BOOTLOADER_LENGTH:FLASH_LENGTH
START GROUP
LOAD d:/rt-threadstudio/repo/extract/toolchain_support_packages/arm/gnu_tools_for_arm_embedded_processors/10.2.1/bin/../lib/gcc/arm-none-eabi/10.2.1/thumb/v8-m.main+fp/hard\libgcc.a
LOAD d:/rt-threadstudio/repo/extract/toolchain_support_packages/arm/gnu_tools_for_arm_embedded_processors/10.2.1/bin/../lib/gcc/arm-none-eabi/10.2.1/../../../../arm-none-eabi/lib/thumb/v8-m.main+fp/hard\libc.a
LOAD d:/rt-threadstudio/repo/extract/toolchain_support_packages/arm/gnu_tools_for_arm_embedded_processors/10.2.1/bin/../lib/gcc/arm-none-eabi/10.2.1/../../../../arm-none-eabi/lib/thumb/v8-m.main+fp/hard\libm.a
LOAD d:/rt-threadstudio/repo/extract/toolchain_support_packages/arm/gnu_tools_for_arm_embedded_processors/10.2.1/bin/../lib/gcc/arm-none-eabi/10.2.1/../../../../arm-none-eabi/lib/thumb/v8-m.main+fp/hard\libnosys.a
END GROUP

.text           0x00000000    0x11780
                0x00000000                __tz_FLASH_S = ABSOLUTE (FLASH_START)
                0x00000000                __ROM_Start = .
 *(.fixed_vectors*)
 .fixed_vectors
                0x00000000       0x40 ./ra/fsp/src/bsp/cmsis/Device/RENESAS/Source/startup.o
                0x00000000                __Vectors
 *(.application_vectors*)
 .application_vectors
                0x00000040      0x180 ./ra_gen/vector_data.o
                0x00000040                g_vector_table
                0x000001c0                __Vectors_End = .
                0x000001c0                . = (OPTION_SETTING_LENGTH > 0x0)?.:(__ROM_Start + 0x400)
 *(.rom_registers*)
                0x000001c0                . = (OPTION_SETTING_LENGTH > 0x0)?.:(__ROM_Start + 0x500)
                0x00000200                . = ALIGN (0x80)
 *fill*         0x000001c0       0x40 ff
 *(.mcuboot_sce9_key*)
 *(.text*)
 .text          0x00000200       0x40 d:/rt-threadstudio/repo/extract/toolchain_support_packages/arm/gnu_tools_for_arm_embedded_processors/10.2.1/bin/../lib/gcc/arm-none-eabi/10.2.1/thumb/v8-m.main+fp/hard/crtbegin.o
 .text.car_init
                0x00000240       0xdc ./src/controller.o
                0x00000240                car_init
 .text.car_start
                0x0000031c       0x70 ./src/controller.o
                0x0000031c                car_start
 .text.car_stop
                0x0000038c       0x40 ./src/controller.o
                0x0000038c                car_stop
 .text.car_left
                0x000003cc       0xd0 ./src/controller.o
                0x000003cc                car_left
 .text.car_right
                0x0000049c       0xd0 ./src/controller.o
                0x0000049c                car_right
 .text.car_turn
                0x0000056c      0x17c ./src/controller.o
                0x0000056c                car_turn
 .text.hal_entry
                0x000006e8       0x58 ./src/hal_entry.o
                0x000006e8                hal_entry
 .text.irq_callback_test
                0x00000740       0x1c ./src/hal_entry.o
                0x00000740                irq_callback_test
 .text.icu_sample
                0x0000075c       0x68 ./src/hal_entry.o
                0x0000075c                icu_sample
 .text.pwm_init
                0x000007c4       0xc0 ./src/pwm_config.o
                0x000007c4                pwm_init
 .text.pwm_ex_set_pulse
                0x00000884      0x114 ./src/pwm_config.o
                0x00000884                pwm_ex_set_pulse
 .text.pwm_set_pulse
                0x00000998       0x44 ./src/pwm_config.o
                0x00000998                pwm_set_pulse
 .text.rt_tick_get
                0x000009dc       0x18 ./rt-thread/src/clock.o
                0x000009dc                rt_tick_get
 .text.rt_tick_increase
                0x000009f4       0x7c ./rt-thread/src/clock.o
                0x000009f4                rt_tick_increase
 .text.rt_tick_from_millisecond
                0x00000a70       0x78 ./rt-thread/src/clock.o
                0x00000a70                rt_tick_from_millisecond
 .text.rti_start
                0x00000ae8       0x10 ./rt-thread/src/components.o
 .text.rti_board_start
                0x00000af8       0x10 ./rt-thread/src/components.o
 .text.rti_board_end
                0x00000b08       0x10 ./rt-thread/src/components.o
 .text.rti_end  0x00000b18       0x10 ./rt-thread/src/components.o
 .text.rt_components_board_init
                0x00000b28       0x34 ./rt-thread/src/components.o
                0x00000b28                rt_components_board_init
 .text.rt_components_init
                0x00000b5c       0x34 ./rt-thread/src/components.o
                0x00000b5c                rt_components_init
 .text.entry    0x00000b90        0xe ./rt-thread/src/components.o
                0x00000b90                entry
 .text.main_thread_entry
                0x00000b9e       0x18 ./rt-thread/src/components.o
                0x00000b9e                main_thread_entry
 *fill*         0x00000bb6        0x2 ff
 .text.rt_application_init
                0x00000bb8       0x4c ./rt-thread/src/components.o
                0x00000bb8                rt_application_init
 .text.rtthread_startup
                0x00000c04       0x2e ./rt-thread/src/components.o
                0x00000c04                rtthread_startup
 .text.rt_device_register
                0x00000c32       0x54 ./rt-thread/src/device.o
                0x00000c32                rt_device_register
 .text.rt_device_find
                0x00000c86       0x1a ./rt-thread/src/device.o
                0x00000c86                rt_device_find
 .text.rt_device_open
                0x00000ca0      0x108 ./rt-thread/src/device.o
                0x00000ca0                rt_device_open
 .text.rt_device_close
                0x00000da8       0x9c ./rt-thread/src/device.o
                0x00000da8                rt_device_close
 .text.rt_device_read
                0x00000e44       0x88 ./rt-thread/src/device.o
                0x00000e44                rt_device_read
 .text.rt_device_write
                0x00000ecc       0x88 ./rt-thread/src/device.o
                0x00000ecc                rt_device_write
 .text.rt_device_control
                0x00000f54       0x68 ./rt-thread/src/device.o
                0x00000f54                rt_device_control
 .text.rt_device_set_rx_indicate
                0x00000fbc       0x54 ./rt-thread/src/device.o
                0x00000fbc                rt_device_set_rx_indicate
 .text.rt_list_insert_after
                0x00001010       0x32 ./rt-thread/src/idle.o
 .text.rt_list_remove
                0x00001042       0x36 ./rt-thread/src/idle.o
 .text.rt_thread_idle_sethook
                0x00001078       0x58 ./rt-thread/src/idle.o
                0x00001078                rt_thread_idle_sethook
 .text.rt_thread_defunct_enqueue
                0x000010d0       0x20 ./rt-thread/src/idle.o
                0x000010d0                rt_thread_defunct_enqueue
 .text.rt_thread_defunct_dequeue
                0x000010f0       0x44 ./rt-thread/src/idle.o
                0x000010f0                rt_thread_defunct_dequeue
 .text.rt_defunct_execute
                0x00001134       0x54 ./rt-thread/src/idle.o
 .text.rt_thread_idle_entry
                0x00001188       0x38 ./rt-thread/src/idle.o
 .text.rt_thread_idle_init
                0x000011c0       0x78 ./rt-thread/src/idle.o
                0x000011c0                rt_thread_idle_init
 .text.rt_list_init
                0x00001238       0x22 ./rt-thread/src/ipc.o
 .text.rt_list_insert_before
                0x0000125a       0x32 ./rt-thread/src/ipc.o
 .text.rt_list_isempty
                0x0000128c       0x24 ./rt-thread/src/ipc.o
 .text._ipc_object_init
                0x000012b0       0x1c ./rt-thread/src/ipc.o
 .text._ipc_list_suspend
                0x000012cc       0xa4 ./rt-thread/src/ipc.o
 .text._ipc_list_resume
                0x00001370       0x20 ./rt-thread/src/ipc.o
 .text.rt_sem_init
                0x00001390       0x88 ./rt-thread/src/ipc.o
                0x00001390                rt_sem_init
 .text.rt_sem_take
                0x00001418      0x190 ./rt-thread/src/ipc.o
                0x00001418                rt_sem_take
 .text.rt_sem_release
                0x000015a8       0xbc ./rt-thread/src/ipc.o
                0x000015a8                rt_sem_release
 .text.rt_mutex_init
                0x00001664       0x64 ./rt-thread/src/ipc.o
                0x00001664                rt_mutex_init
 .text.rt_mutex_take
                0x000016c8      0x21c ./rt-thread/src/ipc.o
                0x000016c8                rt_mutex_take
 .text.rt_mutex_release
                0x000018e4      0x1bc ./rt-thread/src/ipc.o
                0x000018e4                rt_mutex_release
 .text.rt_interrupt_enter
                0x00001aa0       0x40 ./rt-thread/src/irq.o
                0x00001aa0                rt_interrupt_enter
 .text.rt_interrupt_leave
                0x00001ae0       0x40 ./rt-thread/src/irq.o
                0x00001ae0                rt_interrupt_leave
 .text.rt_interrupt_get_nest
                0x00001b20       0x28 ./rt-thread/src/irq.o
                0x00001b20                rt_interrupt_get_nest
 .text.rt_set_errno
                0x00001b48       0x40 ./rt-thread/src/kservice.o
                0x00001b48                rt_set_errno
 .text._rt_errno
                0x00001b88       0x34 ./rt-thread/src/kservice.o
                0x00001b88                _rt_errno
 .text.rt_memset
                0x00001bbc       0xb6 ./rt-thread/src/kservice.o
                0x00001bbc                rt_memset
 .text.rt_memcpy
                0x00001c72       0xd2 ./rt-thread/src/kservice.o
                0x00001c72                rt_memcpy
 .text.rt_memmove
                0x00001d44       0x82 ./rt-thread/src/kservice.o
                0x00001d44                rt_memmove
 .text.rt_strncpy
                0x00001dc6       0x64 ./rt-thread/src/kservice.o
                0x00001dc6                rt_strncpy
 .text.rt_strncmp
                0x00001e2a       0x4a ./rt-thread/src/kservice.o
                0x00001e2a                rt_strncmp
 .text.rt_strlen
                0x00001e74       0x2e ./rt-thread/src/kservice.o
                0x00001e74                rt_strlen
 *fill*         0x00001ea2        0x2 ff
 .text.rt_show_version
                0x00001ea4       0x4c ./rt-thread/src/kservice.o
                0x00001ea4                rt_show_version
 .text.divide   0x00001ef0       0x68 ./rt-thread/src/kservice.o
 .text.skip_atoi
                0x00001f58       0x40 ./rt-thread/src/kservice.o
 .text.print_number
                0x00001f98      0x1dc ./rt-thread/src/kservice.o
 .text.rt_vsnprintf
                0x00002174      0x4ac ./rt-thread/src/kservice.o
                0x00002174                rt_vsnprintf
 .text.rt_vsprintf
                0x00002620       0x24 ./rt-thread/src/kservice.o
                0x00002620                rt_vsprintf
 .text.rt_sprintf
                0x00002644       0x2c ./rt-thread/src/kservice.o
                0x00002644                rt_sprintf
 .text.rt_console_get_device
                0x00002670       0x18 ./rt-thread/src/kservice.o
                0x00002670                rt_console_get_device
 .text.rt_console_set_device
                0x00002688       0x58 ./rt-thread/src/kservice.o
                0x00002688                rt_console_set_device
 .text.rt_hw_console_output
                0x000026e0       0x14 ./rt-thread/src/kservice.o
                0x000026e0                rt_hw_console_output
 .text.rt_kprintf
                0x000026f4       0x60 ./rt-thread/src/kservice.o
                0x000026f4                rt_kprintf
 .text._heap_lock_init
                0x00002754       0x1c ./rt-thread/src/kservice.o
 .text._heap_lock
                0x00002770       0x28 ./rt-thread/src/kservice.o
 .text._heap_unlock
                0x00002798       0x40 ./rt-thread/src/kservice.o
 .text._smem_info
                0x000027d8       0x4c ./rt-thread/src/kservice.o
 .text.rt_system_heap_init
                0x00002824       0x64 ./rt-thread/src/kservice.o
                0x00002824                rt_system_heap_init
 .text.rt_malloc
                0x00002888       0x48 ./rt-thread/src/kservice.o
                0x00002888                rt_malloc
 .text.rt_calloc
                0x000028d0       0x3c ./rt-thread/src/kservice.o
                0x000028d0                rt_calloc
 .text.rt_free  0x0000290c       0x38 ./rt-thread/src/kservice.o
                0x0000290c                rt_free
 .text.rt_memory_info
                0x00002944       0x2a ./rt-thread/src/kservice.o
                0x00002944                rt_memory_info
 *fill*         0x0000296e        0x2 ff
 .text.rt_assert_handler
                0x00002970       0x4c ./rt-thread/src/kservice.o
                0x00002970                rt_assert_handler
 .text.plug_holes
                0x000029bc       0xf8 ./rt-thread/src/mem.o
 .text.rt_smem_init
                0x00002ab4      0x104 ./rt-thread/src/mem.o
                0x00002ab4                rt_smem_init
 .text.rt_smem_alloc
                0x00002bb8      0x268 ./rt-thread/src/mem.o
                0x00002bb8                rt_smem_alloc
 .text.rt_smem_free
                0x00002e20      0x140 ./rt-thread/src/mem.o
                0x00002e20                rt_smem_free
 .text.rt_list_insert_after
                0x00002f60       0x32 ./rt-thread/src/object.o
 .text.rt_list_remove
                0x00002f92       0x36 ./rt-thread/src/object.o
 .text.rt_object_get_information
                0x00002fc8       0x48 ./rt-thread/src/object.o
                0x00002fc8                rt_object_get_information
 .text.rt_object_init
                0x00003010       0xcc ./rt-thread/src/object.o
                0x00003010                rt_object_init
 .text.rt_object_detach
                0x000030dc       0x5c ./rt-thread/src/object.o
                0x000030dc                rt_object_detach
 .text.rt_object_allocate
                0x00003138       0xd8 ./rt-thread/src/object.o
                0x00003138                rt_object_allocate
 .text.rt_object_delete
                0x00003210       0x7c ./rt-thread/src/object.o
                0x00003210                rt_object_delete
 .text.rt_object_is_systemobject
                0x0000328c       0x3c ./rt-thread/src/object.o
                0x0000328c                rt_object_is_systemobject
 .text.rt_object_get_type
                0x000032c8       0x34 ./rt-thread/src/object.o
                0x000032c8                rt_object_get_type
 .text.rt_object_find
                0x000032fc       0xb4 ./rt-thread/src/object.o
                0x000032fc                rt_object_find
 .text.rt_list_init
                0x000033b0       0x22 ./rt-thread/src/scheduler.o
 .text.rt_list_insert_before
                0x000033d2       0x32 ./rt-thread/src/scheduler.o
 .text.rt_list_remove
                0x00003404       0x36 ./rt-thread/src/scheduler.o
 .text.rt_list_isempty
                0x0000343a       0x24 ./rt-thread/src/scheduler.o
 *fill*         0x0000345e        0x2 ff
 .text._rt_scheduler_stack_check
                0x00003460       0x94 ./rt-thread/src/scheduler.o
 .text._scheduler_get_highest_priority_thread
                0x000034f4       0x38 ./rt-thread/src/scheduler.o
 .text.rt_system_scheduler_init
                0x0000352c       0x38 ./rt-thread/src/scheduler.o
                0x0000352c                rt_system_scheduler_init
 .text.rt_system_scheduler_start
                0x00003564       0x38 ./rt-thread/src/scheduler.o
                0x00003564                rt_system_scheduler_start
 .text.rt_schedule
                0x0000359c      0x19c ./rt-thread/src/scheduler.o
                0x0000359c                rt_schedule
 .text.rt_schedule_insert_thread
                0x00003738       0xac ./rt-thread/src/scheduler.o
                0x00003738                rt_schedule_insert_thread
 .text.rt_schedule_remove_thread
                0x000037e4       0x70 ./rt-thread/src/scheduler.o
                0x000037e4                rt_schedule_remove_thread
 .text.rt_enter_critical
                0x00003854       0x2c ./rt-thread/src/scheduler.o
                0x00003854                rt_enter_critical
 .text.rt_exit_critical
                0x00003880       0x54 ./rt-thread/src/scheduler.o
                0x00003880                rt_exit_critical
 .text.rt_critical_level
                0x000038d4       0x1c ./rt-thread/src/scheduler.o
                0x000038d4                rt_critical_level
 .text.rt_list_init
                0x000038f0       0x22 ./rt-thread/src/thread.o
 .text.rt_list_remove
                0x00003912       0x36 ./rt-thread/src/thread.o
 .text._thread_exit
                0x00003948       0x42 ./rt-thread/src/thread.o
 *fill*         0x0000398a        0x2 ff
 .text._thread_timeout
                0x0000398c       0x8c ./rt-thread/src/thread.o
 .text._thread_init
                0x00003a18       0xfc ./rt-thread/src/thread.o
 .text.rt_thread_init
                0x00003b14       0x70 ./rt-thread/src/thread.o
                0x00003b14                rt_thread_init
 .text.rt_thread_self
                0x00003b84       0x18 ./rt-thread/src/thread.o
                0x00003b84                rt_thread_self
 .text.rt_thread_startup
                0x00003b9c       0x94 ./rt-thread/src/thread.o
                0x00003b9c                rt_thread_startup
 .text.rt_thread_detach
                0x00003c30       0xb0 ./rt-thread/src/thread.o
                0x00003c30                rt_thread_detach
 .text.rt_thread_create
                0x00003ce0       0x62 ./rt-thread/src/thread.o
                0x00003ce0                rt_thread_create
 *fill*         0x00003d42        0x2 ff
 .text.rt_thread_delete
                0x00003d44       0xb0 ./rt-thread/src/thread.o
                0x00003d44                rt_thread_delete
 .text.rt_thread_sleep
                0x00003df4       0x94 ./rt-thread/src/thread.o
                0x00003df4                rt_thread_sleep
 .text.rt_thread_delay
                0x00003e88       0x18 ./rt-thread/src/thread.o
                0x00003e88                rt_thread_delay
 .text.rt_thread_mdelay
                0x00003ea0       0x20 ./rt-thread/src/thread.o
                0x00003ea0                rt_thread_mdelay
 .text.rt_thread_control
                0x00003ec0       0xfc ./rt-thread/src/thread.o
                0x00003ec0                rt_thread_control
 .text.rt_thread_suspend
                0x00003fbc       0xc8 ./rt-thread/src/thread.o
                0x00003fbc                rt_thread_suspend
 .text.rt_thread_resume
                0x00004084       0x98 ./rt-thread/src/thread.o
                0x00004084                rt_thread_resume
 .text.rt_list_init
                0x0000411c       0x22 ./rt-thread/src/timer.o
 .text.rt_list_insert_after
                0x0000413e       0x32 ./rt-thread/src/timer.o
 .text.rt_list_remove
                0x00004170       0x36 ./rt-thread/src/timer.o
 .text.rt_list_isempty
                0x000041a6       0x24 ./rt-thread/src/timer.o
 .text._timer_init
                0x000041ca       0x6a ./rt-thread/src/timer.o
 .text._timer_list_next_timeout
                0x00004234       0x48 ./rt-thread/src/timer.o
 .text._timer_remove
                0x0000427c       0x36 ./rt-thread/src/timer.o
 *fill*         0x000042b2        0x2 ff
 .text.rt_timer_init
                0x000042b4       0x7c ./rt-thread/src/timer.o
                0x000042b4                rt_timer_init
 .text.rt_timer_detach
                0x00004330       0x90 ./rt-thread/src/timer.o
                0x00004330                rt_timer_detach
 .text.rt_timer_start
                0x000043c0      0x224 ./rt-thread/src/timer.o
                0x000043c0                rt_timer_start
 .text.rt_timer_stop
                0x000045e4       0x94 ./rt-thread/src/timer.o
                0x000045e4                rt_timer_stop
 .text.rt_timer_control
                0x00004678       0xf8 ./rt-thread/src/timer.o
                0x00004678                rt_timer_control
 .text.rt_timer_check
                0x00004770      0x108 ./rt-thread/src/timer.o
                0x00004770                rt_timer_check
 .text.rt_soft_timer_check
                0x00004878      0x11c ./rt-thread/src/timer.o
                0x00004878                rt_soft_timer_check
 .text._timer_thread_entry
                0x00004994       0x5c ./rt-thread/src/timer.o
 .text.rt_system_timer_init
                0x000049f0       0x34 ./rt-thread/src/timer.o
                0x000049f0                rt_system_timer_init
 .text.rt_system_timer_thread_init
                0x00004a24       0x68 ./rt-thread/src/timer.o
                0x00004a24                rt_system_timer_thread_init
 .text          0x00004a8c      0x13c ./rt-thread/libcpu/arm/cortex-m4/context_gcc.o
                0x00004a8c                rt_hw_interrupt_disable
                0x00004a94                rt_hw_interrupt_enable
                0x00004a9a                rt_hw_context_switch_interrupt
                0x00004a9a                rt_hw_context_switch
                0x00004aba                PendSV_Handler
                0x00004b26                rt_hw_context_switch_to
                0x00004b6c                rt_hw_interrupt_thread_switch
                0x00004b70                HardFault_Handler
 .text.rt_hw_stack_init
                0x00004bc8       0x90 ./rt-thread/libcpu/arm/cortex-m4/cpuport.o
                0x00004bc8                rt_hw_stack_init
 .text.usage_fault_track
                0x00004c58       0xc4 ./rt-thread/libcpu/arm/cortex-m4/cpuport.o
 .text.bus_fault_track
                0x00004d1c       0xcc ./rt-thread/libcpu/arm/cortex-m4/cpuport.o
 .text.mem_manage_fault_track
                0x00004de8       0xb4 ./rt-thread/libcpu/arm/cortex-m4/cpuport.o
 .text.hard_fault_track
                0x00004e9c       0x78 ./rt-thread/libcpu/arm/cortex-m4/cpuport.o
 .text.rt_hw_hard_fault_exception
                0x00004f14      0x184 ./rt-thread/libcpu/arm/cortex-m4/cpuport.o
                0x00004f14                rt_hw_hard_fault_exception
 .text.__rt_ffs
                0x00005098       0x2a ./rt-thread/libcpu/arm/cortex-m4/cpuport.o
                0x00005098                __rt_ffs
 .text.__errno  0x000050c2        0xe ./rt-thread/components/libc/compilers/newlib/syscalls.o
                0x000050c2                __errno
 .text.rt_list_isempty
                0x000050d0       0x24 ./rt-thread/components/finsh/cmd.o
 .text.rt_list_len
                0x000050f4       0x36 ./rt-thread/components/finsh/cmd.o
 *fill*         0x0000512a        0x2 ff
 .text.clear    0x0000512c       0x14 ./rt-thread/components/finsh/cmd.o
 .text.version  0x00005140        0xe ./rt-thread/components/finsh/cmd.o
                0x00005140                version
 *fill*         0x0000514e        0x2 ff
 .text.object_split
                0x00005150       0x28 ./rt-thread/components/finsh/cmd.o
 .text.list_find_init
                0x00005178       0x46 ./rt-thread/components/finsh/cmd.o
 .text.list_get_next
                0x000051be       0xc6 ./rt-thread/components/finsh/cmd.o
 .text.list_thread
                0x00005284      0x208 ./rt-thread/components/finsh/cmd.o
                0x00005284                list_thread
 .text.show_wait_queue
                0x0000548c       0x54 ./rt-thread/components/finsh/cmd.o
 .text.list_sem
                0x000054e0      0x12c ./rt-thread/components/finsh/cmd.o
                0x000054e0                list_sem
 .text.list_event
                0x0000560c      0x118 ./rt-thread/components/finsh/cmd.o
                0x0000560c                list_event
 .text.list_mutex
                0x00005724       0xe8 ./rt-thread/components/finsh/cmd.o
                0x00005724                list_mutex
 .text.list_mailbox
                0x0000580c      0x13c ./rt-thread/components/finsh/cmd.o
                0x0000580c                list_mailbox
 .text.list_msgqueue
                0x00005948      0x12c ./rt-thread/components/finsh/cmd.o
                0x00005948                list_msgqueue
 .text.list_timer
                0x00005a74      0x128 ./rt-thread/components/finsh/cmd.o
                0x00005a74                list_timer
 .text.list_device
                0x00005b9c       0xf0 ./rt-thread/components/finsh/cmd.o
                0x00005b9c                list_device
 .text.msh_help
                0x00005c8c       0x5c ./rt-thread/components/finsh/msh.o
                0x00005c8c                msh_help
 .text.cmd_ps   0x00005ce8       0x18 ./rt-thread/components/finsh/msh.o
                0x00005ce8                cmd_ps
 .text.cmd_free
                0x00005d00       0x5c ./rt-thread/components/finsh/msh.o
                0x00005d00                cmd_free
 .text.msh_split
                0x00005d5c      0x170 ./rt-thread/components/finsh/msh.o
 .text.msh_get_cmd
                0x00005ecc       0x64 ./rt-thread/components/finsh/msh.o
 .text._msh_exec_cmd
                0x00005f30       0xd4 ./rt-thread/components/finsh/msh.o
 .text.msh_exec
                0x00006004       0x8c ./rt-thread/components/finsh/msh.o
                0x00006004                msh_exec
 .text.str_common
                0x00006090       0x4a ./rt-thread/components/finsh/msh.o
 *fill*         0x000060da        0x2 ff
 .text.msh_auto_complete
                0x000060dc       0xb0 ./rt-thread/components/finsh/msh.o
                0x000060dc                msh_auto_complete
 .text.finsh_get_prompt
                0x0000618c       0x7c ./rt-thread/components/finsh/shell.o
                0x0000618c                finsh_get_prompt
 .text.finsh_set_prompt_mode
                0x00006208       0x48 ./rt-thread/components/finsh/shell.o
                0x00006208                finsh_set_prompt_mode
 .text.finsh_getchar
                0x00006250       0x90 ./rt-thread/components/finsh/shell.o
                0x00006250                finsh_getchar
 .text.finsh_rx_ind
                0x000062e0       0x3c ./rt-thread/components/finsh/shell.o
 .text.finsh_set_device
                0x0000631c       0xd8 ./rt-thread/components/finsh/shell.o
                0x0000631c                finsh_set_device
 .text.shell_auto_complete
                0x000063f4       0x34 ./rt-thread/components/finsh/shell.o
 .text.shell_handle_history
                0x00006428       0x34 ./rt-thread/components/finsh/shell.o
 .text.shell_push_history
                0x0000645c      0x15e ./rt-thread/components/finsh/shell.o
 *fill*         0x000065ba        0x2 ff
 .text.finsh_thread_entry
                0x000065bc      0x5cc ./rt-thread/components/finsh/shell.o
                0x000065bc                finsh_thread_entry
 .text.finsh_system_function_init
                0x00006b88       0x2c ./rt-thread/components/finsh/shell.o
                0x00006b88                finsh_system_function_init
 .text.finsh_system_init
                0x00006bb4       0x9c ./rt-thread/components/finsh/shell.o
                0x00006bb4                finsh_system_init
 .text.rt_serial_get_linear_buffer
                0x00006c50       0x8c ./rt-thread/components/drivers/serial/serial_v2.o
 .text.rt_serial_update_read_index
                0x00006cdc       0xcc ./rt-thread/components/drivers/serial/serial_v2.o
 .text.rt_serial_update_write_index
                0x00006da8       0xe8 ./rt-thread/components/drivers/serial/serial_v2.o
 .text._serial_poll_rx
                0x00006e90       0xa4 ./rt-thread/components/drivers/serial/serial_v2.o
                0x00006e90                _serial_poll_rx
 .text._serial_poll_tx
                0x00006f34       0x9c ./rt-thread/components/drivers/serial/serial_v2.o
                0x00006f34                _serial_poll_tx
 .text._serial_fifo_rx
                0x00006fd0       0xf4 ./rt-thread/components/drivers/serial/serial_v2.o
 .text._serial_fifo_tx_blocking_nbuf
                0x000070c4       0xb0 ./rt-thread/components/drivers/serial/serial_v2.o
 .text._serial_fifo_tx_blocking_buf
                0x00007174      0x118 ./rt-thread/components/drivers/serial/serial_v2.o
 .text._serial_fifo_tx_nonblocking
                0x0000728c       0xd4 ./rt-thread/components/drivers/serial/serial_v2.o
 .text.rt_serial_tx_enable
                0x00007360      0x1e8 ./rt-thread/components/drivers/serial/serial_v2.o
 .text.rt_serial_rx_enable
                0x00007548      0x15c ./rt-thread/components/drivers/serial/serial_v2.o
 .text.rt_serial_rx_disable
                0x000076a4       0xb4 ./rt-thread/components/drivers/serial/serial_v2.o
 .text.rt_serial_tx_disable
                0x00007758       0xc0 ./rt-thread/components/drivers/serial/serial_v2.o
 .text.rt_serial_init
                0x00007818       0x5c ./rt-thread/components/drivers/serial/serial_v2.o
 .text.rt_serial_open
                0x00007874       0xf4 ./rt-thread/components/drivers/serial/serial_v2.o
 .text.rt_serial_close
                0x00007968       0x90 ./rt-thread/components/drivers/serial/serial_v2.o
 .text.rt_serial_control
                0x000079f8       0xb8 ./rt-thread/components/drivers/serial/serial_v2.o
 .text.rt_hw_serial_register
                0x00007ab0       0x94 ./rt-thread/components/drivers/serial/serial_v2.o
                0x00007ab0                rt_hw_serial_register
 .text.rt_hw_serial_isr
                0x00007b44      0x210 ./rt-thread/components/drivers/serial/serial_v2.o
                0x00007b44                rt_hw_serial_isr
 .text._pin_read
                0x00007d54       0x60 ./rt-thread/components/drivers/misc/pin.o
 .text._pin_write
                0x00007db4       0x5c ./rt-thread/components/drivers/misc/pin.o
 .text._pin_control
                0x00007e10       0x58 ./rt-thread/components/drivers/misc/pin.o
 .text.rt_device_pin_register
                0x00007e68       0x74 ./rt-thread/components/drivers/misc/pin.o
                0x00007e68                rt_device_pin_register
 .text.rt_pin_attach_irq
                0x00007edc       0x5c ./rt-thread/components/drivers/misc/pin.o
                0x00007edc                rt_pin_attach_irq
 .text.rt_pin_irq_enable
                0x00007f38       0x50 ./rt-thread/components/drivers/misc/pin.o
                0x00007f38                rt_pin_irq_enable
 .text.rt_pin_mode
                0x00007f88       0x40 ./rt-thread/components/drivers/misc/pin.o
                0x00007f88                rt_pin_mode
 .text.rt_pin_write
                0x00007fc8       0x40 ./rt-thread/components/drivers/misc/pin.o
                0x00007fc8                rt_pin_write
 .text.rt_pin_get
                0x00008008       0x60 ./rt-thread/components/drivers/misc/pin.o
                0x00008008                rt_pin_get
 .text._pwm_control
                0x00008068       0x38 ./rt-thread/components/drivers/misc/rt_drv_pwm.o
 .text._pwm_read
                0x000080a0       0x62 ./rt-thread/components/drivers/misc/rt_drv_pwm.o
 .text._pwm_write
                0x00008102       0x7e ./rt-thread/components/drivers/misc/rt_drv_pwm.o
 .text.rt_device_pwm_register
                0x00008180       0x78 ./rt-thread/components/drivers/misc/rt_drv_pwm.o
                0x00008180                rt_device_pwm_register
 .text.rt_pwm_enable
                0x000081f8       0x5a ./rt-thread/components/drivers/misc/rt_drv_pwm.o
                0x000081f8                rt_pwm_enable
 .text.rt_pwm_disable
                0x00008252       0x5a ./rt-thread/components/drivers/misc/rt_drv_pwm.o
                0x00008252                rt_pwm_disable
 .text.rt_pwm_set
                0x000082ac       0x52 ./rt-thread/components/drivers/misc/rt_drv_pwm.o
                0x000082ac                rt_pwm_set
 .text.rt_pwm_get
                0x000082fe       0x32 ./rt-thread/components/drivers/misc/rt_drv_pwm.o
                0x000082fe                rt_pwm_get
 .text.pwm_enable
                0x00008330       0x74 ./rt-thread/components/drivers/misc/rt_drv_pwm.o
 .text.pwm_disable
                0x000083a4       0x74 ./rt-thread/components/drivers/misc/rt_drv_pwm.o
 .text.pwm_set  0x00008418       0x94 ./rt-thread/components/drivers/misc/rt_drv_pwm.o
 .text.pwm_get  0x000084ac      0x120 ./rt-thread/components/drivers/misc/rt_drv_pwm.o
 .text.rt_list_init
                0x000085cc       0x22 ./rt-thread/components/drivers/ipc/completion.o
 .text.rt_list_insert_before
                0x000085ee       0x32 ./rt-thread/components/drivers/ipc/completion.o
 .text.rt_list_isempty
                0x00008620       0x24 ./rt-thread/components/drivers/ipc/completion.o
 .text.rt_completion_init
                0x00008644       0x44 ./rt-thread/components/drivers/ipc/completion.o
                0x00008644                rt_completion_init
 .text.rt_completion_wait
                0x00008688      0x15c ./rt-thread/components/drivers/ipc/completion.o
                0x00008688                rt_completion_wait
 .text.rt_completion_done
                0x000087e4       0x70 ./rt-thread/components/drivers/ipc/completion.o
                0x000087e4                rt_completion_done
 .text.rt_ringbuffer_status
                0x00008854       0x4e ./rt-thread/components/drivers/ipc/ringbuffer.o
 *fill*         0x000088a2        0x2 ff
 .text.rt_ringbuffer_init
                0x000088a4       0xa0 ./rt-thread/components/drivers/ipc/ringbuffer.o
                0x000088a4                rt_ringbuffer_init
 .text.rt_ringbuffer_put
                0x00008944      0x16c ./rt-thread/components/drivers/ipc/ringbuffer.o
                0x00008944                rt_ringbuffer_put
 .text.rt_ringbuffer_get
                0x00008ab0      0x15c ./rt-thread/components/drivers/ipc/ringbuffer.o
                0x00008ab0                rt_ringbuffer_get
 .text.rt_ringbuffer_putchar
                0x00008c0c       0xbc ./rt-thread/components/drivers/ipc/ringbuffer.o
                0x00008c0c                rt_ringbuffer_putchar
 .text.rt_ringbuffer_data_len
                0x00008cc8       0x66 ./rt-thread/components/drivers/ipc/ringbuffer.o
                0x00008cc8                rt_ringbuffer_data_len
 .text.main     0x00008d2e        0xe ./ra_gen/main.o
                0x00008d2e                main
 .text.R_FSP_CurrentIrqGet
                0x00008d3c       0x2c ./ra/fsp/src/r_sci_uart/r_sci_uart.o
 .text.R_FSP_IsrContextSet
                0x00008d68       0x28 ./ra/fsp/src/r_sci_uart/r_sci_uart.o
 .text.R_BSP_IrqStatusClear
                0x00008d90       0x30 ./ra/fsp/src/r_sci_uart/r_sci_uart.o
 .text.R_BSP_IrqClearPending
                0x00008dc0       0x40 ./ra/fsp/src/r_sci_uart/r_sci_uart.o
 .text.R_BSP_IrqCfg
                0x00008e00       0x3c ./ra/fsp/src/r_sci_uart/r_sci_uart.o
 .text.R_BSP_IrqEnableNoClear
                0x00008e3c       0x38 ./ra/fsp/src/r_sci_uart/r_sci_uart.o
 .text.R_BSP_IrqEnable
                0x00008e74       0x26 ./ra/fsp/src/r_sci_uart/r_sci_uart.o
 *fill*         0x00008e9a        0x2 ff
 .text.R_BSP_IrqDisable
                0x00008e9c       0x48 ./ra/fsp/src/r_sci_uart/r_sci_uart.o
 .text.R_FSP_IsrContextGet
                0x00008ee4       0x24 ./ra/fsp/src/r_sci_uart/r_sci_uart.o
 .text.R_SCI_UART_Open
                0x00008f08      0x1ac ./ra/fsp/src/r_sci_uart/r_sci_uart.o
                0x00008f08                R_SCI_UART_Open
 .text.r_sci_uart_config_set
                0x000090b4      0x120 ./ra/fsp/src/r_sci_uart/r_sci_uart.o
 .text.r_sci_irq_cfg
                0x000091d4       0x3a ./ra/fsp/src/r_sci_uart/r_sci_uart.o
 .text.r_sci_irqs_cfg
                0x0000920e       0x5a ./ra/fsp/src/r_sci_uart/r_sci_uart.o
 .text.r_sci_uart_baud_set
                0x00009268       0x58 ./ra/fsp/src/r_sci_uart/r_sci_uart.o
 .text.r_sci_uart_call_callback
                0x000092c0       0x76 ./ra/fsp/src/r_sci_uart/r_sci_uart.o
 .text.sci_uart_txi_isr
                0x00009336       0xd0 ./ra/fsp/src/r_sci_uart/r_sci_uart.o
                0x00009336                sci_uart_txi_isr
 .text.sci_uart_rxi_isr
                0x00009406       0xbc ./ra/fsp/src/r_sci_uart/r_sci_uart.o
                0x00009406                sci_uart_rxi_isr
 .text.sci_uart_tei_isr
                0x000094c2       0x4a ./ra/fsp/src/r_sci_uart/r_sci_uart.o
                0x000094c2                sci_uart_tei_isr
 .text.sci_uart_eri_isr
                0x0000950c       0xa8 ./ra/fsp/src/r_sci_uart/r_sci_uart.o
                0x0000950c                sci_uart_eri_isr
 .text.R_BSP_PinRead
                0x000095b4       0x38 ./ra/fsp/src/r_ioport/r_ioport.o
 .text.R_BSP_PinAccessEnable
                0x000095ec       0x60 ./ra/fsp/src/r_ioport/r_ioport.o
 .text.R_BSP_PinAccessDisable
                0x0000964c       0x68 ./ra/fsp/src/r_ioport/r_ioport.o
 .text.R_IOPORT_Open
                0x000096b4       0x28 ./ra/fsp/src/r_ioport/r_ioport.o
                0x000096b4                R_IOPORT_Open
 .text.R_IOPORT_Close
                0x000096dc       0x20 ./ra/fsp/src/r_ioport/r_ioport.o
                0x000096dc                R_IOPORT_Close
 .text.R_IOPORT_PinsCfg
                0x000096fc       0x1a ./ra/fsp/src/r_ioport/r_ioport.o
                0x000096fc                R_IOPORT_PinsCfg
 .text.R_IOPORT_PinCfg
                0x00009716       0x46 ./ra/fsp/src/r_ioport/r_ioport.o
                0x00009716                R_IOPORT_PinCfg
 .text.R_IOPORT_PinRead
                0x0000975c       0x28 ./ra/fsp/src/r_ioport/r_ioport.o
                0x0000975c                R_IOPORT_PinRead
 .text.R_IOPORT_PortRead
                0x00009784       0x3a ./ra/fsp/src/r_ioport/r_ioport.o
                0x00009784                R_IOPORT_PortRead
 .text.R_IOPORT_PortWrite
                0x000097be       0x62 ./ra/fsp/src/r_ioport/r_ioport.o
                0x000097be                R_IOPORT_PortWrite
 .text.R_IOPORT_PinWrite
                0x00009820       0x6e ./ra/fsp/src/r_ioport/r_ioport.o
                0x00009820                R_IOPORT_PinWrite
 .text.R_IOPORT_PortDirectionSet
                0x0000988e       0x72 ./ra/fsp/src/r_ioport/r_ioport.o
                0x0000988e                R_IOPORT_PortDirectionSet
 .text.R_IOPORT_PortEventInputRead
                0x00009900       0x3e ./ra/fsp/src/r_ioport/r_ioport.o
                0x00009900                R_IOPORT_PortEventInputRead
 .text.R_IOPORT_PinEventInputRead
                0x0000993e       0x62 ./ra/fsp/src/r_ioport/r_ioport.o
                0x0000993e                R_IOPORT_PinEventInputRead
 .text.R_IOPORT_PortEventOutputWrite
                0x000099a0       0x62 ./ra/fsp/src/r_ioport/r_ioport.o
                0x000099a0                R_IOPORT_PortEventOutputWrite
 .text.R_IOPORT_PinEventOutputWrite
                0x00009a02       0x5e ./ra/fsp/src/r_ioport/r_ioport.o
                0x00009a02                R_IOPORT_PinEventOutputWrite
 .text.R_IOPORT_EthernetModeCfg
                0x00009a60       0x28 ./ra/fsp/src/r_ioport/r_ioport.o
                0x00009a60                R_IOPORT_EthernetModeCfg
 .text.r_ioport_pins_config
                0x00009a88       0x56 ./ra/fsp/src/r_ioport/r_ioport.o
 .text.r_ioport_hw_pin_event_output_data_write
                0x00009ade       0x88 ./ra/fsp/src/r_ioport/r_ioport.o
 *fill*         0x00009b66        0x2 ff
 .text.r_ioport_pfs_write
                0x00009b68       0x78 ./ra/fsp/src/r_ioport/r_ioport.o
 .text.bsp_vbatt_init
                0x00009be0       0xd8 ./ra/fsp/src/r_ioport/r_ioport.o
 .text.R_FSP_CurrentIrqGet
                0x00009cb8       0x2c ./ra/fsp/src/r_icu/r_icu.o
 .text.R_FSP_IsrContextSet
                0x00009ce4       0x28 ./ra/fsp/src/r_icu/r_icu.o
 .text.R_BSP_IrqStatusClear
                0x00009d0c       0x30 ./ra/fsp/src/r_icu/r_icu.o
 .text.R_BSP_IrqClearPending
                0x00009d3c       0x40 ./ra/fsp/src/r_icu/r_icu.o
 .text.R_BSP_IrqCfg
                0x00009d7c       0x3c ./ra/fsp/src/r_icu/r_icu.o
 .text.R_BSP_IrqEnableNoClear
                0x00009db8       0x38 ./ra/fsp/src/r_icu/r_icu.o
 .text.R_BSP_IrqEnable
                0x00009df0       0x26 ./ra/fsp/src/r_icu/r_icu.o
 *fill*         0x00009e16        0x2 ff
 .text.R_BSP_IrqDisable
                0x00009e18       0x48 ./ra/fsp/src/r_icu/r_icu.o
 .text.R_FSP_IsrContextGet
                0x00009e60       0x24 ./ra/fsp/src/r_icu/r_icu.o
 .text.R_ICU_ExternalIrqOpen
                0x00009e84       0xcc ./ra/fsp/src/r_icu/r_icu.o
                0x00009e84                R_ICU_ExternalIrqOpen
 .text.R_ICU_ExternalIrqEnable
                0x00009f50       0x22 ./ra/fsp/src/r_icu/r_icu.o
                0x00009f50                R_ICU_ExternalIrqEnable
 .text.R_ICU_ExternalIrqDisable
                0x00009f72       0x22 ./ra/fsp/src/r_icu/r_icu.o
                0x00009f72                R_ICU_ExternalIrqDisable
 .text.R_ICU_ExternalIrqClose
                0x00009f94       0x40 ./ra/fsp/src/r_icu/r_icu.o
                0x00009f94                R_ICU_ExternalIrqClose
 .text.r_icu_isr
                0x00009fd4       0x80 ./ra/fsp/src/r_icu/r_icu.o
                0x00009fd4                r_icu_isr
 .text.R_FSP_SystemClockHzGet
                0x0000a054       0x4c ./ra/fsp/src/r_gpt/r_gpt.o
 .text.R_FSP_IsrContextSet
                0x0000a0a0       0x28 ./ra/fsp/src/r_gpt/r_gpt.o
 .text.R_BSP_IrqStatusClear
                0x0000a0c8       0x30 ./ra/fsp/src/r_gpt/r_gpt.o
 .text.R_BSP_IrqClearPending
                0x0000a0f8       0x40 ./ra/fsp/src/r_gpt/r_gpt.o
 .text.R_BSP_IrqCfg
                0x0000a138       0x3c ./ra/fsp/src/r_gpt/r_gpt.o
 .text.R_BSP_IrqEnableNoClear
                0x0000a174       0x38 ./ra/fsp/src/r_gpt/r_gpt.o
 .text.R_BSP_IrqEnable
                0x0000a1ac       0x26 ./ra/fsp/src/r_gpt/r_gpt.o
 *fill*         0x0000a1d2        0x2 ff
 .text.R_BSP_IrqDisable
                0x0000a1d4       0x48 ./ra/fsp/src/r_gpt/r_gpt.o
 .text.R_BSP_IrqCfgEnable
                0x0000a21c       0x2e ./ra/fsp/src/r_gpt/r_gpt.o
 *fill*         0x0000a24a        0x2 ff
 .text.R_GPT_Open
                0x0000a24c       0x44 ./ra/fsp/src/r_gpt/r_gpt.o
                0x0000a24c                R_GPT_Open
 .text.R_GPT_Stop
                0x0000a290       0x24 ./ra/fsp/src/r_gpt/r_gpt.o
                0x0000a290                R_GPT_Stop
 .text.R_GPT_Start
                0x0000a2b4       0x24 ./ra/fsp/src/r_gpt/r_gpt.o
                0x0000a2b4                R_GPT_Start
 .text.R_GPT_Reset
                0x0000a2d8       0x24 ./ra/fsp/src/r_gpt/r_gpt.o
                0x0000a2d8                R_GPT_Reset
 .text.R_GPT_Enable
                0x0000a2fc       0x90 ./ra/fsp/src/r_gpt/r_gpt.o
                0x0000a2fc                R_GPT_Enable
 .text.R_GPT_Disable
                0x0000a38c       0x32 ./ra/fsp/src/r_gpt/r_gpt.o
                0x0000a38c                R_GPT_Disable
 .text.R_GPT_PeriodSet
                0x0000a3be       0x8a ./ra/fsp/src/r_gpt/r_gpt.o
                0x0000a3be                R_GPT_PeriodSet
 .text.R_GPT_DutyCycleSet
                0x0000a448      0x104 ./ra/fsp/src/r_gpt/r_gpt.o
                0x0000a448                R_GPT_DutyCycleSet
 .text.R_GPT_InfoGet
                0x0000a54c       0x3e ./ra/fsp/src/r_gpt/r_gpt.o
                0x0000a54c                R_GPT_InfoGet
 .text.R_GPT_StatusGet
                0x0000a58a       0x38 ./ra/fsp/src/r_gpt/r_gpt.o
                0x0000a58a                R_GPT_StatusGet
 .text.R_GPT_CallbackSet
                0x0000a5c2       0x32 ./ra/fsp/src/r_gpt/r_gpt.o
                0x0000a5c2                R_GPT_CallbackSet
 .text.R_GPT_Close
                0x0000a5f4       0x76 ./ra/fsp/src/r_gpt/r_gpt.o
                0x0000a5f4                R_GPT_Close
 .text.r_gpt_write_protect_enable
                0x0000a66a       0x16 ./ra/fsp/src/r_gpt/r_gpt.o
 .text.r_gpt_write_protect_disable
                0x0000a680       0x16 ./ra/fsp/src/r_gpt/r_gpt.o
 *fill*         0x0000a696        0x2 ff
 .text.gpt_common_open
                0x0000a698       0x64 ./ra/fsp/src/r_gpt/r_gpt.o
 .text.gpt_hardware_initialize
                0x0000a6fc      0x23c ./ra/fsp/src/r_gpt/r_gpt.o
 .text.gpt_hardware_events_disable
                0x0000a938       0x42 ./ra/fsp/src/r_gpt/r_gpt.o
 .text.r_gpt_disable_irq
                0x0000a97a       0x30 ./ra/fsp/src/r_gpt/r_gpt.o
 .text.r_gpt_enable_irq
                0x0000a9aa       0x2c ./ra/fsp/src/r_gpt/r_gpt.o
 .text.gpt_calculate_duty_cycle
                0x0000a9d6       0xea ./ra/fsp/src/r_gpt/r_gpt.o
 .text.gpt_clock_frequency_get
                0x0000aac0       0x2e ./ra/fsp/src/r_gpt/r_gpt.o
 .text.gpt_gtior_calculate
                0x0000aaee       0x48 ./ra/fsp/src/r_gpt/r_gpt.o
 *fill*         0x0000ab36        0x2 ff
 .text.R_BSP_FlashCacheEnable
                0x0000ab38       0x40 ./ra/fsp/src/bsp/mcu/all/bsp_clocks.o
 .text.SystemCoreClockUpdate
                0x0000ab78       0x40 ./ra/fsp/src/bsp/mcu/all/bsp_clocks.o
                0x0000ab78                SystemCoreClockUpdate
 .text.bsp_prv_clock_set_hard_reset
                0x0000abb8       0x30 ./ra/fsp/src/bsp/mcu/all/bsp_clocks.o
 .text.bsp_clock_freq_var_init
                0x0000abe8       0x48 ./ra/fsp/src/bsp/mcu/all/bsp_clocks.o
 .text.bsp_clock_init
                0x0000ac30       0xa4 ./ra/fsp/src/bsp/mcu/all/bsp_clocks.o
                0x0000ac30                bsp_clock_init
 .text.bsp_init_internal
                0x0000acd4       0x14 ./ra/fsp/src/bsp/mcu/all/bsp_common.o
                0x0000acd4                bsp_init_internal
                0x0000acd4                bsp_init
 .text.bsp_group_irq_call
                0x0000ace8       0x30 ./ra/fsp/src/bsp/mcu/all/bsp_group_irq.o
 .text.NMI_Handler
                0x0000ad18       0x4c ./ra/fsp/src/bsp/mcu/all/bsp_group_irq.o
                0x0000ad18                NMI_Handler
 .text.bsp_irq_cfg
                0x0000ad64      0x104 ./ra/fsp/src/bsp/mcu/all/bsp_irq.o
                0x0000ad64                bsp_irq_cfg
 .text.R_BSP_RegisterProtectEnable
                0x0000ae68       0xa0 ./ra/fsp/src/bsp/mcu/all/bsp_register_protection.o
                0x0000ae68                R_BSP_RegisterProtectEnable
 .text.R_BSP_RegisterProtectDisable
                0x0000af08       0x90 ./ra/fsp/src/bsp/mcu/all/bsp_register_protection.o
                0x0000af08                R_BSP_RegisterProtectDisable
 .text.Reset_Handler
                0x0000af98        0xe ./ra/fsp/src/bsp/cmsis/Device/RENESAS/Source/startup.o
                0x0000af98                Reset_Handler
 .text.Default_Handler
                0x0000afa6       0x10 ./ra/fsp/src/bsp/cmsis/Device/RENESAS/Source/startup.o
                0x0000afa6                UsageFault_Handler
                0x0000afa6                SecureFault_Handler
                0x0000afa6                Default_Handler
                0x0000afa6                MemManage_Handler
                0x0000afa6                SVC_Handler
                0x0000afa6                BusFault_Handler
                0x0000afa6                DebugMon_Handler
 *fill*         0x0000afb6        0x2 ff
 .text.SystemInit
                0x0000afb8       0xf0 ./ra/fsp/src/bsp/cmsis/Device/RENESAS/Source/system.o
                0x0000afb8                SystemInit
 .text._rtt_cfg
                0x0000b0a8       0x18 ./packages/SEGGER_RTT-latest/adapter/drv_rtt.o
 .text._rtt_ctrl
                0x0000b0c0       0x1a ./packages/SEGGER_RTT-latest/adapter/drv_rtt.o
 .text._rtt_putc
                0x0000b0da       0x20 ./packages/SEGGER_RTT-latest/adapter/drv_rtt.o
 .text._rtt_getc
                0x0000b0fa       0x16 ./packages/SEGGER_RTT-latest/adapter/drv_rtt.o
 .text.mcu_transmit
                0x0000b110       0x58 ./packages/SEGGER_RTT-latest/adapter/drv_rtt.o
 .text.segger_rtt_check
                0x0000b168       0x58 ./packages/SEGGER_RTT-latest/adapter/drv_rtt.o
 .text.rt_hw_jlink_rtt_init
                0x0000b1c0       0xa4 ./packages/SEGGER_RTT-latest/adapter/drv_rtt.o
                0x0000b1c0                rt_hw_jlink_rtt_init
 .text.rt_hw_jlink_console_init
                0x0000b264       0x18 ./packages/SEGGER_RTT-latest/adapter/drv_rtt.o
                0x0000b264                rt_hw_jlink_console_init
 .text._DoInit  0x0000b27c       0xb0 ./packages/SEGGER_RTT-latest/RTT/SEGGER_RTT.o
 .text._WriteBlocking
                0x0000b32c       0xba ./packages/SEGGER_RTT-latest/RTT/SEGGER_RTT.o
 .text._WriteNoCheck
                0x0000b3e6       0x90 ./packages/SEGGER_RTT-latest/RTT/SEGGER_RTT.o
 .text._GetAvailWriteSpace
                0x0000b476       0x46 ./packages/SEGGER_RTT-latest/RTT/SEGGER_RTT.o
 .text.SEGGER_RTT_ReadNoLock
                0x0000b4bc      0x10c ./packages/SEGGER_RTT-latest/RTT/SEGGER_RTT.o
                0x0000b4bc                SEGGER_RTT_ReadNoLock
 .text.SEGGER_RTT_Read
                0x0000b5c8       0x36 ./packages/SEGGER_RTT-latest/RTT/SEGGER_RTT.o
                0x0000b5c8                SEGGER_RTT_Read
 *fill*         0x0000b5fe        0x2 ff
 .text.SEGGER_RTT_WriteNoLock
                0x0000b600       0xa0 ./packages/SEGGER_RTT-latest/RTT/SEGGER_RTT.o
                0x0000b600                SEGGER_RTT_WriteNoLock
 .text.SEGGER_RTT_Write
                0x0000b6a0       0x4c ./packages/SEGGER_RTT-latest/RTT/SEGGER_RTT.o
                0x0000b6a0                SEGGER_RTT_Write
 .text.SEGGER_RTT_PutChar
                0x0000b6ec       0xac ./packages/SEGGER_RTT-latest/RTT/SEGGER_RTT.o
                0x0000b6ec                SEGGER_RTT_PutChar
 .text.SEGGER_RTT_GetKey
                0x0000b798       0x32 ./packages/SEGGER_RTT-latest/RTT/SEGGER_RTT.o
                0x0000b798                SEGGER_RTT_GetKey
 *fill*         0x0000b7ca        0x2 ff
 .text.SEGGER_RTT_HasKey
                0x0000b7cc       0x48 ./packages/SEGGER_RTT-latest/RTT/SEGGER_RTT.o
                0x0000b7cc                SEGGER_RTT_HasKey
 .text.SEGGER_RTT_ConfigUpBuffer
                0x0000b814       0x94 ./packages/SEGGER_RTT-latest/RTT/SEGGER_RTT.o
                0x0000b814                SEGGER_RTT_ConfigUpBuffer
 .text.SEGGER_RTT_ConfigDownBuffer
                0x0000b8a8       0x98 ./packages/SEGGER_RTT-latest/RTT/SEGGER_RTT.o
                0x0000b8a8                SEGGER_RTT_ConfigDownBuffer
 .text.SEGGER_RTT_Init
                0x0000b940        0xc ./packages/SEGGER_RTT-latest/RTT/SEGGER_RTT.o
                0x0000b940                SEGGER_RTT_Init
 .text.SEGGER_RTT_SetTerminal
                0x0000b94c       0xb8 ./packages/SEGGER_RTT-latest/RTT/SEGGER_RTT.o
                0x0000b94c                SEGGER_RTT_SetTerminal
 .text._StoreChar
                0x0000ba04       0x7c ./packages/SEGGER_RTT-latest/RTT/SEGGER_RTT_printf.o
 .text._PrintUnsigned
                0x0000ba80      0x158 ./packages/SEGGER_RTT-latest/RTT/SEGGER_RTT_printf.o
 .text._PrintInt
                0x0000bbd8      0x14e ./packages/SEGGER_RTT-latest/RTT/SEGGER_RTT_printf.o
 *fill*         0x0000bd26        0x2 ff
 .text.SEGGER_RTT_vprintf
                0x0000bd28      0x3a8 ./packages/SEGGER_RTT-latest/RTT/SEGGER_RTT_printf.o
                0x0000bd28                SEGGER_RTT_vprintf
 .text.SEGGER_RTT_printf
                0x0000c0d0       0x30 ./packages/SEGGER_RTT-latest/RTT/SEGGER_RTT_printf.o
                0x0000c0d0                SEGGER_RTT_printf
 .text.__NVIC_SetPriority
                0x0000c100       0x54 ./libraries/HAL_Drivers/drv_common.o
 .text.__NVIC_SystemReset
                0x0000c154       0x2c ./libraries/HAL_Drivers/drv_common.o
 .text.SysTick_Config
                0x0000c180       0x44 ./libraries/HAL_Drivers/drv_common.o
 .text.reboot   0x0000c1c4       0x10 ./libraries/HAL_Drivers/drv_common.o
 .text.rt_hw_systick_init
                0x0000c1d4       0x2c ./libraries/HAL_Drivers/drv_common.o
                0x0000c1d4                rt_hw_systick_init
 .text.SysTick_Handler
                0x0000c200       0x14 ./libraries/HAL_Drivers/drv_common.o
                0x0000c200                SysTick_Handler
 .text.rt_hw_board_init
                0x0000c214       0x34 ./libraries/HAL_Drivers/drv_common.o
                0x0000c214                rt_hw_board_init
 .text.R_BSP_WarmStart
                0x0000c248       0x2c ./libraries/HAL_Drivers/drv_common.o
                0x0000c248                R_BSP_WarmStart
 .text.R_BSP_PinRead
                0x0000c274       0x38 ./libraries/HAL_Drivers/drv_gpio.o
 .text.R_BSP_PinWrite
                0x0000c2ac       0x68 ./libraries/HAL_Drivers/drv_gpio.o
 .text.R_BSP_PinAccessEnable
                0x0000c314       0x60 ./libraries/HAL_Drivers/drv_gpio.o
 .text.R_BSP_PinAccessDisable
                0x0000c374       0x68 ./libraries/HAL_Drivers/drv_gpio.o
 .text.ra_pin_get_irqx
                0x0000c3dc      0x280 ./libraries/HAL_Drivers/drv_gpio.o
 .text.ra_irq_tab_init
                0x0000c65c       0x7c ./libraries/HAL_Drivers/drv_gpio.o
 .text.ra_pin_map_init
                0x0000c6d8       0x28 ./libraries/HAL_Drivers/drv_gpio.o
 .text.ra_pin_mode
                0x0000c700       0xf8 ./libraries/HAL_Drivers/drv_gpio.o
 .text.ra_pin_write
                0x0000c7f8       0x3a ./libraries/HAL_Drivers/drv_gpio.o
 *fill*         0x0000c832        0x2 ff
 .text.ra_pin_read
                0x0000c834       0x50 ./libraries/HAL_Drivers/drv_gpio.o
 .text.ra_pin_irq_enable
                0x0000c884      0x120 ./libraries/HAL_Drivers/drv_gpio.o
 .text.ra_pin_attach_irq
                0x0000c9a4      0x12c ./libraries/HAL_Drivers/drv_gpio.o
 .text.ra_pin_dettach_irq
                0x0000cad0       0xb4 ./libraries/HAL_Drivers/drv_gpio.o
 .text.ra_pin_get
                0x0000cb84       0xce ./libraries/HAL_Drivers/drv_gpio.o
 *fill*         0x0000cc52        0x2 ff
 .text.rt_hw_pin_init
                0x0000cc54       0x24 ./libraries/HAL_Drivers/drv_gpio.o
                0x0000cc54                rt_hw_pin_init
 .text.irq0_callback
                0x0000cc78       0x34 ./libraries/HAL_Drivers/drv_gpio.o
                0x0000cc78                irq0_callback
 .text.R_FSP_SystemClockHzGet
                0x0000ccac       0x4c ./libraries/HAL_Drivers/drv_pwm.o
 .text._convert_counts_ns
                0x0000ccf8       0x68 ./libraries/HAL_Drivers/drv_pwm.o
 .text._convert_ns_counts
                0x0000cd60       0x68 ./libraries/HAL_Drivers/drv_pwm.o
 .text.drv_pwm_enable
                0x0000cdc8       0x46 ./libraries/HAL_Drivers/drv_pwm.o
 .text.drv_pwm_get
                0x0000ce0e       0x70 ./libraries/HAL_Drivers/drv_pwm.o
 .text.drv_pwm_set
                0x0000ce7e       0xb4 ./libraries/HAL_Drivers/drv_pwm.o
 *fill*         0x0000cf32        0x2 ff
 .text.drv_pwm_control
                0x0000cf34       0x84 ./libraries/HAL_Drivers/drv_pwm.o
 .text.rt_hw_pwm_init
                0x0000cfb8       0xa4 ./libraries/HAL_Drivers/drv_pwm.o
                0x0000cfb8                rt_hw_pwm_init
 .text.ra_uart_get_config
                0x0000d05c       0x50 ./libraries/HAL_Drivers/drv_usart_v2.o
 .text.ra_uart_configure
                0x0000d0ac       0x7c ./libraries/HAL_Drivers/drv_usart_v2.o
 .text.ra_uart_control
                0x0000d128       0x1a ./libraries/HAL_Drivers/drv_usart_v2.o
 *fill*         0x0000d142        0x2 ff
 .text.ra_uart_putc
                0x0000d144       0x68 ./libraries/HAL_Drivers/drv_usart_v2.o
 .text.ra_uart_getc
                0x0000d1ac       0x16 ./libraries/HAL_Drivers/drv_usart_v2.o
 *fill*         0x0000d1c2        0x2 ff
 .text.user_uart7_callback
                0x0000d1c4       0x78 ./libraries/HAL_Drivers/drv_usart_v2.o
                0x0000d1c4                user_uart7_callback
 .text.rt_hw_usart_init
                0x0000d23c       0xb8 ./libraries/HAL_Drivers/drv_usart_v2.o
                0x0000d23c                rt_hw_usart_init
 .text.atoi     0x0000d2f4        0x8 d:/rt-threadstudio/repo/extract/toolchain_support_packages/arm/gnu_tools_for_arm_embedded_processors/10.2.1/bin/../lib/gcc/arm-none-eabi/10.2.1/../../../../arm-none-eabi/lib/thumb/v8-m.main+fp/hard\libc.a(lib_a-atoi.o)
                0x0000d2f4                atoi
 .text.memcmp   0x0000d2fc       0x60 d:/rt-threadstudio/repo/extract/toolchain_support_packages/arm/gnu_tools_for_arm_embedded_processors/10.2.1/bin/../lib/gcc/arm-none-eabi/10.2.1/../../../../arm-none-eabi/lib/thumb/v8-m.main+fp/hard\libc.a(lib_a-memcmp.o)
                0x0000d2fc                memcmp
 .text          0x0000d35c       0xec d:/rt-threadstudio/repo/extract/toolchain_support_packages/arm/gnu_tools_for_arm_embedded_processors/10.2.1/bin/../lib/gcc/arm-none-eabi/10.2.1/../../../../arm-none-eabi/lib/thumb/v8-m.main+fp/hard\libc.a(lib_a-memcpy.o)
                0x0000d35c                memcpy
 .text.memset   0x0000d448       0xa4 d:/rt-threadstudio/repo/extract/toolchain_support_packages/arm/gnu_tools_for_arm_embedded_processors/10.2.1/bin/../lib/gcc/arm-none-eabi/10.2.1/../../../../arm-none-eabi/lib/thumb/v8-m.main+fp/hard\libc.a(lib_a-memset.o)
                0x0000d448                memset
 .text          0x0000d4ec      0x1bc d:/rt-threadstudio/repo/extract/toolchain_support_packages/arm/gnu_tools_for_arm_embedded_processors/10.2.1/bin/../lib/gcc/arm-none-eabi/10.2.1/../../../../arm-none-eabi/lib/thumb/v8-m.main+fp/hard\libc.a(lib_a-strcmp.o)
                0x0000d4ec                strcmp
 .text.strlen   0x0000d6a8       0x5c d:/rt-threadstudio/repo/extract/toolchain_support_packages/arm/gnu_tools_for_arm_embedded_processors/10.2.1/bin/../lib/gcc/arm-none-eabi/10.2.1/../../../../arm-none-eabi/lib/thumb/v8-m.main+fp/hard\libc.a(lib_a-strlen-stub.o)
                0x0000d6a8                strlen
 .text.strncmp  0x0000d704       0x78 d:/rt-threadstudio/repo/extract/toolchain_support_packages/arm/gnu_tools_for_arm_embedded_processors/10.2.1/bin/../lib/gcc/arm-none-eabi/10.2.1/../../../../arm-none-eabi/lib/thumb/v8-m.main+fp/hard\libc.a(lib_a-strncmp.o)
                0x0000d704                strncmp
 .text.strncpy  0x0000d77c       0x64 d:/rt-threadstudio/repo/extract/toolchain_support_packages/arm/gnu_tools_for_arm_embedded_processors/10.2.1/bin/../lib/gcc/arm-none-eabi/10.2.1/../../../../arm-none-eabi/lib/thumb/v8-m.main+fp/hard\libc.a(lib_a-strncpy.o)
                0x0000d77c                strncpy
 .text._strtol_l.part.0
                0x0000d7e0      0x104 d:/rt-threadstudio/repo/extract/toolchain_support_packages/arm/gnu_tools_for_arm_embedded_processors/10.2.1/bin/../lib/gcc/arm-none-eabi/10.2.1/../../../../arm-none-eabi/lib/thumb/v8-m.main+fp/hard\libc.a(lib_a-strtol.o)
 .text.strtol   0x0000d8e4       0x2c d:/rt-threadstudio/repo/extract/toolchain_support_packages/arm/gnu_tools_for_arm_embedded_processors/10.2.1/bin/../lib/gcc/arm-none-eabi/10.2.1/../../../../arm-none-eabi/lib/thumb/v8-m.main+fp/hard\libc.a(lib_a-strtol.o)
                0x0000d8e4                strtol
 .text.startup.register_fini
                0x0000d910       0x14 d:/rt-threadstudio/repo/extract/toolchain_support_packages/arm/gnu_tools_for_arm_embedded_processors/10.2.1/bin/../lib/gcc/arm-none-eabi/10.2.1/../../../../arm-none-eabi/lib/thumb/v8-m.main+fp/hard\libc.a(lib_a-__call_atexit.o)
 .text.atexit   0x0000d924        0xc d:/rt-threadstudio/repo/extract/toolchain_support_packages/arm/gnu_tools_for_arm_embedded_processors/10.2.1/bin/../lib/gcc/arm-none-eabi/10.2.1/../../../../arm-none-eabi/lib/thumb/v8-m.main+fp/hard\libc.a(lib_a-atexit.o)
                0x0000d924                atexit
 .text.__libc_fini_array
                0x0000d930       0x2c d:/rt-threadstudio/repo/extract/toolchain_support_packages/arm/gnu_tools_for_arm_embedded_processors/10.2.1/bin/../lib/gcc/arm-none-eabi/10.2.1/../../../../arm-none-eabi/lib/thumb/v8-m.main+fp/hard\libc.a(lib_a-fini.o)
                0x0000d930                __libc_fini_array
 .text.__retarget_lock_acquire_recursive
                0x0000d95c        0x4 d:/rt-threadstudio/repo/extract/toolchain_support_packages/arm/gnu_tools_for_arm_embedded_processors/10.2.1/bin/../lib/gcc/arm-none-eabi/10.2.1/../../../../arm-none-eabi/lib/thumb/v8-m.main+fp/hard\libc.a(lib_a-lock.o)
                0x0000d95c                __retarget_lock_acquire_recursive
 .text.__retarget_lock_release_recursive
                0x0000d960        0x4 d:/rt-threadstudio/repo/extract/toolchain_support_packages/arm/gnu_tools_for_arm_embedded_processors/10.2.1/bin/../lib/gcc/arm-none-eabi/10.2.1/../../../../arm-none-eabi/lib/thumb/v8-m.main+fp/hard\libc.a(lib_a-lock.o)
                0x0000d960                __retarget_lock_release_recursive
 .text.__register_exitproc
                0x0000d964       0x90 d:/rt-threadstudio/repo/extract/toolchain_support_packages/arm/gnu_tools_for_arm_embedded_processors/10.2.1/bin/../lib/gcc/arm-none-eabi/10.2.1/../../../../arm-none-eabi/lib/thumb/v8-m.main+fp/hard\libc.a(lib_a-__atexit.o)
                0x0000d964                __register_exitproc
 .text          0x0000d9f4      0x378 d:/rt-threadstudio/repo/extract/toolchain_support_packages/arm/gnu_tools_for_arm_embedded_processors/10.2.1/bin/../lib/gcc/arm-none-eabi/10.2.1/thumb/v8-m.main+fp/hard\libgcc.a(_arm_addsubdf3.o)
                0x0000d9f4                __aeabi_drsub
                0x0000d9fc                __aeabi_dsub
                0x0000d9fc                __subdf3
                0x0000da00                __aeabi_dadd
                0x0000da00                __adddf3
                0x0000dc78                __floatunsidf
                0x0000dc78                __aeabi_ui2d
                0x0000dc98                __floatsidf
                0x0000dc98                __aeabi_i2d
                0x0000dcbc                __aeabi_f2d
                0x0000dcbc                __extendsfdf2
                0x0000dd00                __floatundidf
                0x0000dd00                __aeabi_ul2d
                0x0000dd10                __floatdidf
                0x0000dd10                __aeabi_l2d
 .text          0x0000dd6c      0x424 d:/rt-threadstudio/repo/extract/toolchain_support_packages/arm/gnu_tools_for_arm_embedded_processors/10.2.1/bin/../lib/gcc/arm-none-eabi/10.2.1/thumb/v8-m.main+fp/hard\libgcc.a(_arm_muldivdf3.o)
                0x0000dd6c                __aeabi_dmul
                0x0000dd6c                __muldf3
                0x0000dfc0                __divdf3
                0x0000dfc0                __aeabi_ddiv
 .text          0x0000e190       0x50 d:/rt-threadstudio/repo/extract/toolchain_support_packages/arm/gnu_tools_for_arm_embedded_processors/10.2.1/bin/../lib/gcc/arm-none-eabi/10.2.1/thumb/v8-m.main+fp/hard\libgcc.a(_arm_fixdfsi.o)
                0x0000e190                __aeabi_d2iz
                0x0000e190                __fixdfsi
 .text          0x0000e1e0       0x30 d:/rt-threadstudio/repo/extract/toolchain_support_packages/arm/gnu_tools_for_arm_embedded_processors/10.2.1/bin/../lib/gcc/arm-none-eabi/10.2.1/thumb/v8-m.main+fp/hard\libgcc.a(_aeabi_uldivmod.o)
                0x0000e1e0                __aeabi_uldivmod
 .text          0x0000e210      0x2ec d:/rt-threadstudio/repo/extract/toolchain_support_packages/arm/gnu_tools_for_arm_embedded_processors/10.2.1/bin/../lib/gcc/arm-none-eabi/10.2.1/thumb/v8-m.main+fp/hard\libgcc.a(_udivmoddi4.o)
                0x0000e210                __udivmoddi4
 .text          0x0000e4fc        0x4 d:/rt-threadstudio/repo/extract/toolchain_support_packages/arm/gnu_tools_for_arm_embedded_processors/10.2.1/bin/../lib/gcc/arm-none-eabi/10.2.1/thumb/v8-m.main+fp/hard\libgcc.a(_dvmd_tls.o)
                0x0000e4fc                __aeabi_idiv0
                0x0000e4fc                __aeabi_ldiv0
 *(.version)
 .version       0x0000e500       0x50 ./ra/fsp/src/bsp/mcu/all/bsp_common.o
 *(.init)
 .init          0x0000e550        0x4 d:/rt-threadstudio/repo/extract/toolchain_support_packages/arm/gnu_tools_for_arm_embedded_processors/10.2.1/bin/../lib/gcc/arm-none-eabi/10.2.1/thumb/v8-m.main+fp/hard/crti.o
                0x0000e550                _init
 .init          0x0000e554        0x8 d:/rt-threadstudio/repo/extract/toolchain_support_packages/arm/gnu_tools_for_arm_embedded_processors/10.2.1/bin/../lib/gcc/arm-none-eabi/10.2.1/thumb/v8-m.main+fp/hard/crtn.o
 *(.fini)
 .fini          0x0000e55c        0x4 d:/rt-threadstudio/repo/extract/toolchain_support_packages/arm/gnu_tools_for_arm_embedded_processors/10.2.1/bin/../lib/gcc/arm-none-eabi/10.2.1/thumb/v8-m.main+fp/hard/crti.o
                0x0000e55c                _fini
 .fini          0x0000e560        0x8 d:/rt-threadstudio/repo/extract/toolchain_support_packages/arm/gnu_tools_for_arm_embedded_processors/10.2.1/bin/../lib/gcc/arm-none-eabi/10.2.1/thumb/v8-m.main+fp/hard/crtn.o
                0x0000e568                . = ALIGN (0x4)
                0x0000e568                __fsymtab_start = .
 *(FSymTab)
 FSymTab        0x0000e568       0x3c ./src/controller.o
                0x0000e568                __fsym_car_start
                0x0000e574                __fsym_car_stop
                0x0000e580                __fsym_car_turn
                0x0000e58c                __fsym_car_left
                0x0000e598                __fsym_car_right
 FSymTab        0x0000e5a4        0xc ./src/hal_entry.o
                0x0000e5a4                __fsym_icu_sample
 FSymTab        0x0000e5b0        0xc ./src/pwm_config.o
                0x0000e5b0                __fsym_pwm_ex_set_pulse
 FSymTab        0x0000e5bc       0x78 ./rt-thread/components/finsh/cmd.o
                0x0000e5bc                __fsym_clear
                0x0000e5c8                __fsym_version
                0x0000e5d4                __fsym_list_thread
                0x0000e5e0                __fsym_list_sem
                0x0000e5ec                __fsym_list_event
                0x0000e5f8                __fsym_list_mutex
                0x0000e604                __fsym_list_mailbox
                0x0000e610                __fsym_list_msgqueue
                0x0000e61c                __fsym_list_timer
                0x0000e628                __fsym_list_device
 FSymTab        0x0000e634       0x24 ./rt-thread/components/finsh/msh.o
                0x0000e634                __fsym_help
                0x0000e640                __fsym_ps
                0x0000e64c                __fsym_free
 FSymTab        0x0000e658       0x30 ./rt-thread/components/drivers/misc/rt_drv_pwm.o
                0x0000e658                __fsym_pwm_enable
                0x0000e664                __fsym_pwm_disable
                0x0000e670                __fsym_pwm_set
                0x0000e67c                __fsym_pwm_get
 FSymTab        0x0000e688        0xc ./libraries/HAL_Drivers/drv_common.o
                0x0000e688                __fsym_reboot
                0x0000e694                __fsymtab_end = .
                0x0000e694                . = ALIGN (0x4)
                0x0000e694                __vsymtab_start = .
 *(VSymTab)
                0x0000e694                __vsymtab_end = .
                0x0000e694                . = ALIGN (0x4)
                0x0000e694                __rt_init_start = .
 *(SORT_BY_NAME(.rti_fn*))
 .rti_fn.0      0x0000e694        0x4 ./rt-thread/src/components.o
                0x0000e694                __rt_init_rti_start
 .rti_fn.0.end  0x0000e698        0x4 ./rt-thread/src/components.o
                0x0000e698                __rt_init_rti_board_start
 .rti_fn.1      0x0000e69c        0x4 ./libraries/HAL_Drivers/drv_pwm.o
                0x0000e69c                __rt_init_rt_hw_pwm_init
 .rti_fn.1.end  0x0000e6a0        0x4 ./rt-thread/src/components.o
                0x0000e6a0                __rt_init_rti_board_end
 .rti_fn.6      0x0000e6a4        0x4 ./rt-thread/components/finsh/shell.o
                0x0000e6a4                __rt_init_finsh_system_init
 .rti_fn.6      0x0000e6a8        0x4 ./packages/SEGGER_RTT-latest/adapter/drv_rtt.o
                0x0000e6a8                __rt_init_rt_hw_jlink_console_init
 .rti_fn.6.end  0x0000e6ac        0x4 ./rt-thread/src/components.o
                0x0000e6ac                __rt_init_rti_end
                0x0000e6b0                __rt_init_end = .
                0x0000e6b0                . = ALIGN (0x4)
 *(FalPartTable)
 *crtbegin.o(.ctors)
 *crtbegin?.o(.ctors)
 *(EXCLUDE_FILE(*crtend.o *crtend?.o) .ctors)
 *(SORT_BY_NAME(.ctors.*))
 *(.ctors)
 *crtbegin.o(.dtors)
 *crtbegin?.o(.dtors)
 *(EXCLUDE_FILE(*crtend.o *crtend?.o) .dtors)
 *(SORT_BY_NAME(.dtors.*))
 *(.dtors)
 *(.rodata*)
 .rodata        0x0000e6b0       0x5e ./src/controller.o
 *fill*         0x0000e70e        0x2 ff
 .rodata.name   0x0000e710       0x8b ./src/controller.o
                0x0000e710                __fsym_car_start_name
                0x0000e71c                __fsym_car_start_desc
                0x0000e72c                __fsym_car_stop_name
                0x0000e738                __fsym_car_stop_desc
                0x0000e748                __fsym_car_turn_name
                0x0000e754                __fsym_car_turn_desc
                0x0000e764                __fsym_car_left_name
                0x0000e770                __fsym_car_left_desc
                0x0000e780                __fsym_car_right_name
                0x0000e78c                __fsym_car_right_desc
 *fill*         0x0000e79b        0x1 ff
 .rodata        0x0000e79c       0xa3 ./src/hal_entry.o
 *fill*         0x0000e83f        0x1 ff
 .rodata.name   0x0000e840       0x17 ./src/hal_entry.o
                0x0000e840                __fsym_icu_sample_name
                0x0000e84c                __fsym_icu_sample_desc
 *fill*         0x0000e857        0x1 ff
 .rodata        0x0000e858       0x98 ./src/pwm_config.o
 .rodata.name   0x0000e8f0       0x3b ./src/pwm_config.o
                0x0000e8f0                __fsym_pwm_ex_set_pulse_name
                0x0000e904                __fsym_pwm_ex_set_pulse_desc
 *fill*         0x0000e92b        0x1 ff
 .rodata.__FUNCTION__.0
                0x0000e92c        0xe ./src/pwm_config.o
 *fill*         0x0000e93a        0x2 ff
 .rodata        0x0000e93c       0x17 ./rt-thread/src/components.o
 *fill*         0x0000e953        0x1 ff
 .rodata.__FUNCTION__.0
                0x0000e954       0x14 ./rt-thread/src/components.o
 .rodata        0x0000e968       0xbc ./rt-thread/src/device.o
 .rodata.__FUNCTION__.6
                0x0000ea24        0xf ./rt-thread/src/device.o
 *fill*         0x0000ea33        0x1 ff
 .rodata.__FUNCTION__.5
                0x0000ea34       0x10 ./rt-thread/src/device.o
 .rodata.__FUNCTION__.4
                0x0000ea44        0xf ./rt-thread/src/device.o
 *fill*         0x0000ea53        0x1 ff
 .rodata.__FUNCTION__.3
                0x0000ea54       0x10 ./rt-thread/src/device.o
 .rodata.__FUNCTION__.2
                0x0000ea64       0x12 ./rt-thread/src/device.o
 *fill*         0x0000ea76        0x2 ff
 .rodata.__FUNCTION__.1
                0x0000ea78       0x1a ./rt-thread/src/device.o
 *fill*         0x0000ea92        0x2 ff
 .rodata        0x0000ea94        0x8 ./rt-thread/src/idle.o
 .rodata        0x0000ea9c      0x4de ./rt-thread/src/ipc.o
 *fill*         0x0000ef7a        0x2 ff
 .rodata.__FUNCTION__.37
                0x0000ef7c        0xc ./rt-thread/src/ipc.o
 .rodata.__FUNCTION__.33
                0x0000ef88        0xc ./rt-thread/src/ipc.o
 .rodata.__FUNCTION__.32
                0x0000ef94       0x12 ./rt-thread/src/ipc.o
 *fill*         0x0000efa6        0x2 ff
 .rodata.__FUNCTION__.31
                0x0000efa8        0xf ./rt-thread/src/ipc.o
 *fill*         0x0000efb7        0x1 ff
 .rodata.__FUNCTION__.29
                0x0000efb8        0xe ./rt-thread/src/ipc.o
 *fill*         0x0000efc6        0x2 ff
 .rodata.__FUNCTION__.25
                0x0000efc8        0xe ./rt-thread/src/ipc.o
 *fill*         0x0000efd6        0x2 ff
 .rodata.__FUNCTION__.24
                0x0000efd8       0x11 ./rt-thread/src/ipc.o
 *fill*         0x0000efe9        0x3 ff
 .rodata        0x0000efec      0x107 ./rt-thread/src/kservice.o
 *fill*         0x0000f0f3        0x1 ff
 .rodata.large_digits.4
                0x0000f0f4       0x11 ./rt-thread/src/kservice.o
 *fill*         0x0000f105        0x3 ff
 .rodata.small_digits.3
                0x0000f108       0x11 ./rt-thread/src/kservice.o
 *fill*         0x0000f119        0x3 ff
 .rodata.__FUNCTION__.1
                0x0000f11c       0x14 ./rt-thread/src/kservice.o
 .rodata.__FUNCTION__.0
                0x0000f130        0xd ./rt-thread/src/kservice.o
 *fill*         0x0000f13d        0x3 ff
 .rodata        0x0000f140      0x41b ./rt-thread/src/mem.o
 *fill*         0x0000f55b        0x1 ff
 .rodata.__FUNCTION__.4
                0x0000f55c        0xb ./rt-thread/src/mem.o
 *fill*         0x0000f567        0x1 ff
 .rodata.__FUNCTION__.2
                0x0000f568        0xe ./rt-thread/src/mem.o
 *fill*         0x0000f576        0x2 ff
 .rodata.__FUNCTION__.0
                0x0000f578        0xd ./rt-thread/src/mem.o
 *fill*         0x0000f585        0x3 ff
 .rodata        0x0000f588       0x91 ./rt-thread/src/object.o
 *fill*         0x0000f619        0x3 ff
 .rodata.__FUNCTION__.6
                0x0000f61c        0xf ./rt-thread/src/object.o
 *fill*         0x0000f62b        0x1 ff
 .rodata.__FUNCTION__.5
                0x0000f62c       0x11 ./rt-thread/src/object.o
 *fill*         0x0000f63d        0x3 ff
 .rodata.__FUNCTION__.4
                0x0000f640       0x13 ./rt-thread/src/object.o
 *fill*         0x0000f653        0x1 ff
 .rodata.__FUNCTION__.3
                0x0000f654       0x11 ./rt-thread/src/object.o
 *fill*         0x0000f665        0x3 ff
 .rodata.__FUNCTION__.2
                0x0000f668       0x1a ./rt-thread/src/object.o
 *fill*         0x0000f682        0x2 ff
 .rodata.__FUNCTION__.1
                0x0000f684       0x13 ./rt-thread/src/object.o
 *fill*         0x0000f697        0x1 ff
 .rodata.__FUNCTION__.0
                0x0000f698        0xf ./rt-thread/src/object.o
 *fill*         0x0000f6a7        0x1 ff
 .rodata        0x0000f6a8       0x65 ./rt-thread/src/scheduler.o
 *fill*         0x0000f70d        0x3 ff
 .rodata.__FUNCTION__.2
                0x0000f710       0x1a ./rt-thread/src/scheduler.o
 *fill*         0x0000f72a        0x2 ff
 .rodata.__FUNCTION__.1
                0x0000f72c       0x1a ./rt-thread/src/scheduler.o
 *fill*         0x0000f746        0x2 ff
 .rodata.__FUNCTION__.0
                0x0000f748       0x1a ./rt-thread/src/scheduler.o
 *fill*         0x0000f762        0x2 ff
 .rodata        0x0000f764      0x19f ./rt-thread/src/thread.o
 *fill*         0x0000f903        0x1 ff
 .rodata.__FUNCTION__.10
                0x0000f904       0x10 ./rt-thread/src/thread.o
 .rodata.__FUNCTION__.9
                0x0000f914        0xd ./rt-thread/src/thread.o
 *fill*         0x0000f921        0x3 ff
 .rodata.__FUNCTION__.8
                0x0000f924        0xf ./rt-thread/src/thread.o
 *fill*         0x0000f933        0x1 ff
 .rodata.__FUNCTION__.7
                0x0000f934       0x12 ./rt-thread/src/thread.o
 *fill*         0x0000f946        0x2 ff
 .rodata.__FUNCTION__.6
                0x0000f948       0x11 ./rt-thread/src/thread.o
 *fill*         0x0000f959        0x3 ff
 .rodata.__FUNCTION__.5
                0x0000f95c       0x11 ./rt-thread/src/thread.o
 *fill*         0x0000f96d        0x3 ff
 .rodata.__FUNCTION__.4
                0x0000f970       0x10 ./rt-thread/src/thread.o
 .rodata.__FUNCTION__.2
                0x0000f980       0x12 ./rt-thread/src/thread.o
 *fill*         0x0000f992        0x2 ff
 .rodata.__FUNCTION__.1
                0x0000f994       0x12 ./rt-thread/src/thread.o
 *fill*         0x0000f9a6        0x2 ff
 .rodata.__FUNCTION__.0
                0x0000f9a8       0x11 ./rt-thread/src/thread.o
 *fill*         0x0000f9b9        0x3 ff
 .rodata        0x0000f9bc      0x10e ./rt-thread/src/timer.o
 *fill*         0x0000faca        0x2 ff
 .rodata.__FUNCTION__.7
                0x0000facc        0xe ./rt-thread/src/timer.o
 *fill*         0x0000fada        0x2 ff
 .rodata.__FUNCTION__.6
                0x0000fadc       0x10 ./rt-thread/src/timer.o
 .rodata.__FUNCTION__.3
                0x0000faec        0xf ./rt-thread/src/timer.o
 *fill*         0x0000fafb        0x1 ff
 .rodata.__FUNCTION__.1
                0x0000fafc        0xe ./rt-thread/src/timer.o
 *fill*         0x0000fb0a        0x2 ff
 .rodata.__FUNCTION__.0
                0x0000fb0c       0x11 ./rt-thread/src/timer.o
 *fill*         0x0000fb1d        0x3 ff
 .rodata        0x0000fb20      0x2ce ./rt-thread/libcpu/arm/cortex-m4/cpuport.o
 *fill*         0x0000fdee        0x2 ff
 .rodata        0x0000fdf0      0x5d3 ./rt-thread/components/finsh/cmd.o
 *fill*         0x000103c3        0x1 ff
 .rodata.name   0x000103c4      0x176 ./rt-thread/components/finsh/cmd.o
                0x000103c4                __fsym_clear_name
                0x000103cc                __fsym_clear_desc
                0x000103e8                __fsym_version_name
                0x000103f0                __fsym_version_desc
                0x00010414                __fsym_list_thread_name
                0x00010420                __fsym_list_thread_desc
                0x0001042c                __fsym_list_sem_name
                0x00010438                __fsym_list_sem_desc
                0x00010454                __fsym_list_event_name
                0x00010460                __fsym_list_event_desc
                0x00010478                __fsym_list_mutex_name
                0x00010484                __fsym_list_mutex_desc
                0x0001049c                __fsym_list_mailbox_name
                0x000104ac                __fsym_list_mailbox_desc
                0x000104c4                __fsym_list_msgqueue_name
                0x000104d4                __fsym_list_msgqueue_desc
                0x000104f4                __fsym_list_timer_name
                0x00010500                __fsym_list_timer_desc
                0x00010518                __fsym_list_device_name
                0x00010524                __fsym_list_device_desc
 *fill*         0x0001053a        0x2 ff
 .rodata.device_type_str
                0x0001053c       0x64 ./rt-thread/components/finsh/cmd.o
 .rodata        0x000105a0       0xa8 ./rt-thread/components/finsh/msh.o
 .rodata.name   0x00010648       0x6d ./rt-thread/components/finsh/msh.o
                0x00010648                __fsym_help_name
                0x00010650                __fsym_help_desc
                0x00010668                __fsym_ps_name
                0x0001066c                __fsym_ps_desc
                0x00010688                __fsym_free_name
                0x00010690                __fsym_free_desc
 *fill*         0x000106b5        0x3 ff
 .rodata.__FUNCTION__.0
                0x000106b8        0xe ./rt-thread/components/finsh/msh.o
 *fill*         0x000106c6        0x2 ff
 .rodata        0x000106c8       0x91 ./rt-thread/components/finsh/shell.o
 *fill*         0x00010759        0x3 ff
 .rodata.__FUNCTION__.6
                0x0001075c       0x16 ./rt-thread/components/finsh/shell.o
 *fill*         0x00010772        0x2 ff
 .rodata.__FUNCTION__.5
                0x00010774        0xe ./rt-thread/components/finsh/shell.o
 *fill*         0x00010782        0x2 ff
 .rodata.__FUNCTION__.4
                0x00010784        0xd ./rt-thread/components/finsh/shell.o
 *fill*         0x00010791        0x3 ff
 .rodata.__FUNCTION__.3
                0x00010794       0x11 ./rt-thread/components/finsh/shell.o
 *fill*         0x000107a5        0x3 ff
 .rodata        0x000107a8      0x18b ./rt-thread/components/drivers/serial/serial_v2.o
 *fill*         0x00010933        0x1 ff
 .rodata.__FUNCTION__.18
                0x00010934       0x1c ./rt-thread/components/drivers/serial/serial_v2.o
 .rodata.__FUNCTION__.17
                0x00010950       0x1c ./rt-thread/components/drivers/serial/serial_v2.o
 .rodata.__FUNCTION__.16
                0x0001096c       0x1d ./rt-thread/components/drivers/serial/serial_v2.o
 *fill*         0x00010989        0x3 ff
 .rodata.__FUNCTION__.15
                0x0001098c       0x10 ./rt-thread/components/drivers/serial/serial_v2.o
 .rodata.__FUNCTION__.14
                0x0001099c       0x10 ./rt-thread/components/drivers/serial/serial_v2.o
 .rodata.__FUNCTION__.13
                0x000109ac       0x10 ./rt-thread/components/drivers/serial/serial_v2.o
 .rodata.__FUNCTION__.12
                0x000109bc       0x1e ./rt-thread/components/drivers/serial/serial_v2.o
 *fill*         0x000109da        0x2 ff
 .rodata.__FUNCTION__.11
                0x000109dc       0x1d ./rt-thread/components/drivers/serial/serial_v2.o
 *fill*         0x000109f9        0x3 ff
 .rodata.__FUNCTION__.10
                0x000109fc       0x1c ./rt-thread/components/drivers/serial/serial_v2.o
 .rodata.__FUNCTION__.9
                0x00010a18       0x14 ./rt-thread/components/drivers/serial/serial_v2.o
 .rodata.__FUNCTION__.8
                0x00010a2c       0x14 ./rt-thread/components/drivers/serial/serial_v2.o
 .rodata.__FUNCTION__.7
                0x00010a40       0x15 ./rt-thread/components/drivers/serial/serial_v2.o
 *fill*         0x00010a55        0x3 ff
 .rodata.__FUNCTION__.6
                0x00010a58       0x15 ./rt-thread/components/drivers/serial/serial_v2.o
 *fill*         0x00010a6d        0x3 ff
 .rodata.__FUNCTION__.5
                0x00010a70        0xf ./rt-thread/components/drivers/serial/serial_v2.o
 *fill*         0x00010a7f        0x1 ff
 .rodata.__FUNCTION__.4
                0x00010a80        0xf ./rt-thread/components/drivers/serial/serial_v2.o
 *fill*         0x00010a8f        0x1 ff
 .rodata.__FUNCTION__.3
                0x00010a90       0x10 ./rt-thread/components/drivers/serial/serial_v2.o
 .rodata.__FUNCTION__.2
                0x00010aa0       0x12 ./rt-thread/components/drivers/serial/serial_v2.o
 *fill*         0x00010ab2        0x2 ff
 .rodata.__FUNCTION__.1
                0x00010ab4       0x16 ./rt-thread/components/drivers/serial/serial_v2.o
 *fill*         0x00010aca        0x2 ff
 .rodata.__FUNCTION__.0
                0x00010acc       0x11 ./rt-thread/components/drivers/serial/serial_v2.o
 *fill*         0x00010add        0x3 ff
 .rodata        0x00010ae0       0x37 ./rt-thread/components/drivers/misc/pin.o
 *fill*         0x00010b17        0x1 ff
 .rodata.__FUNCTION__.9
                0x00010b18        0xa ./rt-thread/components/drivers/misc/pin.o
 *fill*         0x00010b22        0x2 ff
 .rodata.__FUNCTION__.8
                0x00010b24        0xb ./rt-thread/components/drivers/misc/pin.o
 *fill*         0x00010b2f        0x1 ff
 .rodata.__FUNCTION__.7
                0x00010b30        0xd ./rt-thread/components/drivers/misc/pin.o
 *fill*         0x00010b3d        0x3 ff
 .rodata.__FUNCTION__.6
                0x00010b40       0x12 ./rt-thread/components/drivers/misc/pin.o
 *fill*         0x00010b52        0x2 ff
 .rodata.__FUNCTION__.4
                0x00010b54       0x12 ./rt-thread/components/drivers/misc/pin.o
 *fill*         0x00010b66        0x2 ff
 .rodata.__FUNCTION__.3
                0x00010b68        0xc ./rt-thread/components/drivers/misc/pin.o
 .rodata.__FUNCTION__.2
                0x00010b74        0xd ./rt-thread/components/drivers/misc/pin.o
 *fill*         0x00010b81        0x3 ff
 .rodata.__FUNCTION__.0
                0x00010b84        0xb ./rt-thread/components/drivers/misc/pin.o
 *fill*         0x00010b8f        0x1 ff
 .rodata        0x00010b90      0x1ab ./rt-thread/components/drivers/misc/rt_drv_pwm.o
 *fill*         0x00010d3b        0x1 ff